[15:21:21] [main/INFO]: Environment: authHost='https://authserver.mojang.com', accountsHost='https://api.mojang.com', sessionHost='https://sessionserver.mojang.com', servicesHost='https://api.minecraftservices.com', name='PROD'
[15:21:21] [main/INFO]: Reloading ResourceManager: Default, bukkit
[15:21:22] [Worker-Main-8/INFO]: Loaded 7 recipes
[15:21:23] [Server thread/INFO]: Starting minecraft server version 1.16.5
[15:21:23] [Server thread/INFO]: Loading properties
[15:21:23] [Server thread/INFO]: This server is running Purpur version git-Purpur-1171 (MC: 1.16.5) (Implementing API version 1.16.5-R0.1-SNAPSHOT)
[15:21:23] [Server thread/INFO]: Debug logging is disabled
[15:21:23] [Server thread/INFO]: Server Ping Player Sample Count: 12
[15:21:23] [Server thread/INFO]: Using 4 threads for Netty based IO
[15:21:23] [Server thread/INFO]: Default game type: SURVIVAL
[15:21:23] [Server thread/INFO]: Generating keypair
[15:21:24] [Server thread/INFO]: Starting Minecraft server on 0.0.0.0:25565
[15:21:24] [Server thread/INFO]: Using default channel type
[15:21:24] [Server thread/INFO]: Tuinity: Using Java 11 compression from Velocity.
[15:21:24] [Server thread/INFO]: Tuinity: Using Java cipher from Velocity.
[15:21:24] [Server thread/ERROR]: Ambiguous plugin name `Triton' for files `plugins\Triton-v3.12.1.jar' and `plugins\Triton-3.12.4-all.jar' in `plugins'
[15:21:24] [Server thread/WARN]: Initializing Legacy Material Support. Unless you have legacy plugins and/or data this is a bug!
[15:21:27] [Server thread/WARN]: Legacy plugin MultiWorld v5.2.8 does not specify an api-version.
[15:21:27] [Server thread/INFO]: [LagFixer] Loading 3 libraries... please wait
[15:21:27] [Server thread/INFO]: [LagFixer] Loaded library D:\черные делишки\FT-1.0.9\FunTime - 1.0.9\libraries\org\apache\commons\commons-lang3\3.17.0\commons-lang3-3.17.0.jar
[15:21:27] [Server thread/INFO]: [LagFixer] Loaded library D:\черные делишки\FT-1.0.9\FunTime - 1.0.9\libraries\commons-io\commons-io\2.19.0\commons-io-2.19.0.jar
[15:21:27] [Server thread/INFO]: [LagFixer] Loaded library D:\черные делишки\FT-1.0.9\FunTime - 1.0.9\libraries\com\github\oshi\oshi-core\6.8.0\oshi-core-6.8.0.jar
[15:21:27] [Server thread/INFO]: [LagFixer] Loaded library D:\черные делишки\FT-1.0.9\FunTime - 1.0.9\libraries\net\java\dev\jna\jna\5.17.0\jna-5.17.0.jar
[15:21:27] [Server thread/INFO]: [LagFixer] Loaded library D:\черные делишки\FT-1.0.9\FunTime - 1.0.9\libraries\net\java\dev\jna\jna-platform\5.17.0\jna-platform-5.17.0.jar
[15:21:27] [Server thread/INFO]: [LagFixer] Loaded library D:\черные делишки\FT-1.0.9\FunTime - 1.0.9\libraries\org\slf4j\slf4j-api\2.0.17\slf4j-api-2.0.17.jar
[15:21:27] [Server thread/WARN]: Legacy plugin WorldBorder v1.8.7 does not specify an api-version.
[15:21:27] [Server thread/INFO]: [PlayerPoints] Loading 2 libraries... please wait
[15:21:27] [Server thread/INFO]: [PlayerPoints] Loaded library D:\черные делишки\FT-1.0.9\FunTime - 1.0.9\libraries\com\mysql\mysql-connector-j\9.1.0\mysql-connector-j-9.1.0.jar
[15:21:27] [Server thread/INFO]: [PlayerPoints] Loaded library D:\черные делишки\FT-1.0.9\FunTime - 1.0.9\libraries\com\google\protobuf\protobuf-java\4.26.1\protobuf-java-4.26.1.jar
[15:21:27] [Server thread/INFO]: [PlayerPoints] Loaded library D:\черные делишки\FT-1.0.9\FunTime - 1.0.9\libraries\org\xerial\sqlite-jdbc\3.46.0.0\sqlite-jdbc-3.46.0.0.jar
[15:21:27] [Server thread/INFO]: [PlayerPoints] Loaded library D:\черные делишки\FT-1.0.9\FunTime - 1.0.9\libraries\org\slf4j\slf4j-api\1.7.36\slf4j-api-1.7.36.jar
[15:26:18] [Server thread/WARN]: Legacy plugin BetterTalismans-v0.8-BETA v1.0 does not specify an api-version.
[15:26:55] [Server thread/WARN]: Legacy plugin acubelets-2.5.1 v1.0 does not specify an api-version.
[15:27:19] [Server thread/WARN]: Legacy plugin ajLeaderboards-2.10.1 v1.0 does not specify an api-version.
[15:27:44] [Server thread/WARN]: Legacy plugin BLib-1.0.9 v1.0 does not specify an api-version.
[15:28:09] [Server thread/WARN]: Legacy plugin DevKillerMoney v1.0.0 does not specify an api-version.
[15:28:09] [Server thread/WARN]: Legacy plugin DevCooldown v1.0.4 does not specify an api-version.
[15:28:09] [Server thread/WARN]: Legacy plugin antiRedstoneClock-1.5.0 v1.0 does not specify an api-version.
[15:28:33] [Server thread/WARN]: Legacy plugin BetterRTP-3.6.13 v1.0 does not specify an api-version.
[15:28:57] [Server thread/WARN]: Legacy plugin AdvancedEnchantments-9.1.5 v1.0 does not specify an api-version.
[15:29:22] [Server thread/ERROR]: Could not load 'plugins\BAuction-1.3.1-ru.jar' in folder 'plugins'
org.bukkit.plugin.UnknownDependencyException: Unknown/missing dependency plugins: [BLib]. Please download and install these plugins to run 'BAuction'.
	at org.bukkit.plugin.SimplePluginManager.loadPlugins(SimplePluginManager.java:291) ~[patched_1.16.5.jar:git-Purpur-1171]
	at org.bukkit.craftbukkit.v1_16_R3.CraftServer.loadPlugins(CraftServer.java:393) ~[patched_1.16.5.jar:git-Purpur-1171]
	at net.minecraft.server.v1_16_R3.DedicatedServer.init(DedicatedServer.java:279) ~[patched_1.16.5.jar:git-Purpur-1171]
	at net.minecraft.server.v1_16_R3.MinecraftServer.w(MinecraftServer.java:1074) ~[patched_1.16.5.jar:git-Purpur-1171]
	at net.minecraft.server.v1_16_R3.MinecraftServer.lambda$a$0(MinecraftServer.java:293) ~[patched_1.16.5.jar:git-Purpur-1171]
	at java.lang.Thread.run(Thread.java:842) [?:?]
[15:29:22] [Server thread/WARN]: Legacy plugin AbstractMenus-1.16.7 v1.0 does not specify an api-version.
[15:29:47] [Server thread/WARN]: Legacy plugin BattlePass-4.3.6 v1.0 does not specify an api-version.
