[13:16:49] [Server thread/INFO]: Enabling BAuction v1.3.1
[13:16:49] [Server thread/INFO]: [DEBUG] enable checkUpdate
[13:16:49] [Server thread/INFO]: [DEBUG] enable enable BMenuApi
[13:16:49] [Server thread/INFO]: [DEBUG] enable load MenuLoader
[13:16:49] [Server thread/INFO]: [DEBUG] enable load db cfg
[13:16:49] [Server thread/INFO]: [DEBUG] enable registerAdapters
[13:16:49] [Server thread/INFO]: [DEBUG] enable load UniqueNameGenerator
[13:16:49] [Server thread/INFO]: [DEBUG] enable load cfg
[13:16:49] [Server thread/INFO]: [DEBUG] enable load assetsManager
[13:16:49] [Server thread/INFO]: [DEBUG] enable load lang
[13:16:49] [Server thread/INFO]: [DEBUG] enable load logger
[13:16:49] [Server thread/INFO]: [DEBUG] enable load event manager
[13:16:49] [Server thread/INFO]: [DEBUG] enable load time util
[13:16:49] [Server thread/INFO]: [DEBUG] enable load TrieManager
[13:16:49] [Server thread/INFO]: [DEBUG] enable load econ
[13:16:49] [Server thread/INFO]: [DEBUG] enable load PAPI hook
[13:16:49] [Server thread/INFO]: [DEBUG] enable load black list
[13:16:49] [Server thread/INFO]: [DEBUG] enable load db
[13:16:49] [Server thread/INFO]: [DEBUG] enable check version
[13:16:49] [Server thread/INFO]: [DEBUG] enable init commands
[13:16:50] [bauc File Db loader/INFO]: Успешно загружено 0 предметов за 366 мс.
