[16:56:10] [Server thread/INFO]: Enabling BAuction v1.3.1
[16:56:10] [Server thread/INFO]: [DEBUG] enable checkUpdate
[16:56:10] [Server thread/INFO]: [DEBUG] enable enable BMenuApi
[16:56:10] [Server thread/INFO]: [DEBUG] enable load MenuLoader
[16:56:10] [Server thread/INFO]: [DEBUG] enable load db cfg
[16:56:10] [Server thread/INFO]: [DEBUG] enable registerAdapters
[16:56:10] [Server thread/INFO]: [DEBUG] enable load UniqueNameGenerator
[16:56:10] [Server thread/INFO]: [DEBUG] enable load cfg
[16:56:10] [Server thread/INFO]: [DEBUG] enable load assetsManager
[16:56:11] [Server thread/INFO]: [DEBUG] enable load lang
[16:56:11] [Server thread/INFO]: [DEBUG] enable load logger
[16:56:11] [Server thread/INFO]: [DEBUG] enable load event manager
[16:56:11] [Server thread/INFO]: [DEBUG] enable load time util
[16:56:11] [Server thread/INFO]: [DEBUG] enable load TrieManager
[16:56:11] [Server thread/INFO]: [DEBUG] enable load econ
[16:56:11] [Server thread/INFO]: [DEBUG] enable load PAPI hook
[16:56:11] [Server thread/INFO]: [DEBUG] enable load black list
[16:56:11] [Server thread/INFO]: [DEBUG] enable load db
[16:56:11] [Server thread/INFO]: [DEBUG] enable check version
[16:56:11] [Server thread/INFO]: [DEBUG] enable init commands
[16:56:11] [bauc File Db loader/INFO]: Успешно загружено 0 предметов за 23 мс.
[16:58:06] [Server thread/INFO]: Disabling BAuction v1.3.1
[16:58:06] [Server thread/INFO]: [DEBUG] disable disable PAPI hook
[16:58:06] [Server thread/INFO]: [DEBUG] disable disable logger
[16:58:06] [Server thread/INFO]: [DEBUG] disable disable BMenuApi
[16:58:06] [Server thread/INFO]: [DEBUG] disable disable db
[16:58:06] [Server thread/INFO]: saved 0 items, 1 users and 0 unsold items in 7 ms
[16:58:06] [Server thread/INFO]: [DEBUG] disable unregisterAdapters
