[12:33:02] [Server thread/INFO]: Enabling BAuction v1.3.1
[12:33:02] [Server thread/INFO]: [DEBUG] enable checkUpdate
[12:33:02] [Server thread/INFO]: [DEBUG] enable enable BMenuApi
[12:33:02] [Server thread/INFO]: [DEBUG] enable load MenuLoader
[12:33:02] [Server thread/INFO]: [DEBUG] enable load db cfg
[12:33:02] [Server thread/INFO]: [DEBUG] enable registerAdapters
[12:33:02] [Server thread/INFO]: [DEBUG] enable load UniqueNameGenerator
[12:33:02] [Server thread/INFO]: [DEBUG] enable load cfg
[12:33:02] [Server thread/INFO]: [DEBUG] enable load assetsManager
[12:33:02] [Server thread/INFO]: [DEBUG] enable load lang
[12:33:02] [Server thread/INFO]: [DEBUG] enable load logger
[12:33:02] [Server thread/INFO]: [DEBUG] enable load event manager
[12:33:02] [Server thread/INFO]: [DEBUG] enable load time util
[12:33:02] [Server thread/INFO]: [DEBUG] enable load TrieManager
[12:33:02] [Server thread/INFO]: [DEBUG] enable load econ
[12:33:02] [Server thread/INFO]: [DEBUG] enable load PAPI hook
[12:33:02] [Server thread/INFO]: [DEBUG] enable load black list
[12:33:02] [Server thread/INFO]: [DEBUG] enable load db
[12:33:02] [Server thread/INFO]: [DEBUG] enable check version
[12:33:02] [Server thread/INFO]: [DEBUG] enable init commands
[12:33:02] [bauc File Db loader/INFO]: Успешно загружено 0 предметов за 24 мс.
[12:33:56] [Server thread/INFO]: Disabling BAuction v1.3.1
[12:33:56] [Server thread/INFO]: [DEBUG] disable disable PAPI hook
[12:33:56] [Server thread/INFO]: [DEBUG] disable disable logger
[12:33:56] [Server thread/INFO]: [DEBUG] disable disable BMenuApi
[12:33:56] [Server thread/INFO]: [DEBUG] disable disable db
[12:33:56] [Server thread/INFO]: saved 0 items, 1 users and 0 unsold items in 6 ms
[12:33:56] [Server thread/INFO]: [DEBUG] disable unregisterAdapters
