[19:24:15] [Server thread/INFO]: Enabling BAuction v1.3.1
[19:24:15] [Server thread/INFO]: [DEBUG] enable checkUpdate
[19:24:15] [Server thread/INFO]: [DEBUG] enable enable BMenuApi
[19:24:15] [Server thread/INFO]: [DEBUG] enable load MenuLoader
[19:24:15] [Server thread/INFO]: [DEBUG] enable load db cfg
[19:24:15] [Server thread/INFO]: [DEBUG] enable registerAdapters
[19:24:15] [Server thread/INFO]: [DEBUG] enable load UniqueNameGenerator
[19:24:15] [Server thread/INFO]: [DEBUG] enable load cfg
[19:24:15] [Server thread/INFO]: [DEBUG] enable load assetsManager
[19:24:15] [Server thread/INFO]: [DEBUG] enable load lang
[19:24:15] [Server thread/INFO]: [DEBUG] enable load logger
[19:24:15] [Server thread/INFO]: [DEBUG] enable load event manager
[19:24:15] [Server thread/INFO]: [DEBUG] enable load time util
[19:24:15] [Server thread/INFO]: [DEBUG] enable load TrieManager
[19:24:15] [Server thread/INFO]: [DEBUG] enable load econ
[19:24:15] [Server thread/INFO]: [DEBUG] enable load PAPI hook
[19:24:15] [Server thread/INFO]: [DEBUG] enable load black list
[19:24:15] [Server thread/INFO]: [DEBUG] enable load db
[19:24:15] [Server thread/INFO]: [DEBUG] enable check version
[19:24:15] [Server thread/INFO]: [DEBUG] enable init commands
[19:24:15] [bauc File Db loader/INFO]: Успешно загружено 0 предметов за 22 мс.
