[18:30:37] [Server thread/INFO]: Enabling BAuction v1.3.1
[18:30:37] [Server thread/INFO]: [DEBUG] enable checkUpdate
[18:30:38] [Server thread/INFO]: [DEBUG] enable enable BMenuApi
[18:30:38] [Server thread/INFO]: [DEBUG] enable load MenuLoader
[18:30:38] [Server thread/INFO]: [DEBUG] enable load db cfg
[18:30:38] [Server thread/INFO]: [DEBUG] enable registerAdapters
[18:30:38] [Server thread/INFO]: [DEBUG] enable load UniqueNameGenerator
[18:30:38] [Server thread/INFO]: [DEBUG] enable load cfg
[18:30:38] [Server thread/INFO]: [DEBUG] enable load assetsManager
[18:30:38] [Server thread/INFO]: [DEBUG] enable load lang
[18:30:38] [Server thread/INFO]: [DEBUG] enable load logger
[18:30:38] [Server thread/INFO]: [DEBUG] enable load event manager
[18:30:38] [Server thread/INFO]: [DEBUG] enable load time util
[18:30:38] [Server thread/INFO]: [DEBUG] enable load TrieManager
[18:30:38] [Server thread/INFO]: [DEBUG] enable load econ
[18:30:38] [Server thread/INFO]: [DEBUG] enable load PAPI hook
[18:30:38] [Server thread/INFO]: [DEBUG] enable load black list
[18:30:38] [Server thread/INFO]: [DEBUG] enable load db
[18:30:38] [Server thread/INFO]: [DEBUG] enable check version
[18:30:38] [Server thread/INFO]: [DEBUG] enable init commands
[18:30:38] [bauc File Db loader/INFO]: Успешно загружено 0 предметов за 40 мс.
