[22:09:07] [Server thread/INFO]: Enabling BAuction v1.3.1
[22:09:07] [Server thread/INFO]: [DEBUG] enable checkUpdate
[22:09:07] [Server thread/INFO]: [DEBUG] enable enable BMenuApi
[22:09:07] [Server thread/INFO]: [DEBUG] enable load MenuLoader
[22:09:07] [Server thread/INFO]: [DEBUG] enable load db cfg
[22:09:07] [Server thread/INFO]: [DEBUG] enable registerAdapters
[22:09:07] [Server thread/INFO]: [DEBUG] enable load UniqueNameGenerator
[22:09:07] [Server thread/INFO]: [DEBUG] enable load cfg
[22:09:07] [Server thread/INFO]: [DEBUG] enable load assetsManager
[22:09:07] [Server thread/INFO]: [DEBUG] enable load lang
[22:09:07] [Server thread/INFO]: [DEBUG] enable load logger
[22:09:07] [Server thread/INFO]: [DEBUG] enable load event manager
[22:09:07] [Server thread/INFO]: [DEBUG] enable load time util
[22:09:07] [Server thread/INFO]: [DEBUG] enable load TrieManager
[22:09:07] [Server thread/INFO]: [DEBUG] enable load econ
[22:09:07] [Server thread/INFO]: [DEBUG] enable load PAPI hook
[22:09:07] [Server thread/INFO]: [DEBUG] enable load black list
[22:09:07] [Server thread/INFO]: [DEBUG] enable load db
[22:09:07] [Server thread/INFO]: [DEBUG] enable check version
[22:09:07] [Server thread/INFO]: [DEBUG] enable init commands
[22:09:07] [bauc File Db loader/INFO]: Успешно загружено 0 предметов за 24 мс.
[22:48:46] [Server thread/INFO]: Disabling BAuction v1.3.1
[22:48:46] [Server thread/INFO]: [DEBUG] disable disable PAPI hook
[22:48:46] [Server thread/INFO]: [DEBUG] disable disable logger
[22:48:46] [Server thread/INFO]: [DEBUG] disable disable BMenuApi
[22:48:46] [Server thread/INFO]: [DEBUG] disable disable db
[22:48:46] [Server thread/INFO]: saved 0 items, 1 users and 0 unsold items in 10 ms
[22:48:46] [Server thread/INFO]: [DEBUG] disable unregisterAdapters
