[12:39:58] [Server thread/INFO]: Enabling BAuction v1.3.1
[12:39:58] [Server thread/INFO]: [DEBUG] enable checkUpdate
[12:39:58] [Server thread/INFO]: [DEBUG] enable enable BMenuApi
[12:39:58] [Server thread/INFO]: [DEBUG] enable load MenuLoader
[12:39:58] [Server thread/INFO]: [DEBUG] enable load db cfg
[12:39:58] [Server thread/INFO]: [DEBUG] enable registerAdapters
[12:39:58] [Server thread/INFO]: [DEBUG] enable load UniqueNameGenerator
[12:39:58] [Server thread/INFO]: [DEBUG] enable load cfg
[12:39:58] [Server thread/INFO]: [DEBUG] enable load assetsManager
[12:39:59] [Server thread/INFO]: [DEBUG] enable load lang
[12:39:59] [Server thread/INFO]: [DEBUG] enable load logger
[12:39:59] [Server thread/INFO]: [DEBUG] enable load event manager
[12:39:59] [Server thread/INFO]: [DEBUG] enable load time util
[12:39:59] [Server thread/INFO]: [DEBUG] enable load TrieManager
[12:39:59] [Server thread/INFO]: [DEBUG] enable load econ
[12:39:59] [Server thread/INFO]: [DEBUG] enable load PAPI hook
[12:39:59] [Server thread/INFO]: [DEBUG] enable load black list
[12:39:59] [Server thread/INFO]: [DEBUG] enable load db
[12:39:59] [Server thread/INFO]: [DEBUG] enable check version
[12:39:59] [Server thread/INFO]: [DEBUG] enable init commands
[12:39:59] [bauc File Db loader/INFO]: Успешно загружено 0 предметов за 45 мс.
[13:26:46] [Server thread/INFO]: Disabling BAuction v1.3.1
[13:26:46] [Server thread/INFO]: [DEBUG] disable disable PAPI hook
[13:26:46] [Server thread/INFO]: [DEBUG] disable disable logger
[13:26:46] [Server thread/INFO]: [DEBUG] disable disable BMenuApi
[13:26:46] [Server thread/INFO]: [DEBUG] disable disable db
[13:26:46] [Server thread/INFO]: saved 0 items, 1 users and 0 unsold items in 18 ms
[13:26:46] [Server thread/INFO]: [DEBUG] disable unregisterAdapters
