[15:46:17] [Server thread/INFO]: Enabling BAuction v1.3.1
[15:46:17] [Server thread/INFO]: [DEBUG] enable checkUpdate
[15:46:17] [Server thread/INFO]: [DEBUG] enable enable BMenuApi
[15:46:17] [Server thread/INFO]: [DEBUG] enable load MenuLoader
[15:46:17] [Server thread/INFO]: [DEBUG] enable load db cfg
[15:46:18] [Server thread/INFO]: [DEBUG] enable registerAdapters
[15:46:18] [Server thread/INFO]: [DEBUG] enable load UniqueNameGenerator
[15:46:18] [Server thread/INFO]: [DEBUG] enable load cfg
[15:46:18] [Server thread/INFO]: [DEBUG] enable load assetsManager
[15:46:18] [Server thread/INFO]: [DEBUG] enable load lang
[15:46:18] [Server thread/INFO]: [DEBUG] enable load logger
[15:46:18] [Server thread/INFO]: [DEBUG] enable load event manager
[15:46:18] [Server thread/INFO]: [DEBUG] enable load time util
[15:46:18] [Server thread/INFO]: [DEBUG] enable load TrieManager
[15:46:18] [Server thread/INFO]: [DEBUG] enable load econ
[15:46:18] [Server thread/INFO]: [DEBUG] enable load PAPI hook
[15:46:18] [Server thread/INFO]: [DEBUG] enable load black list
[15:46:18] [Server thread/INFO]: [DEBUG] enable load db
[15:46:18] [Server thread/INFO]: [DEBUG] enable check version
[15:46:18] [Server thread/INFO]: [DEBUG] enable init commands
[15:46:18] [bauc File Db loader/INFO]: Успешно загружено 0 предметов за 43 мс.
[16:07:35] [Server thread/INFO]: Disabling BAuction v1.3.1
[16:07:36] [Server thread/INFO]: [DEBUG] disable disable PAPI hook
[16:07:36] [Server thread/INFO]: [DEBUG] disable disable logger
[16:07:36] [Server thread/INFO]: [DEBUG] disable disable BMenuApi
[16:07:36] [Server thread/INFO]: [DEBUG] disable disable db
[16:07:36] [Server thread/INFO]: saved 0 items, 1 users and 0 unsold items in 8 ms
[16:07:36] [Server thread/INFO]: [DEBUG] disable unregisterAdapters
