[14:07:11] [Server thread/INFO]: Enabling BAuction v1.3.1
[14:07:11] [Server thread/INFO]: [DEBUG] enable checkUpdate
[14:07:11] [Server thread/INFO]: [DEBUG] enable enable BMenuApi
[14:07:11] [Server thread/INFO]: [DEBUG] enable load MenuLoader
[14:07:11] [Server thread/INFO]: [DEBUG] enable load db cfg
[14:07:11] [Server thread/INFO]: [DEBUG] enable registerAdapters
[14:07:11] [Server thread/INFO]: [DEBUG] enable load UniqueNameGenerator
[14:07:11] [Server thread/INFO]: [DEBUG] enable load cfg
[14:07:11] [Server thread/INFO]: [DEBUG] enable load assetsManager
[14:07:12] [Server thread/INFO]: [DEBUG] enable load lang
[14:07:12] [Server thread/INFO]: [DEBUG] enable load logger
[14:07:12] [Server thread/INFO]: [DEBUG] enable load event manager
[14:07:12] [Server thread/INFO]: [DEBUG] enable load time util
[14:07:12] [Server thread/INFO]: [DEBUG] enable load TrieManager
[14:07:12] [Server thread/INFO]: [DEBUG] enable load econ
[14:07:12] [Server thread/INFO]: [DEBUG] enable load PAPI hook
[14:07:12] [Server thread/INFO]: [DEBUG] enable load black list
[14:07:12] [Server thread/INFO]: [DEBUG] enable load db
[14:07:12] [Server thread/INFO]: [DEBUG] enable check version
[14:07:12] [Server thread/INFO]: [DEBUG] enable init commands
[14:07:12] [bauc File Db loader/INFO]: Успешно загружено 0 предметов за 18 мс.
