[21:21:38] [Server thread/INFO]: Enabling BAuction v1.3.1
[21:21:38] [Server thread/INFO]: [DEBUG] enable checkUpdate
[21:21:38] [Server thread/INFO]: [DEBUG] enable enable BMenuApi
[21:21:38] [Server thread/INFO]: [DEBUG] enable load MenuLoader
[21:21:38] [Server thread/INFO]: [DEBUG] enable load db cfg
[21:21:38] [Server thread/INFO]: [DEBUG] enable registerAdapters
[21:21:38] [Server thread/INFO]: [DEBUG] enable load UniqueNameGenerator
[21:21:38] [Server thread/INFO]: [DEBUG] enable load cfg
[21:21:38] [Server thread/INFO]: [DEBUG] enable load assetsManager
[21:21:38] [Server thread/INFO]: [DEBUG] enable load lang
[21:21:38] [Server thread/INFO]: [DEBUG] enable load logger
[21:21:38] [Server thread/INFO]: [DEBUG] enable load event manager
[21:21:38] [Server thread/INFO]: [DEBUG] enable load time util
[21:21:38] [Server thread/INFO]: [DEBUG] enable load TrieManager
[21:21:38] [Server thread/INFO]: [DEBUG] enable load econ
[21:21:38] [Server thread/INFO]: [DEBUG] enable load PAPI hook
[21:21:38] [Server thread/INFO]: [DEBUG] enable load black list
[21:21:38] [Server thread/INFO]: [DEBUG] enable load db
[21:21:38] [Server thread/INFO]: [DEBUG] enable check version
[21:21:38] [Server thread/INFO]: [DEBUG] enable init commands
[21:21:38] [bauc File Db loader/INFO]: Успешно загружено 0 предметов за 58 мс.
[21:45:27] [Server thread/INFO]: Disabling BAuction v1.3.1
[21:45:27] [Server thread/INFO]: [DEBUG] disable disable PAPI hook
[21:45:27] [Server thread/INFO]: [DEBUG] disable disable logger
[21:45:27] [Server thread/INFO]: [DEBUG] disable disable BMenuApi
[21:45:27] [Server thread/INFO]: [DEBUG] disable disable db
[21:45:27] [Server thread/INFO]: saved 0 items, 1 users and 0 unsold items in 12 ms
[21:45:27] [Server thread/INFO]: [DEBUG] disable unregisterAdapters
