[12:15:21] [Server thread/INFO]: Enabling BAuction v1.3.1
[12:15:21] [Server thread/INFO]: [DEBUG] enable checkUpdate
[12:15:21] [Server thread/INFO]: [DEBUG] enable enable BMenuApi
[12:15:21] [Server thread/INFO]: [DEBUG] enable load MenuLoader
[12:15:21] [Server thread/INFO]: [DEBUG] enable load db cfg
[12:15:21] [Server thread/INFO]: [DEBUG] enable registerAdapters
[12:15:21] [Server thread/INFO]: [DEBUG] enable load UniqueNameGenerator
[12:15:21] [Server thread/INFO]: [DEBUG] enable load cfg
[12:15:21] [Server thread/INFO]: [DEBUG] enable load assetsManager
[12:15:21] [Server thread/INFO]: [DEBUG] enable load lang
[12:15:21] [Server thread/INFO]: [DEBUG] enable load logger
[12:15:21] [Server thread/INFO]: [DEBUG] enable load event manager
[12:15:21] [Server thread/INFO]: [DEBUG] enable load time util
[12:15:21] [Server thread/INFO]: [DEBUG] enable load TrieManager
[12:15:21] [Server thread/INFO]: [DEBUG] enable load econ
[12:15:21] [Server thread/INFO]: [DEBUG] enable load PAPI hook
[12:15:21] [Server thread/INFO]: [DEBUG] enable load black list
[12:15:21] [Server thread/INFO]: [DEBUG] enable load db
[12:15:21] [Server thread/INFO]: [DEBUG] enable check version
[12:15:21] [Server thread/INFO]: [DEBUG] enable init commands
[12:15:22] [bauc File Db loader/INFO]: Успешно загружено 0 предметов за 44 мс.
[12:27:00] [Server thread/INFO]: Disabling BAuction v1.3.1
[12:27:00] [Server thread/INFO]: [DEBUG] disable disable PAPI hook
[12:27:00] [Server thread/INFO]: [DEBUG] disable disable logger
[12:27:00] [Server thread/INFO]: [DEBUG] disable disable BMenuApi
[12:27:00] [Server thread/INFO]: [DEBUG] disable disable db
[12:27:00] [Server thread/INFO]: saved 0 items, 1 users and 0 unsold items in 14 ms
[12:27:00] [Server thread/INFO]: [DEBUG] disable unregisterAdapters
