[08:17:37] [Server thread/INFO]: Enabling BAuction v1.3.1
[08:17:37] [Server thread/INFO]: [DEBUG] enable checkUpdate
[08:17:37] [Server thread/INFO]: [DEBUG] enable enable BMenuApi
[08:17:37] [Server thread/INFO]: [DEBUG] enable load MenuLoader
[08:17:37] [Server thread/INFO]: [DEBUG] enable load db cfg
[08:17:37] [Server thread/INFO]: [DEBUG] enable registerAdapters
[08:17:37] [Server thread/INFO]: [DEBUG] enable load UniqueNameGenerator
[08:17:37] [Server thread/INFO]: [DEBUG] enable load cfg
[08:17:37] [Server thread/INFO]: [DEBUG] enable load assetsManager
[08:17:37] [Server thread/INFO]: [DEBUG] enable load lang
[08:17:37] [Server thread/INFO]: [DEBUG] enable load logger
[08:17:37] [Server thread/INFO]: [DEBUG] enable load event manager
[08:17:37] [Server thread/INFO]: [DEBUG] enable load time util
[08:17:37] [Server thread/INFO]: [DEBUG] enable load TrieManager
[08:17:37] [Server thread/INFO]: [DEBUG] enable load econ
[08:17:37] [Server thread/INFO]: [DEBUG] enable load PAPI hook
[08:17:37] [Server thread/INFO]: [DEBUG] enable load black list
[08:17:37] [Server thread/INFO]: [DEBUG] enable load db
[08:17:37] [Server thread/INFO]: [DEBUG] enable check version
[08:17:37] [Server thread/INFO]: [DEBUG] enable init commands
[08:17:37] [bauc File Db loader/INFO]: Успешно загружено 0 предметов за 20 мс.
[08:32:24] [Server thread/INFO]: Disabling BAuction v1.3.1
[08:32:24] [Server thread/INFO]: [DEBUG] disable disable PAPI hook
[08:32:24] [Server thread/INFO]: [DEBUG] disable disable logger
[08:32:24] [Server thread/INFO]: [DEBUG] disable disable BMenuApi
[08:32:24] [Server thread/INFO]: [DEBUG] disable disable db
[08:32:24] [Server thread/INFO]: saved 0 items, 2 users and 0 unsold items in 2 ms
[08:32:24] [Server thread/INFO]: [DEBUG] disable unregisterAdapters
