[03:00:10] [Server thread/INFO]: Enabling BAuction v1.3.1
[03:00:10] [Server thread/INFO]: [DEBUG] enable checkUpdate
[03:00:10] [Server thread/INFO]: [DEBUG] enable enable BMenuApi
[03:00:10] [Server thread/INFO]: [DEBUG] enable load MenuLoader
[03:00:10] [Server thread/INFO]: [DEBUG] enable load db cfg
[03:00:10] [Server thread/INFO]: [DEBUG] enable registerAdapters
[03:00:10] [Server thread/INFO]: [DEBUG] enable load UniqueNameGenerator
[03:00:10] [Server thread/INFO]: [DEBUG] enable load cfg
[03:00:10] [Server thread/INFO]: [DEBUG] enable load assetsManager
[03:00:10] [Server thread/INFO]: [DEBUG] enable load lang
[03:00:10] [Server thread/INFO]: [DEBUG] enable load logger
[03:00:10] [Server thread/INFO]: [DEBUG] enable load event manager
[03:00:10] [Server thread/INFO]: [DEBUG] enable load time util
[03:00:10] [Server thread/INFO]: [DEBUG] enable load TrieManager
[03:00:10] [Server thread/INFO]: [DEBUG] enable load econ
[03:00:10] [Server thread/INFO]: [DEBUG] enable load PAPI hook
[03:00:10] [Server thread/INFO]: [DEBUG] enable load black list
[03:00:10] [Server thread/INFO]: [DEBUG] enable load db
[03:00:10] [Server thread/INFO]: [DEBUG] enable check version
[03:00:10] [Server thread/INFO]: [DEBUG] enable init commands
[03:00:10] [bauc File Db loader/INFO]: Успешно загружено 0 предметов за 19 мс.
[04:41:17] [Server thread/INFO]: [DEBUG] CraftPlayer{name=for_users} use command ah 
[06:03:54] [Server thread/INFO]: [DEBUG] CraftPlayer{name=for_users} use command ah 
[06:15:25] [Server thread/INFO]: Disabling BAuction v1.3.1
[06:15:25] [Server thread/INFO]: [DEBUG] disable disable PAPI hook
[06:15:25] [Server thread/INFO]: [DEBUG] disable disable logger
[06:15:25] [Server thread/INFO]: [DEBUG] disable disable BMenuApi
[06:15:25] [Server thread/INFO]: [DEBUG] disable disable db
[06:15:25] [Server thread/INFO]: saved 0 items, 2 users and 0 unsold items in 3 ms
[06:15:25] [Server thread/INFO]: [DEBUG] disable unregisterAdapters
