[07:48:40] [Server thread/INFO]: Enabling BAuction v1.3.1
[07:48:40] [Server thread/INFO]: [DEBUG] enable checkUpdate
[07:48:40] [Server thread/INFO]: [DEBUG] enable enable BMenuApi
[07:48:40] [Server thread/INFO]: [DEBUG] enable load MenuLoader
[07:48:40] [Server thread/INFO]: [DEBUG] enable load db cfg
[07:48:40] [Server thread/INFO]: [DEBUG] enable registerAdapters
[07:48:40] [Server thread/INFO]: [DEBUG] enable load UniqueNameGenerator
[07:48:40] [Server thread/INFO]: [DEBUG] enable load cfg
[07:48:40] [Server thread/INFO]: [DEBUG] enable load assetsManager
[07:48:40] [Server thread/INFO]: [DEBUG] enable load lang
[07:48:40] [Server thread/INFO]: [DEBUG] enable load logger
[07:48:40] [Server thread/INFO]: [DEBUG] enable load event manager
[07:48:40] [Server thread/INFO]: [DEBUG] enable load time util
[07:48:40] [Server thread/INFO]: [DEBUG] enable load TrieManager
[07:48:40] [Server thread/INFO]: [DEBUG] enable load econ
[07:48:40] [Server thread/INFO]: [DEBUG] enable load PAPI hook
[07:48:40] [Server thread/INFO]: [DEBUG] enable load black list
[07:48:40] [Server thread/INFO]: [DEBUG] enable load db
[07:48:40] [Server thread/INFO]: [DEBUG] enable check version
[07:48:40] [Server thread/INFO]: [DEBUG] enable init commands
[07:48:40] [bauc File Db loader/INFO]: Успешно загружено 0 предметов за 11 мс.
