[08:45:19] [Server thread/INFO]: Enabling BAuction v1.3.1
[08:45:19] [Server thread/INFO]: [DEBUG] enable checkUpdate
[08:45:19] [Server thread/INFO]: [DEBUG] enable enable BMenuApi
[08:45:19] [Server thread/INFO]: [DEBUG] enable load MenuLoader
[08:45:19] [Server thread/INFO]: [DEBUG] enable load db cfg
[08:45:19] [Server thread/INFO]: [DEBUG] enable registerAdapters
[08:45:19] [Server thread/INFO]: [DEBUG] enable load UniqueNameGenerator
[08:45:19] [Server thread/INFO]: [DEBUG] enable load cfg
[08:45:19] [Server thread/INFO]: [DEBUG] enable load assetsManager
[08:45:19] [Server thread/INFO]: [DEBUG] enable load lang
[08:45:19] [Server thread/INFO]: [DEBUG] enable load logger
[08:45:19] [Server thread/INFO]: [DEBUG] enable load event manager
[08:45:19] [Server thread/INFO]: [DEBUG] enable load time util
[08:45:19] [Server thread/INFO]: [DEBUG] enable load TrieManager
[08:45:19] [Server thread/INFO]: [DEBUG] enable load econ
[08:45:19] [Server thread/INFO]: [DEBUG] enable load PAPI hook
[08:45:19] [Server thread/INFO]: [DEBUG] enable load black list
[08:45:19] [Server thread/INFO]: [DEBUG] enable load db
[08:45:19] [Server thread/INFO]: [DEBUG] enable check version
[08:45:19] [Server thread/INFO]: [DEBUG] enable init commands
[08:45:19] [bauc File Db loader/INFO]: Успешно загружено 0 предметов за 16 мс.
