[06:16:31] [Server thread/INFO]: Enabling BAuction v1.3.1
[06:16:31] [Server thread/INFO]: [DEBUG] enable checkUpdate
[06:16:31] [Server thread/INFO]: [DEBUG] enable enable BMenuApi
[06:16:31] [Server thread/INFO]: [DEBUG] enable load MenuLoader
[06:16:31] [Server thread/INFO]: [DEBUG] enable load db cfg
[06:16:31] [Server thread/INFO]: [DEBUG] enable registerAdapters
[06:16:31] [Server thread/INFO]: [DEBUG] enable load UniqueNameGenerator
[06:16:31] [Server thread/INFO]: [DEBUG] enable load cfg
[06:16:31] [Server thread/INFO]: [DEBUG] enable load assetsManager
[06:16:31] [Server thread/INFO]: [DEBUG] enable load lang
[06:16:31] [Server thread/INFO]: [DEBUG] enable load logger
[06:16:31] [Server thread/INFO]: [DEBUG] enable load event manager
[06:16:31] [Server thread/INFO]: [DEBUG] enable load time util
[06:16:31] [Server thread/INFO]: [DEBUG] enable load TrieManager
[06:16:31] [Server thread/INFO]: [DEBUG] enable load econ
[06:16:31] [Server thread/INFO]: [DEBUG] enable load PAPI hook
[06:16:31] [Server thread/INFO]: [DEBUG] enable load black list
[06:16:31] [Server thread/INFO]: [DEBUG] enable load db
[06:16:31] [Server thread/INFO]: [DEBUG] enable check version
[06:16:31] [Server thread/INFO]: [DEBUG] enable init commands
[06:16:31] [bauc File Db loader/INFO]: Успешно загружено 0 предметов за 11 мс.
[07:02:03] [Server thread/INFO]: [DEBUG] CraftPlayer{name=for_users} use command ah 
