[25-11-17 17:38:03] [INFO] [DEBUG] onEnable start -> 1763390283358

[25-11-17 17:38:03] [INFO] Using Economy Provider: com.Zrips.Economy_CMI
[25-11-17 17:38:03] [INFO] [DEBUG] Starting load of Config at 1763390283402
[25-11-17 17:38:03] [INFO] [DEBUG] Config has been loaded. (took 13ms)
[25-11-17 17:38:03] [INFO] [DEBUG] Starting load of Lang at 1763390283415
[25-11-17 17:38:03] [INFO] [DEBUG] Lang has been loaded. (took 15ms)
[25-11-17 17:38:03] [INFO] [DEBUG] Starting load of UserManagerImpl at 1763390283430
[25-11-17 17:38:03] [INFO] [DEBUG] UserManagerImpl has been loaded. (took 1ms)
[25-11-17 17:38:03] [INFO] [DEBUG] Starting load of GuiListener at 1763390283431
[25-11-17 17:38:03] [INFO] [DEBUG] GuiListener has been loaded. (took 0ms)
[25-11-17 17:38:03] [INFO] [DEBUG] Starting load of KitManagerImpl at 1763390283431
[25-11-17 17:38:03] [INFO] KitManagerImpl: Loaded 0 kit(s).
[25-11-17 17:38:03] [INFO] [DEBUG] KitManagerImpl has been loaded. (took 6ms)
[25-11-17 17:38:03] [INFO] [DEBUG] Starting load of ArenaManagerImpl at 1763390283437
[25-11-17 17:38:03] [INFO] ArenaManagerImpl: Loaded 1 arena(s).
[25-11-17 17:38:03] [INFO] [DEBUG] ArenaManagerImpl has been loaded. (took 58ms)
[25-11-17 17:38:03] [INFO] [DEBUG] Starting load of SettingsManager at 1763390283495
[25-11-17 17:38:03] [INFO] [DEBUG] SettingsManager has been loaded. (took 0ms)
[25-11-17 17:38:03] [INFO] [DEBUG] Starting load of PlayerInfoManager at 1763390283495
[25-11-17 17:38:03] [INFO] [DEBUG] PlayerInfoManager has been loaded. (took 11ms)
[25-11-17 17:38:03] [INFO] [DEBUG] Starting load of SpectateManagerImpl at 1763390283506
[25-11-17 17:38:03] [INFO] [DEBUG] SpectateManagerImpl has been loaded. (took 0ms)
[25-11-17 17:38:03] [INFO] [DEBUG] Starting load of BettingManager at 1763390283506
[25-11-17 17:38:03] [INFO] [DEBUG] BettingManager has been loaded. (took 0ms)
[25-11-17 17:38:03] [INFO] [DEBUG] Starting load of InventoryManager at 1763390283506
[25-11-17 17:38:03] [INFO] [DEBUG] InventoryManager has been loaded. (took 0ms)
[25-11-17 17:38:03] [INFO] [DEBUG] Starting load of DuelManager at 1763390283506
[25-11-17 17:38:03] [INFO] [DEBUG] DuelManager has been loaded. (took 0ms)
[25-11-17 17:38:03] [INFO] [DEBUG] Starting load of QueueManager at 1763390283506
[25-11-17 17:38:03] [INFO] QueueManager: Loaded 0 queue(s).
[25-11-17 17:38:03] [INFO] [DEBUG] QueueManager has been loaded. (took 1ms)
[25-11-17 17:38:03] [INFO] [DEBUG] Starting load of QueueSignManagerImpl at 1763390283507
[25-11-17 17:38:03] [INFO] QueueSignManagerImpl: Loaded 0 queue sign(s).
[25-11-17 17:38:03] [INFO] [DEBUG] QueueSignManagerImpl has been loaded. (took 0ms)
[25-11-17 17:38:03] [INFO] [DEBUG] Starting load of RequestManager at 1763390283507
[25-11-17 17:38:03] [INFO] [DEBUG] RequestManager has been loaded. (took 0ms)
[25-11-17 17:38:03] [INFO] [DEBUG] Starting load of Teleport at 1763390283507
[25-11-17 17:38:03] [INFO] [DEBUG] Teleport has been loaded. (took 0ms)
[25-11-17 17:38:03] [INFO] [DEBUG] Starting load of ExtensionManager at 1763390283507
[25-11-17 17:38:03] [INFO] [DEBUG] ExtensionManager has been loaded. (took 0ms)
[25-11-17 17:41:32] [INFO] [DEBUG] onDisable start -> 1763390492094

[25-11-17 17:41:32] [INFO] [DEBUG] Starting unload of ExtensionManager at 1763390492098
[25-11-17 17:41:32] [INFO] [DEBUG] ExtensionManager has been unloaded. (took 1ms)
[25-11-17 17:41:32] [INFO] [DEBUG] Starting unload of Teleport at 1763390492099
[25-11-17 17:41:32] [INFO] [DEBUG] Teleport has been unloaded. (took 0ms)
[25-11-17 17:41:32] [INFO] [DEBUG] Starting unload of RequestManager at 1763390492099
[25-11-17 17:41:32] [INFO] [DEBUG] RequestManager has been unloaded. (took 0ms)
[25-11-17 17:41:32] [INFO] [DEBUG] Starting unload of QueueSignManagerImpl at 1763390492099
[25-11-17 17:41:32] [INFO] [DEBUG] QueueSignManagerImpl has been unloaded. (took 1ms)
[25-11-17 17:41:32] [INFO] [DEBUG] Starting unload of QueueManager at 1763390492100
[25-11-17 17:41:32] [INFO] [DEBUG] QueueManager has been unloaded. (took 0ms)
[25-11-17 17:41:32] [INFO] [DEBUG] Starting unload of DuelManager at 1763390492101
[25-11-17 17:41:32] [INFO] [DEBUG] DuelManager has been unloaded. (took 0ms)
[25-11-17 17:41:32] [INFO] [DEBUG] Starting unload of InventoryManager at 1763390492101
[25-11-17 17:41:32] [INFO] [DEBUG] InventoryManager has been unloaded. (took 0ms)
[25-11-17 17:41:32] [INFO] [DEBUG] Starting unload of BettingManager at 1763390492101
[25-11-17 17:41:32] [INFO] [DEBUG] BettingManager has been unloaded. (took 0ms)
[25-11-17 17:41:32] [INFO] [DEBUG] Starting unload of SpectateManagerImpl at 1763390492101
[25-11-17 17:41:32] [INFO] [DEBUG] SpectateManagerImpl has been unloaded. (took 0ms)
[25-11-17 17:41:32] [INFO] [DEBUG] Starting unload of PlayerInfoManager at 1763390492101
[25-11-17 17:41:32] [INFO] [DEBUG] PlayerInfoManager has been unloaded. (took 1ms)
[25-11-17 17:41:32] [INFO] [DEBUG] Starting unload of SettingsManager at 1763390492102
[25-11-17 17:41:32] [INFO] [DEBUG] SettingsManager has been unloaded. (took 0ms)
[25-11-17 17:41:32] [INFO] [DEBUG] Starting unload of ArenaManagerImpl at 1763390492102
[25-11-17 17:41:32] [INFO] [DEBUG] ArenaManagerImpl has been unloaded. (took 0ms)
[25-11-17 17:41:32] [INFO] [DEBUG] Starting unload of KitManagerImpl at 1763390492102
[25-11-17 17:41:32] [INFO] [DEBUG] KitManagerImpl has been unloaded. (took 0ms)
[25-11-17 17:41:32] [INFO] [DEBUG] Starting unload of GuiListener at 1763390492102
[25-11-17 17:41:32] [INFO] [DEBUG] GuiListener has been unloaded. (took 1ms)
[25-11-17 17:41:32] [INFO] [DEBUG] Starting unload of UserManagerImpl at 1763390492103
[25-11-17 17:41:32] [INFO] [DEBUG] UserManagerImpl has been unloaded. (took 42ms)
[25-11-17 17:41:32] [INFO] [DEBUG] Starting unload of Lang at 1763390492145
[25-11-17 17:41:32] [INFO] [DEBUG] Lang has been unloaded. (took 1ms)
[25-11-17 17:41:32] [INFO] [DEBUG] Starting unload of Config at 1763390492146
[25-11-17 17:41:32] [INFO] [DEBUG] Config has been unloaded. (took 0ms)
[25-11-17 17:41:32] [INFO] [DEBUG] unload done (took 52ms)
[25-11-17 17:41:32] [INFO] [DEBUG] Log#clearSources done (took 0ms)
[25-11-17 17:42:28] [INFO] [DEBUG] onEnable start -> 1763390548020

[25-11-17 17:42:28] [INFO] Using Economy Provider: com.Zrips.Economy_CMI
[25-11-17 17:42:28] [INFO] [DEBUG] Starting load of Config at 1763390548069
[25-11-17 17:42:28] [INFO] [DEBUG] Config has been loaded. (took 5ms)
[25-11-17 17:42:28] [INFO] [DEBUG] Starting load of Lang at 1763390548074
[25-11-17 17:42:28] [INFO] [DEBUG] Lang has been loaded. (took 9ms)
[25-11-17 17:42:28] [INFO] [DEBUG] Starting load of UserManagerImpl at 1763390548083
[25-11-17 17:42:28] [INFO] [DEBUG] UserManagerImpl has been loaded. (took 0ms)
[25-11-17 17:42:28] [INFO] [DEBUG] Starting load of GuiListener at 1763390548083
[25-11-17 17:42:28] [INFO] [DEBUG] GuiListener has been loaded. (took 0ms)
[25-11-17 17:42:28] [INFO] [DEBUG] Starting load of KitManagerImpl at 1763390548083
[25-11-17 17:42:28] [INFO] KitManagerImpl: Loaded 0 kit(s).
[25-11-17 17:42:28] [INFO] [DEBUG] KitManagerImpl has been loaded. (took 5ms)
[25-11-17 17:42:28] [INFO] [DEBUG] Starting load of ArenaManagerImpl at 1763390548088
[25-11-17 17:42:28] [INFO] ArenaManagerImpl: Loaded 1 arena(s).
[25-11-17 17:42:28] [INFO] [DEBUG] ArenaManagerImpl has been loaded. (took 55ms)
[25-11-17 17:42:28] [INFO] [DEBUG] Starting load of SettingsManager at 1763390548144
[25-11-17 17:42:28] [INFO] [DEBUG] SettingsManager has been loaded. (took 0ms)
[25-11-17 17:42:28] [INFO] [DEBUG] Starting load of PlayerInfoManager at 1763390548144
[25-11-17 17:42:28] [INFO] [DEBUG] PlayerInfoManager has been loaded. (took 0ms)
[25-11-17 17:42:28] [INFO] [DEBUG] Starting load of SpectateManagerImpl at 1763390548144
[25-11-17 17:42:28] [INFO] [DEBUG] SpectateManagerImpl has been loaded. (took 0ms)
[25-11-17 17:42:28] [INFO] [DEBUG] Starting load of BettingManager at 1763390548144
[25-11-17 17:42:28] [INFO] [DEBUG] BettingManager has been loaded. (took 0ms)
[25-11-17 17:42:28] [INFO] [DEBUG] Starting load of InventoryManager at 1763390548144
[25-11-17 17:42:28] [INFO] [DEBUG] InventoryManager has been loaded. (took 0ms)
[25-11-17 17:42:28] [INFO] [DEBUG] Starting load of DuelManager at 1763390548145
[25-11-17 17:42:28] [INFO] [DEBUG] DuelManager has been loaded. (took 0ms)
[25-11-17 17:42:28] [INFO] [DEBUG] Starting load of QueueManager at 1763390548145
[25-11-17 17:42:28] [INFO] QueueManager: Loaded 0 queue(s).
[25-11-17 17:42:28] [INFO] [DEBUG] QueueManager has been loaded. (took 1ms)
[25-11-17 17:42:28] [INFO] [DEBUG] Starting load of QueueSignManagerImpl at 1763390548146
[25-11-17 17:42:28] [INFO] QueueSignManagerImpl: Loaded 0 queue sign(s).
[25-11-17 17:42:28] [INFO] [DEBUG] QueueSignManagerImpl has been loaded. (took 0ms)
[25-11-17 17:42:28] [INFO] [DEBUG] Starting load of RequestManager at 1763390548146
[25-11-17 17:42:28] [INFO] [DEBUG] RequestManager has been loaded. (took 0ms)
[25-11-17 17:42:28] [INFO] [DEBUG] Starting load of Teleport at 1763390548146
[25-11-17 17:42:28] [INFO] [DEBUG] Teleport has been loaded. (took 0ms)
[25-11-17 17:42:28] [INFO] [DEBUG] Starting load of ExtensionManager at 1763390548146
[25-11-17 17:42:28] [INFO] [DEBUG] ExtensionManager has been loaded. (took 2ms)
[25-11-17 18:30:21] [INFO] [DEBUG] onEnable start -> 1763393421845

[25-11-17 18:30:21] [INFO] Using Economy Provider: com.Zrips.Economy_CMI
[25-11-17 18:30:21] [INFO] [DEBUG] Starting load of Config at 1763393421935
[25-11-17 18:30:21] [INFO] [DEBUG] Config has been loaded. (took 16ms)
[25-11-17 18:30:21] [INFO] [DEBUG] Starting load of Lang at 1763393421951
[25-11-17 18:30:21] [INFO] [DEBUG] Lang has been loaded. (took 15ms)
[25-11-17 18:30:21] [INFO] [DEBUG] Starting load of UserManagerImpl at 1763393421966
[25-11-17 18:30:21] [INFO] [DEBUG] UserManagerImpl has been loaded. (took 0ms)
[25-11-17 18:30:21] [INFO] [DEBUG] Starting load of GuiListener at 1763393421966
[25-11-17 18:30:21] [INFO] [DEBUG] GuiListener has been loaded. (took 0ms)
[25-11-17 18:30:21] [INFO] [DEBUG] Starting load of KitManagerImpl at 1763393421966
[25-11-17 18:30:21] [INFO] KitManagerImpl: Loaded 0 kit(s).
[25-11-17 18:30:21] [INFO] [DEBUG] KitManagerImpl has been loaded. (took 9ms)
[25-11-17 18:30:21] [INFO] [DEBUG] Starting load of ArenaManagerImpl at 1763393421975
[25-11-17 18:30:22] [INFO] ArenaManagerImpl: Loaded 1 arena(s).
[25-11-17 18:30:22] [INFO] [DEBUG] ArenaManagerImpl has been loaded. (took 57ms)
[25-11-17 18:30:22] [INFO] [DEBUG] Starting load of SettingsManager at 1763393422032
[25-11-17 18:30:22] [INFO] [DEBUG] SettingsManager has been loaded. (took 0ms)
[25-11-17 18:30:22] [INFO] [DEBUG] Starting load of PlayerInfoManager at 1763393422032
[25-11-17 18:30:22] [INFO] [DEBUG] PlayerInfoManager has been loaded. (took 10ms)
[25-11-17 18:30:22] [INFO] [DEBUG] Starting load of SpectateManagerImpl at 1763393422042
[25-11-17 18:30:22] [INFO] [DEBUG] SpectateManagerImpl has been loaded. (took 0ms)
[25-11-17 18:30:22] [INFO] [DEBUG] Starting load of BettingManager at 1763393422042
[25-11-17 18:30:22] [INFO] [DEBUG] BettingManager has been loaded. (took 0ms)
[25-11-17 18:30:22] [INFO] [DEBUG] Starting load of InventoryManager at 1763393422042
[25-11-17 18:30:22] [INFO] [DEBUG] InventoryManager has been loaded. (took 0ms)
[25-11-17 18:30:22] [INFO] [DEBUG] Starting load of DuelManager at 1763393422042
[25-11-17 18:30:22] [INFO] [DEBUG] DuelManager has been loaded. (took 0ms)
[25-11-17 18:30:22] [INFO] [DEBUG] Starting load of QueueManager at 1763393422042
[25-11-17 18:30:22] [INFO] QueueManager: Loaded 0 queue(s).
[25-11-17 18:30:22] [INFO] [DEBUG] QueueManager has been loaded. (took 2ms)
[25-11-17 18:30:22] [INFO] [DEBUG] Starting load of QueueSignManagerImpl at 1763393422044
[25-11-17 18:30:22] [INFO] QueueSignManagerImpl: Loaded 0 queue sign(s).
[25-11-17 18:30:22] [INFO] [DEBUG] QueueSignManagerImpl has been loaded. (took 0ms)
[25-11-17 18:30:22] [INFO] [DEBUG] Starting load of RequestManager at 1763393422044
[25-11-17 18:30:22] [INFO] [DEBUG] RequestManager has been loaded. (took 0ms)
[25-11-17 18:30:22] [INFO] [DEBUG] Starting load of Teleport at 1763393422044
[25-11-17 18:30:22] [INFO] [DEBUG] Teleport has been loaded. (took 0ms)
[25-11-17 18:30:22] [INFO] [DEBUG] Starting load of ExtensionManager at 1763393422044
[25-11-17 18:30:22] [INFO] [DEBUG] ExtensionManager has been loaded. (took 1ms)
