[25-10-26 13:22:24] [INFO] [DEBUG] onEnable start -> 1761474144570

[25-10-26 13:22:24] [INFO] Using Economy Provider: com.Zrips.Economy_CMI
[25-10-26 13:22:24] [INFO] [DEBUG] Starting load of Config at 1761474144811
[25-10-26 13:22:24] [INFO] [DEBUG] Config has been loaded. (took 9ms)
[25-10-26 13:22:24] [INFO] [DEBUG] Starting load of Lang at 1761474144821
[25-10-26 13:22:24] [INFO] [DEBUG] Lang has been loaded. (took 23ms)
[25-10-26 13:22:24] [INFO] [DEBUG] Starting load of UserManagerImpl at 1761474144844
[25-10-26 13:22:24] [INFO] [DEBUG] UserManagerImpl has been loaded. (took 1ms)
[25-10-26 13:22:24] [INFO] [DEBUG] Starting load of GuiListener at 1761474144845
[25-10-26 13:22:24] [INFO] [DEBUG] GuiListener has been loaded. (took 0ms)
[25-10-26 13:22:24] [INFO] [DEBUG] Starting load of KitManagerImpl at 1761474144845
[25-10-26 13:22:24] [INFO] KitManagerImpl: Loaded 0 kit(s).
[25-10-26 13:22:24] [INFO] [DEBUG] KitManagerImpl has been loaded. (took 15ms)
[25-10-26 13:22:24] [INFO] [DEBUG] Starting load of ArenaManagerImpl at 1761474144860
[25-10-26 13:22:24] [INFO] ArenaManagerImpl: Loaded 1 arena(s).
[25-10-26 13:22:24] [INFO] [DEBUG] ArenaManagerImpl has been loaded. (took 106ms)
[25-10-26 13:22:24] [INFO] [DEBUG] Starting load of SettingsManager at 1761474144966
[25-10-26 13:22:24] [INFO] [DEBUG] SettingsManager has been loaded. (took 0ms)
[25-10-26 13:22:24] [INFO] [DEBUG] Starting load of PlayerInfoManager at 1761474144966
[25-10-26 13:22:24] [INFO] [DEBUG] PlayerInfoManager has been loaded. (took 2ms)
[25-10-26 13:22:24] [INFO] [DEBUG] Starting load of SpectateManagerImpl at 1761474144969
[25-10-26 13:22:24] [INFO] [DEBUG] SpectateManagerImpl has been loaded. (took 0ms)
[25-10-26 13:22:24] [INFO] [DEBUG] Starting load of BettingManager at 1761474144969
[25-10-26 13:22:24] [INFO] [DEBUG] BettingManager has been loaded. (took 0ms)
[25-10-26 13:22:24] [INFO] [DEBUG] Starting load of InventoryManager at 1761474144969
[25-10-26 13:22:24] [INFO] [DEBUG] InventoryManager has been loaded. (took 1ms)
[25-10-26 13:22:24] [INFO] [DEBUG] Starting load of DuelManager at 1761474144970
[25-10-26 13:22:24] [INFO] [DEBUG] DuelManager has been loaded. (took 0ms)
[25-10-26 13:22:24] [INFO] [DEBUG] Starting load of QueueManager at 1761474144970
[25-10-26 13:22:24] [INFO] QueueManager: Loaded 0 queue(s).
[25-10-26 13:22:24] [INFO] [DEBUG] QueueManager has been loaded. (took 4ms)
[25-10-26 13:22:24] [INFO] [DEBUG] Starting load of QueueSignManagerImpl at 1761474144975
[25-10-26 13:22:24] [INFO] QueueSignManagerImpl: Loaded 0 queue sign(s).
[25-10-26 13:22:24] [INFO] [DEBUG] QueueSignManagerImpl has been loaded. (took 4ms)
[25-10-26 13:22:24] [INFO] [DEBUG] Starting load of RequestManager at 1761474144980
[25-10-26 13:22:24] [INFO] [DEBUG] RequestManager has been loaded. (took 0ms)
[25-10-26 13:22:24] [INFO] [DEBUG] Starting load of Teleport at 1761474144980
[25-10-26 13:22:24] [INFO] [DEBUG] Teleport has been loaded. (took 2ms)
[25-10-26 13:22:24] [INFO] [DEBUG] Starting load of ExtensionManager at 1761474144982
[25-10-26 13:22:24] [INFO] [DEBUG] ExtensionManager has been loaded. (took 2ms)
[25-10-26 13:26:54] [INFO] [DEBUG] onDisable start -> 1761474414573

[25-10-26 13:26:54] [INFO] [DEBUG] Starting unload of ExtensionManager at 1761474414578
[25-10-26 13:26:54] [INFO] [DEBUG] ExtensionManager has been unloaded. (took 1ms)
[25-10-26 13:26:54] [INFO] [DEBUG] Starting unload of Teleport at 1761474414579
[25-10-26 13:26:54] [INFO] [DEBUG] Teleport has been unloaded. (took 0ms)
[25-10-26 13:26:54] [INFO] [DEBUG] Starting unload of RequestManager at 1761474414579
[25-10-26 13:26:54] [INFO] [DEBUG] RequestManager has been unloaded. (took 0ms)
[25-10-26 13:26:54] [INFO] [DEBUG] Starting unload of QueueSignManagerImpl at 1761474414579
[25-10-26 13:26:54] [INFO] [DEBUG] QueueSignManagerImpl has been unloaded. (took 0ms)
[25-10-26 13:26:54] [INFO] [DEBUG] Starting unload of QueueManager at 1761474414579
[25-10-26 13:26:54] [INFO] [DEBUG] QueueManager has been unloaded. (took 0ms)
[25-10-26 13:26:54] [INFO] [DEBUG] Starting unload of DuelManager at 1761474414579
[25-10-26 13:26:54] [INFO] [DEBUG] DuelManager has been unloaded. (took 1ms)
[25-10-26 13:26:54] [INFO] [DEBUG] Starting unload of InventoryManager at 1761474414580
[25-10-26 13:26:54] [INFO] [DEBUG] InventoryManager has been unloaded. (took 0ms)
[25-10-26 13:26:54] [INFO] [DEBUG] Starting unload of BettingManager at 1761474414580
[25-10-26 13:26:54] [INFO] [DEBUG] BettingManager has been unloaded. (took 0ms)
[25-10-26 13:26:54] [INFO] [DEBUG] Starting unload of SpectateManagerImpl at 1761474414580
[25-10-26 13:26:54] [INFO] [DEBUG] SpectateManagerImpl has been unloaded. (took 0ms)
[25-10-26 13:26:54] [INFO] [DEBUG] Starting unload of PlayerInfoManager at 1761474414580
[25-10-26 13:26:54] [INFO] [DEBUG] PlayerInfoManager has been unloaded. (took 1ms)
[25-10-26 13:26:54] [INFO] [DEBUG] Starting unload of SettingsManager at 1761474414581
[25-10-26 13:26:54] [INFO] [DEBUG] SettingsManager has been unloaded. (took 0ms)
[25-10-26 13:26:54] [INFO] [DEBUG] Starting unload of ArenaManagerImpl at 1761474414581
[25-10-26 13:26:54] [INFO] [DEBUG] ArenaManagerImpl has been unloaded. (took 0ms)
[25-10-26 13:26:54] [INFO] [DEBUG] Starting unload of KitManagerImpl at 1761474414581
[25-10-26 13:26:54] [INFO] [DEBUG] KitManagerImpl has been unloaded. (took 0ms)
[25-10-26 13:26:54] [INFO] [DEBUG] Starting unload of GuiListener at 1761474414581
[25-10-26 13:26:54] [INFO] [DEBUG] GuiListener has been unloaded. (took 1ms)
[25-10-26 13:26:54] [INFO] [DEBUG] Starting unload of UserManagerImpl at 1761474414582
[25-10-26 13:26:54] [INFO] [DEBUG] UserManagerImpl has been unloaded. (took 0ms)
[25-10-26 13:26:54] [INFO] [DEBUG] Starting unload of Lang at 1761474414582
[25-10-26 13:26:54] [INFO] [DEBUG] Lang has been unloaded. (took 0ms)
[25-10-26 13:26:54] [INFO] [DEBUG] Starting unload of Config at 1761474414582
[25-10-26 13:26:54] [INFO] [DEBUG] Config has been unloaded. (took 0ms)
[25-10-26 13:26:54] [INFO] [DEBUG] unload done (took 9ms)
[25-10-26 13:26:54] [INFO] [DEBUG] Log#clearSources done (took 0ms)
[25-10-26 13:27:45] [INFO] [DEBUG] onEnable start -> 1761474465241

[25-10-26 13:27:45] [INFO] Using Economy Provider: com.Zrips.Economy_CMI
[25-10-26 13:27:45] [INFO] [DEBUG] Starting load of Config at 1761474465346
[25-10-26 13:27:45] [INFO] [DEBUG] Config has been loaded. (took 22ms)
[25-10-26 13:27:45] [INFO] [DEBUG] Starting load of Lang at 1761474465368
[25-10-26 13:27:45] [INFO] [DEBUG] Lang has been loaded. (took 29ms)
[25-10-26 13:27:45] [INFO] [DEBUG] Starting load of UserManagerImpl at 1761474465397
[25-10-26 13:27:45] [INFO] [DEBUG] UserManagerImpl has been loaded. (took 1ms)
[25-10-26 13:27:45] [INFO] [DEBUG] Starting load of GuiListener at 1761474465399
[25-10-26 13:27:45] [INFO] [DEBUG] GuiListener has been loaded. (took 0ms)
[25-10-26 13:27:45] [INFO] [DEBUG] Starting load of KitManagerImpl at 1761474465399
[25-10-26 13:27:45] [INFO] KitManagerImpl: Loaded 0 kit(s).
[25-10-26 13:27:45] [INFO] [DEBUG] KitManagerImpl has been loaded. (took 10ms)
[25-10-26 13:27:45] [INFO] [DEBUG] Starting load of ArenaManagerImpl at 1761474465409
[25-10-26 13:27:45] [INFO] ArenaManagerImpl: Loaded 1 arena(s).
[25-10-26 13:27:45] [INFO] [DEBUG] ArenaManagerImpl has been loaded. (took 72ms)
[25-10-26 13:27:45] [INFO] [DEBUG] Starting load of SettingsManager at 1761474465482
[25-10-26 13:27:45] [INFO] [DEBUG] SettingsManager has been loaded. (took 0ms)
[25-10-26 13:27:45] [INFO] [DEBUG] Starting load of PlayerInfoManager at 1761474465482
[25-10-26 13:27:45] [INFO] [DEBUG] PlayerInfoManager has been loaded. (took 1ms)
[25-10-26 13:27:45] [INFO] [DEBUG] Starting load of SpectateManagerImpl at 1761474465483
[25-10-26 13:27:45] [INFO] [DEBUG] SpectateManagerImpl has been loaded. (took 0ms)
[25-10-26 13:27:45] [INFO] [DEBUG] Starting load of BettingManager at 1761474465483
[25-10-26 13:27:45] [INFO] [DEBUG] BettingManager has been loaded. (took 0ms)
[25-10-26 13:27:45] [INFO] [DEBUG] Starting load of InventoryManager at 1761474465483
[25-10-26 13:27:45] [INFO] [DEBUG] InventoryManager has been loaded. (took 1ms)
[25-10-26 13:27:45] [INFO] [DEBUG] Starting load of DuelManager at 1761474465484
[25-10-26 13:27:45] [INFO] [DEBUG] DuelManager has been loaded. (took 0ms)
[25-10-26 13:27:45] [INFO] [DEBUG] Starting load of QueueManager at 1761474465484
[25-10-26 13:27:45] [INFO] QueueManager: Loaded 0 queue(s).
[25-10-26 13:27:45] [INFO] [DEBUG] QueueManager has been loaded. (took 1ms)
[25-10-26 13:27:45] [INFO] [DEBUG] Starting load of QueueSignManagerImpl at 1761474465485
[25-10-26 13:27:45] [INFO] QueueSignManagerImpl: Loaded 0 queue sign(s).
[25-10-26 13:27:45] [INFO] [DEBUG] QueueSignManagerImpl has been loaded. (took 1ms)
[25-10-26 13:27:45] [INFO] [DEBUG] Starting load of RequestManager at 1761474465486
[25-10-26 13:27:45] [INFO] [DEBUG] RequestManager has been loaded. (took 0ms)
[25-10-26 13:27:45] [INFO] [DEBUG] Starting load of Teleport at 1761474465486
[25-10-26 13:27:45] [INFO] [DEBUG] Teleport has been loaded. (took 0ms)
[25-10-26 13:27:45] [INFO] [DEBUG] Starting load of ExtensionManager at 1761474465486
[25-10-26 13:27:45] [INFO] [DEBUG] ExtensionManager has been loaded. (took 2ms)
[25-10-26 14:00:51] [INFO] [DEBUG] onEnable start -> 1761476451927

[25-10-26 14:00:51] [INFO] Using Economy Provider: com.Zrips.Economy_CMI
[25-10-26 14:00:52] [INFO] [DEBUG] Starting load of Config at 1761476452011
[25-10-26 14:00:52] [INFO] [DEBUG] Config has been loaded. (took 6ms)
[25-10-26 14:00:52] [INFO] [DEBUG] Starting load of Lang at 1761476452018
[25-10-26 14:00:52] [INFO] [DEBUG] Lang has been loaded. (took 10ms)
[25-10-26 14:00:52] [INFO] [DEBUG] Starting load of UserManagerImpl at 1761476452028
[25-10-26 14:00:52] [INFO] [DEBUG] UserManagerImpl has been loaded. (took 0ms)
[25-10-26 14:00:52] [INFO] [DEBUG] Starting load of GuiListener at 1761476452028
[25-10-26 14:00:52] [INFO] [DEBUG] GuiListener has been loaded. (took 0ms)
[25-10-26 14:00:52] [INFO] [DEBUG] Starting load of KitManagerImpl at 1761476452028
[25-10-26 14:00:52] [INFO] KitManagerImpl: Loaded 0 kit(s).
[25-10-26 14:00:52] [INFO] [DEBUG] KitManagerImpl has been loaded. (took 6ms)
[25-10-26 14:00:52] [INFO] [DEBUG] Starting load of ArenaManagerImpl at 1761476452034
[25-10-26 14:00:52] [INFO] ArenaManagerImpl: Loaded 1 arena(s).
[25-10-26 14:00:52] [INFO] [DEBUG] ArenaManagerImpl has been loaded. (took 59ms)
[25-10-26 14:00:52] [INFO] [DEBUG] Starting load of SettingsManager at 1761476452093
[25-10-26 14:00:52] [INFO] [DEBUG] SettingsManager has been loaded. (took 0ms)
[25-10-26 14:00:52] [INFO] [DEBUG] Starting load of PlayerInfoManager at 1761476452093
[25-10-26 14:00:52] [INFO] [DEBUG] PlayerInfoManager has been loaded. (took 0ms)
[25-10-26 14:00:52] [INFO] [DEBUG] Starting load of SpectateManagerImpl at 1761476452093
[25-10-26 14:00:52] [INFO] [DEBUG] SpectateManagerImpl has been loaded. (took 0ms)
[25-10-26 14:00:52] [INFO] [DEBUG] Starting load of BettingManager at 1761476452093
[25-10-26 14:00:52] [INFO] [DEBUG] BettingManager has been loaded. (took 0ms)
[25-10-26 14:00:52] [INFO] [DEBUG] Starting load of InventoryManager at 1761476452093
[25-10-26 14:00:52] [INFO] [DEBUG] InventoryManager has been loaded. (took 1ms)
[25-10-26 14:00:52] [INFO] [DEBUG] Starting load of DuelManager at 1761476452094
[25-10-26 14:00:52] [INFO] [DEBUG] DuelManager has been loaded. (took 0ms)
[25-10-26 14:00:52] [INFO] [DEBUG] Starting load of QueueManager at 1761476452094
[25-10-26 14:00:52] [INFO] QueueManager: Loaded 0 queue(s).
[25-10-26 14:00:52] [INFO] [DEBUG] QueueManager has been loaded. (took 1ms)
[25-10-26 14:00:52] [INFO] [DEBUG] Starting load of QueueSignManagerImpl at 1761476452095
[25-10-26 14:00:52] [INFO] QueueSignManagerImpl: Loaded 0 queue sign(s).
[25-10-26 14:00:52] [INFO] [DEBUG] QueueSignManagerImpl has been loaded. (took 2ms)
[25-10-26 14:00:52] [INFO] [DEBUG] Starting load of RequestManager at 1761476452097
[25-10-26 14:00:52] [INFO] [DEBUG] RequestManager has been loaded. (took 0ms)
[25-10-26 14:00:52] [INFO] [DEBUG] Starting load of Teleport at 1761476452097
[25-10-26 14:00:52] [INFO] [DEBUG] Teleport has been loaded. (took 0ms)
[25-10-26 14:00:52] [INFO] [DEBUG] Starting load of ExtensionManager at 1761476452097
[25-10-26 14:00:52] [INFO] [DEBUG] ExtensionManager has been loaded. (took 1ms)
[25-10-26 14:07:08] [INFO] [DEBUG] onEnable start -> 1761476828903

[25-10-26 14:07:08] [INFO] Using Economy Provider: com.Zrips.Economy_CMI
[25-10-26 14:07:09] [INFO] [DEBUG] Starting load of Config at 1761476829005
[25-10-26 14:07:09] [INFO] [DEBUG] Config has been loaded. (took 6ms)
[25-10-26 14:07:09] [INFO] [DEBUG] Starting load of Lang at 1761476829011
[25-10-26 14:07:09] [INFO] [DEBUG] Lang has been loaded. (took 12ms)
[25-10-26 14:07:09] [INFO] [DEBUG] Starting load of UserManagerImpl at 1761476829023
[25-10-26 14:07:09] [INFO] [DEBUG] UserManagerImpl has been loaded. (took 0ms)
[25-10-26 14:07:09] [INFO] [DEBUG] Starting load of GuiListener at 1761476829023
[25-10-26 14:07:09] [INFO] [DEBUG] GuiListener has been loaded. (took 0ms)
[25-10-26 14:07:09] [INFO] [DEBUG] Starting load of KitManagerImpl at 1761476829023
[25-10-26 14:07:09] [INFO] KitManagerImpl: Loaded 0 kit(s).
[25-10-26 14:07:09] [INFO] [DEBUG] KitManagerImpl has been loaded. (took 6ms)
[25-10-26 14:07:09] [INFO] [DEBUG] Starting load of ArenaManagerImpl at 1761476829029
[25-10-26 14:07:09] [INFO] ArenaManagerImpl: Loaded 1 arena(s).
[25-10-26 14:07:09] [INFO] [DEBUG] ArenaManagerImpl has been loaded. (took 77ms)
[25-10-26 14:07:09] [INFO] [DEBUG] Starting load of SettingsManager at 1761476829106
[25-10-26 14:07:09] [INFO] [DEBUG] SettingsManager has been loaded. (took 0ms)
[25-10-26 14:07:09] [INFO] [DEBUG] Starting load of PlayerInfoManager at 1761476829106
[25-10-26 14:07:09] [INFO] [DEBUG] PlayerInfoManager has been loaded. (took 3ms)
[25-10-26 14:07:09] [INFO] [DEBUG] Starting load of SpectateManagerImpl at 1761476829109
[25-10-26 14:07:09] [INFO] [DEBUG] SpectateManagerImpl has been loaded. (took 1ms)
[25-10-26 14:07:09] [INFO] [DEBUG] Starting load of BettingManager at 1761476829110
[25-10-26 14:07:09] [INFO] [DEBUG] BettingManager has been loaded. (took 0ms)
[25-10-26 14:07:09] [INFO] [DEBUG] Starting load of InventoryManager at 1761476829110
[25-10-26 14:07:09] [INFO] [DEBUG] InventoryManager has been loaded. (took 0ms)
[25-10-26 14:07:09] [INFO] [DEBUG] Starting load of DuelManager at 1761476829110
[25-10-26 14:07:09] [INFO] [DEBUG] DuelManager has been loaded. (took 0ms)
[25-10-26 14:07:09] [INFO] [DEBUG] Starting load of QueueManager at 1761476829110
[25-10-26 14:07:09] [INFO] QueueManager: Loaded 0 queue(s).
[25-10-26 14:07:09] [INFO] [DEBUG] QueueManager has been loaded. (took 1ms)
[25-10-26 14:07:09] [INFO] [DEBUG] Starting load of QueueSignManagerImpl at 1761476829111
[25-10-26 14:07:09] [INFO] QueueSignManagerImpl: Loaded 0 queue sign(s).
[25-10-26 14:07:09] [INFO] [DEBUG] QueueSignManagerImpl has been loaded. (took 1ms)
[25-10-26 14:07:09] [INFO] [DEBUG] Starting load of RequestManager at 1761476829112
[25-10-26 14:07:09] [INFO] [DEBUG] RequestManager has been loaded. (took 0ms)
[25-10-26 14:07:09] [INFO] [DEBUG] Starting load of Teleport at 1761476829112
[25-10-26 14:07:09] [INFO] [DEBUG] Teleport has been loaded. (took 1ms)
[25-10-26 14:07:09] [INFO] [DEBUG] Starting load of ExtensionManager at 1761476829113
[25-10-26 14:07:09] [INFO] [DEBUG] ExtensionManager has been loaded. (took 1ms)
[25-10-26 14:10:45] [INFO] [DEBUG] onEnable start -> 1761477045829

[25-10-26 14:10:45] [INFO] Using Economy Provider: com.Zrips.Economy_CMI
[25-10-26 14:10:45] [INFO] [DEBUG] Starting load of Config at 1761477045892
[25-10-26 14:10:45] [INFO] [DEBUG] Config has been loaded. (took 7ms)
[25-10-26 14:10:45] [INFO] [DEBUG] Starting load of Lang at 1761477045899
[25-10-26 14:10:45] [INFO] [DEBUG] Lang has been loaded. (took 22ms)
[25-10-26 14:10:45] [INFO] [DEBUG] Starting load of UserManagerImpl at 1761477045921
[25-10-26 14:10:45] [INFO] [DEBUG] UserManagerImpl has been loaded. (took 1ms)
[25-10-26 14:10:45] [INFO] [DEBUG] Starting load of GuiListener at 1761477045922
[25-10-26 14:10:45] [INFO] [DEBUG] GuiListener has been loaded. (took 0ms)
[25-10-26 14:10:45] [INFO] [DEBUG] Starting load of KitManagerImpl at 1761477045922
[25-10-26 14:10:45] [INFO] KitManagerImpl: Loaded 0 kit(s).
[25-10-26 14:10:45] [INFO] [DEBUG] KitManagerImpl has been loaded. (took 6ms)
[25-10-26 14:10:45] [INFO] [DEBUG] Starting load of ArenaManagerImpl at 1761477045929
[25-10-26 14:10:45] [INFO] ArenaManagerImpl: Loaded 1 arena(s).
[25-10-26 14:10:45] [INFO] [DEBUG] ArenaManagerImpl has been loaded. (took 62ms)
[25-10-26 14:10:45] [INFO] [DEBUG] Starting load of SettingsManager at 1761477045991
[25-10-26 14:10:45] [INFO] [DEBUG] SettingsManager has been loaded. (took 1ms)
[25-10-26 14:10:45] [INFO] [DEBUG] Starting load of PlayerInfoManager at 1761477045992
[25-10-26 14:10:45] [INFO] [DEBUG] PlayerInfoManager has been loaded. (took 0ms)
[25-10-26 14:10:45] [INFO] [DEBUG] Starting load of SpectateManagerImpl at 1761477045992
[25-10-26 14:10:45] [INFO] [DEBUG] SpectateManagerImpl has been loaded. (took 0ms)
[25-10-26 14:10:45] [INFO] [DEBUG] Starting load of BettingManager at 1761477045992
[25-10-26 14:10:45] [INFO] [DEBUG] BettingManager has been loaded. (took 0ms)
[25-10-26 14:10:45] [INFO] [DEBUG] Starting load of InventoryManager at 1761477045993
[25-10-26 14:10:45] [INFO] [DEBUG] InventoryManager has been loaded. (took 0ms)
[25-10-26 14:10:45] [INFO] [DEBUG] Starting load of DuelManager at 1761477045993
[25-10-26 14:10:45] [INFO] [DEBUG] DuelManager has been loaded. (took 0ms)
[25-10-26 14:10:45] [INFO] [DEBUG] Starting load of QueueManager at 1761477045993
[25-10-26 14:10:45] [INFO] QueueManager: Loaded 0 queue(s).
[25-10-26 14:10:45] [INFO] [DEBUG] QueueManager has been loaded. (took 1ms)
[25-10-26 14:10:45] [INFO] [DEBUG] Starting load of QueueSignManagerImpl at 1761477045994
[25-10-26 14:10:45] [INFO] QueueSignManagerImpl: Loaded 0 queue sign(s).
[25-10-26 14:10:45] [INFO] [DEBUG] QueueSignManagerImpl has been loaded. (took 1ms)
[25-10-26 14:10:45] [INFO] [DEBUG] Starting load of RequestManager at 1761477045995
[25-10-26 14:10:45] [INFO] [DEBUG] RequestManager has been loaded. (took 0ms)
[25-10-26 14:10:45] [INFO] [DEBUG] Starting load of Teleport at 1761477045995
[25-10-26 14:10:45] [INFO] [DEBUG] Teleport has been loaded. (took 0ms)
[25-10-26 14:10:45] [INFO] [DEBUG] Starting load of ExtensionManager at 1761477045995
[25-10-26 14:10:45] [INFO] [DEBUG] ExtensionManager has been loaded. (took 0ms)
[25-10-26 14:13:41] [INFO] [DEBUG] onEnable start -> 1761477221111

[25-10-26 14:13:41] [INFO] Using Economy Provider: com.Zrips.Economy_CMI
[25-10-26 14:13:41] [INFO] [DEBUG] Starting load of Config at 1761477221177
[25-10-26 14:13:41] [INFO] [DEBUG] Config has been loaded. (took 7ms)
[25-10-26 14:13:41] [INFO] [DEBUG] Starting load of Lang at 1761477221184
[25-10-26 14:13:41] [INFO] [DEBUG] Lang has been loaded. (took 9ms)
[25-10-26 14:13:41] [INFO] [DEBUG] Starting load of UserManagerImpl at 1761477221193
[25-10-26 14:13:41] [INFO] [DEBUG] UserManagerImpl has been loaded. (took 1ms)
[25-10-26 14:13:41] [INFO] [DEBUG] Starting load of GuiListener at 1761477221194
[25-10-26 14:13:41] [INFO] [DEBUG] GuiListener has been loaded. (took 0ms)
[25-10-26 14:13:41] [INFO] [DEBUG] Starting load of KitManagerImpl at 1761477221194
[25-10-26 14:13:41] [INFO] KitManagerImpl: Loaded 0 kit(s).
[25-10-26 14:13:41] [INFO] [DEBUG] KitManagerImpl has been loaded. (took 7ms)
[25-10-26 14:13:41] [INFO] [DEBUG] Starting load of ArenaManagerImpl at 1761477221201
[25-10-26 14:13:41] [INFO] ArenaManagerImpl: Loaded 1 arena(s).
[25-10-26 14:13:41] [INFO] [DEBUG] ArenaManagerImpl has been loaded. (took 74ms)
[25-10-26 14:13:41] [INFO] [DEBUG] Starting load of SettingsManager at 1761477221275
[25-10-26 14:13:41] [INFO] [DEBUG] SettingsManager has been loaded. (took 0ms)
[25-10-26 14:13:41] [INFO] [DEBUG] Starting load of PlayerInfoManager at 1761477221275
[25-10-26 14:13:41] [INFO] [DEBUG] PlayerInfoManager has been loaded. (took 0ms)
[25-10-26 14:13:41] [INFO] [DEBUG] Starting load of SpectateManagerImpl at 1761477221275
[25-10-26 14:13:41] [INFO] [DEBUG] SpectateManagerImpl has been loaded. (took 2ms)
[25-10-26 14:13:41] [INFO] [DEBUG] Starting load of BettingManager at 1761477221277
[25-10-26 14:13:41] [INFO] [DEBUG] BettingManager has been loaded. (took 0ms)
[25-10-26 14:13:41] [INFO] [DEBUG] Starting load of InventoryManager at 1761477221277
[25-10-26 14:13:41] [INFO] [DEBUG] InventoryManager has been loaded. (took 1ms)
[25-10-26 14:13:41] [INFO] [DEBUG] Starting load of DuelManager at 1761477221278
[25-10-26 14:13:41] [INFO] [DEBUG] DuelManager has been loaded. (took 0ms)
[25-10-26 14:13:41] [INFO] [DEBUG] Starting load of QueueManager at 1761477221278
[25-10-26 14:13:41] [INFO] QueueManager: Loaded 0 queue(s).
[25-10-26 14:13:41] [INFO] [DEBUG] QueueManager has been loaded. (took 2ms)
[25-10-26 14:13:41] [INFO] [DEBUG] Starting load of QueueSignManagerImpl at 1761477221281
[25-10-26 14:13:41] [INFO] QueueSignManagerImpl: Loaded 0 queue sign(s).
[25-10-26 14:13:41] [INFO] [DEBUG] QueueSignManagerImpl has been loaded. (took 1ms)
[25-10-26 14:13:41] [INFO] [DEBUG] Starting load of RequestManager at 1761477221282
[25-10-26 14:13:41] [INFO] [DEBUG] RequestManager has been loaded. (took 0ms)
[25-10-26 14:13:41] [INFO] [DEBUG] Starting load of Teleport at 1761477221282
[25-10-26 14:13:41] [INFO] [DEBUG] Teleport has been loaded. (took 0ms)
[25-10-26 14:13:41] [INFO] [DEBUG] Starting load of ExtensionManager at 1761477221283
[25-10-26 14:13:41] [INFO] [DEBUG] ExtensionManager has been loaded. (took 0ms)
[25-10-26 14:16:44] [INFO] [DEBUG] onEnable start -> 1761477404611

[25-10-26 14:16:44] [INFO] Using Economy Provider: com.Zrips.Economy_CMI
[25-10-26 14:16:44] [INFO] [DEBUG] Starting load of Config at 1761477404674
[25-10-26 14:16:44] [INFO] [DEBUG] Config has been loaded. (took 7ms)
[25-10-26 14:16:44] [INFO] [DEBUG] Starting load of Lang at 1761477404681
[25-10-26 14:16:44] [INFO] [DEBUG] Lang has been loaded. (took 13ms)
[25-10-26 14:16:44] [INFO] [DEBUG] Starting load of UserManagerImpl at 1761477404694
[25-10-26 14:16:44] [INFO] [DEBUG] UserManagerImpl has been loaded. (took 1ms)
[25-10-26 14:16:44] [INFO] [DEBUG] Starting load of GuiListener at 1761477404695
[25-10-26 14:16:44] [INFO] [DEBUG] GuiListener has been loaded. (took 0ms)
[25-10-26 14:16:44] [INFO] [DEBUG] Starting load of KitManagerImpl at 1761477404696
[25-10-26 14:16:44] [INFO] KitManagerImpl: Loaded 0 kit(s).
[25-10-26 14:16:44] [INFO] [DEBUG] KitManagerImpl has been loaded. (took 5ms)
[25-10-26 14:16:44] [INFO] [DEBUG] Starting load of ArenaManagerImpl at 1761477404701
[25-10-26 14:16:44] [INFO] ArenaManagerImpl: Loaded 1 arena(s).
[25-10-26 14:16:44] [INFO] [DEBUG] ArenaManagerImpl has been loaded. (took 66ms)
[25-10-26 14:16:44] [INFO] [DEBUG] Starting load of SettingsManager at 1761477404768
[25-10-26 14:16:44] [INFO] [DEBUG] SettingsManager has been loaded. (took 0ms)
[25-10-26 14:16:44] [INFO] [DEBUG] Starting load of PlayerInfoManager at 1761477404768
[25-10-26 14:16:44] [INFO] [DEBUG] PlayerInfoManager has been loaded. (took 1ms)
[25-10-26 14:16:44] [INFO] [DEBUG] Starting load of SpectateManagerImpl at 1761477404769
[25-10-26 14:16:44] [INFO] [DEBUG] SpectateManagerImpl has been loaded. (took 0ms)
[25-10-26 14:16:44] [INFO] [DEBUG] Starting load of BettingManager at 1761477404769
[25-10-26 14:16:44] [INFO] [DEBUG] BettingManager has been loaded. (took 0ms)
[25-10-26 14:16:44] [INFO] [DEBUG] Starting load of InventoryManager at 1761477404769
[25-10-26 14:16:44] [INFO] [DEBUG] InventoryManager has been loaded. (took 0ms)
[25-10-26 14:16:44] [INFO] [DEBUG] Starting load of DuelManager at 1761477404769
[25-10-26 14:16:44] [INFO] [DEBUG] DuelManager has been loaded. (took 0ms)
[25-10-26 14:16:44] [INFO] [DEBUG] Starting load of QueueManager at 1761477404769
[25-10-26 14:16:44] [INFO] QueueManager: Loaded 0 queue(s).
[25-10-26 14:16:44] [INFO] [DEBUG] QueueManager has been loaded. (took 1ms)
[25-10-26 14:16:44] [INFO] [DEBUG] Starting load of QueueSignManagerImpl at 1761477404770
[25-10-26 14:16:44] [INFO] QueueSignManagerImpl: Loaded 0 queue sign(s).
[25-10-26 14:16:44] [INFO] [DEBUG] QueueSignManagerImpl has been loaded. (took 1ms)
[25-10-26 14:16:44] [INFO] [DEBUG] Starting load of RequestManager at 1761477404771
[25-10-26 14:16:44] [INFO] [DEBUG] RequestManager has been loaded. (took 0ms)
[25-10-26 14:16:44] [INFO] [DEBUG] Starting load of Teleport at 1761477404772
[25-10-26 14:16:44] [INFO] [DEBUG] Teleport has been loaded. (took 0ms)
[25-10-26 14:16:44] [INFO] [DEBUG] Starting load of ExtensionManager at 1761477404772
[25-10-26 14:16:44] [INFO] [DEBUG] ExtensionManager has been loaded. (took 1ms)
[25-10-26 14:19:23] [INFO] [DEBUG] onEnable start -> 1761477563518

[25-10-26 14:19:23] [INFO] Using Economy Provider: com.Zrips.Economy_CMI
[25-10-26 14:19:23] [INFO] [DEBUG] Starting load of Config at 1761477563580
[25-10-26 14:19:23] [INFO] [DEBUG] Config has been loaded. (took 5ms)
[25-10-26 14:19:23] [INFO] [DEBUG] Starting load of Lang at 1761477563585
[25-10-26 14:19:23] [INFO] [DEBUG] Lang has been loaded. (took 11ms)
[25-10-26 14:19:23] [INFO] [DEBUG] Starting load of UserManagerImpl at 1761477563596
[25-10-26 14:19:23] [INFO] [DEBUG] UserManagerImpl has been loaded. (took 1ms)
[25-10-26 14:19:23] [INFO] [DEBUG] Starting load of GuiListener at 1761477563597
[25-10-26 14:19:23] [INFO] [DEBUG] GuiListener has been loaded. (took 0ms)
[25-10-26 14:19:23] [INFO] [DEBUG] Starting load of KitManagerImpl at 1761477563597
[25-10-26 14:19:23] [INFO] KitManagerImpl: Loaded 0 kit(s).
[25-10-26 14:19:23] [INFO] [DEBUG] KitManagerImpl has been loaded. (took 9ms)
[25-10-26 14:19:23] [INFO] [DEBUG] Starting load of ArenaManagerImpl at 1761477563607
[25-10-26 14:19:23] [INFO] ArenaManagerImpl: Loaded 1 arena(s).
[25-10-26 14:19:23] [INFO] [DEBUG] ArenaManagerImpl has been loaded. (took 101ms)
[25-10-26 14:19:23] [INFO] [DEBUG] Starting load of SettingsManager at 1761477563708
[25-10-26 14:19:23] [INFO] [DEBUG] SettingsManager has been loaded. (took 0ms)
[25-10-26 14:19:23] [INFO] [DEBUG] Starting load of PlayerInfoManager at 1761477563708
[25-10-26 14:19:23] [INFO] [DEBUG] PlayerInfoManager has been loaded. (took 1ms)
[25-10-26 14:19:23] [INFO] [DEBUG] Starting load of SpectateManagerImpl at 1761477563709
[25-10-26 14:19:23] [INFO] [DEBUG] SpectateManagerImpl has been loaded. (took 0ms)
[25-10-26 14:19:23] [INFO] [DEBUG] Starting load of BettingManager at 1761477563709
[25-10-26 14:19:23] [INFO] [DEBUG] BettingManager has been loaded. (took 0ms)
[25-10-26 14:19:23] [INFO] [DEBUG] Starting load of InventoryManager at 1761477563709
[25-10-26 14:19:23] [INFO] [DEBUG] InventoryManager has been loaded. (took 1ms)
[25-10-26 14:19:23] [INFO] [DEBUG] Starting load of DuelManager at 1761477563710
[25-10-26 14:19:23] [INFO] [DEBUG] DuelManager has been loaded. (took 0ms)
[25-10-26 14:19:23] [INFO] [DEBUG] Starting load of QueueManager at 1761477563710
[25-10-26 14:19:23] [INFO] QueueManager: Loaded 0 queue(s).
[25-10-26 14:19:23] [INFO] [DEBUG] QueueManager has been loaded. (took 2ms)
[25-10-26 14:19:23] [INFO] [DEBUG] Starting load of QueueSignManagerImpl at 1761477563712
[25-10-26 14:19:23] [INFO] QueueSignManagerImpl: Loaded 0 queue sign(s).
[25-10-26 14:19:23] [INFO] [DEBUG] QueueSignManagerImpl has been loaded. (took 0ms)
[25-10-26 14:19:23] [INFO] [DEBUG] Starting load of RequestManager at 1761477563712
[25-10-26 14:19:23] [INFO] [DEBUG] RequestManager has been loaded. (took 0ms)
[25-10-26 14:19:23] [INFO] [DEBUG] Starting load of Teleport at 1761477563712
[25-10-26 14:19:23] [INFO] [DEBUG] Teleport has been loaded. (took 1ms)
[25-10-26 14:19:23] [INFO] [DEBUG] Starting load of ExtensionManager at 1761477563713
[25-10-26 14:19:23] [INFO] [DEBUG] ExtensionManager has been loaded. (took 0ms)
[25-10-26 14:22:56] [INFO] [DEBUG] onEnable start -> 1761477776587

[25-10-26 14:22:56] [INFO] Using Economy Provider: com.Zrips.Economy_CMI
[25-10-26 14:22:56] [INFO] [DEBUG] Starting load of Config at 1761477776635
[25-10-26 14:22:56] [INFO] [DEBUG] Config has been loaded. (took 5ms)
[25-10-26 14:22:56] [INFO] [DEBUG] Starting load of Lang at 1761477776640
[25-10-26 14:22:56] [INFO] [DEBUG] Lang has been loaded. (took 8ms)
[25-10-26 14:22:56] [INFO] [DEBUG] Starting load of UserManagerImpl at 1761477776649
[25-10-26 14:22:56] [INFO] [DEBUG] UserManagerImpl has been loaded. (took 0ms)
[25-10-26 14:22:56] [INFO] [DEBUG] Starting load of GuiListener at 1761477776649
[25-10-26 14:22:56] [INFO] [DEBUG] GuiListener has been loaded. (took 2ms)
[25-10-26 14:22:56] [INFO] [DEBUG] Starting load of KitManagerImpl at 1761477776651
[25-10-26 14:22:56] [INFO] KitManagerImpl: Loaded 0 kit(s).
[25-10-26 14:22:56] [INFO] [DEBUG] KitManagerImpl has been loaded. (took 7ms)
[25-10-26 14:22:56] [INFO] [DEBUG] Starting load of ArenaManagerImpl at 1761477776659
[25-10-26 14:22:56] [INFO] ArenaManagerImpl: Loaded 1 arena(s).
[25-10-26 14:22:56] [INFO] [DEBUG] ArenaManagerImpl has been loaded. (took 51ms)
[25-10-26 14:22:56] [INFO] [DEBUG] Starting load of SettingsManager at 1761477776710
[25-10-26 14:22:56] [INFO] [DEBUG] SettingsManager has been loaded. (took 0ms)
[25-10-26 14:22:56] [INFO] [DEBUG] Starting load of PlayerInfoManager at 1761477776710
[25-10-26 14:22:56] [INFO] [DEBUG] PlayerInfoManager has been loaded. (took 1ms)
[25-10-26 14:22:56] [INFO] [DEBUG] Starting load of SpectateManagerImpl at 1761477776711
[25-10-26 14:22:56] [INFO] [DEBUG] SpectateManagerImpl has been loaded. (took 0ms)
[25-10-26 14:22:56] [INFO] [DEBUG] Starting load of BettingManager at 1761477776711
[25-10-26 14:22:56] [INFO] [DEBUG] BettingManager has been loaded. (took 0ms)
[25-10-26 14:22:56] [INFO] [DEBUG] Starting load of InventoryManager at 1761477776711
[25-10-26 14:22:56] [INFO] [DEBUG] InventoryManager has been loaded. (took 0ms)
[25-10-26 14:22:56] [INFO] [DEBUG] Starting load of DuelManager at 1761477776711
[25-10-26 14:22:56] [INFO] [DEBUG] DuelManager has been loaded. (took 0ms)
[25-10-26 14:22:56] [INFO] [DEBUG] Starting load of QueueManager at 1761477776711
[25-10-26 14:22:56] [INFO] QueueManager: Loaded 0 queue(s).
[25-10-26 14:22:56] [INFO] [DEBUG] QueueManager has been loaded. (took 1ms)
[25-10-26 14:22:56] [INFO] [DEBUG] Starting load of QueueSignManagerImpl at 1761477776712
[25-10-26 14:22:56] [INFO] QueueSignManagerImpl: Loaded 0 queue sign(s).
[25-10-26 14:22:56] [INFO] [DEBUG] QueueSignManagerImpl has been loaded. (took 0ms)
[25-10-26 14:22:56] [INFO] [DEBUG] Starting load of RequestManager at 1761477776712
[25-10-26 14:22:56] [INFO] [DEBUG] RequestManager has been loaded. (took 0ms)
[25-10-26 14:22:56] [INFO] [DEBUG] Starting load of Teleport at 1761477776712
[25-10-26 14:22:56] [INFO] [DEBUG] Teleport has been loaded. (took 0ms)
[25-10-26 14:22:56] [INFO] [DEBUG] Starting load of ExtensionManager at 1761477776712
[25-10-26 14:22:56] [INFO] [DEBUG] ExtensionManager has been loaded. (took 1ms)
[25-10-26 14:25:31] [INFO] [DEBUG] onDisable start -> 1761477931025

[25-10-26 14:25:31] [INFO] [DEBUG] Starting unload of ExtensionManager at 1761477931031
[25-10-26 14:25:31] [INFO] [DEBUG] ExtensionManager has been unloaded. (took 2ms)
[25-10-26 14:25:31] [INFO] [DEBUG] Starting unload of Teleport at 1761477931033
[25-10-26 14:25:31] [INFO] [DEBUG] Teleport has been unloaded. (took 0ms)
[25-10-26 14:25:31] [INFO] [DEBUG] Starting unload of RequestManager at 1761477931033
[25-10-26 14:25:31] [INFO] [DEBUG] RequestManager has been unloaded. (took 1ms)
[25-10-26 14:25:31] [INFO] [DEBUG] Starting unload of QueueSignManagerImpl at 1761477931034
[25-10-26 14:25:31] [INFO] [DEBUG] QueueSignManagerImpl has been unloaded. (took 0ms)
[25-10-26 14:25:31] [INFO] [DEBUG] Starting unload of QueueManager at 1761477931034
[25-10-26 14:25:31] [INFO] [DEBUG] QueueManager has been unloaded. (took 1ms)
[25-10-26 14:25:31] [INFO] [DEBUG] Starting unload of DuelManager at 1761477931035
[25-10-26 14:25:31] [INFO] [DEBUG] DuelManager has been unloaded. (took 0ms)
[25-10-26 14:25:31] [INFO] [DEBUG] Starting unload of InventoryManager at 1761477931035
[25-10-26 14:25:31] [INFO] [DEBUG] InventoryManager has been unloaded. (took 0ms)
[25-10-26 14:25:31] [INFO] [DEBUG] Starting unload of BettingManager at 1761477931035
[25-10-26 14:25:31] [INFO] [DEBUG] BettingManager has been unloaded. (took 0ms)
[25-10-26 14:25:31] [INFO] [DEBUG] Starting unload of SpectateManagerImpl at 1761477931035
[25-10-26 14:25:31] [INFO] [DEBUG] SpectateManagerImpl has been unloaded. (took 0ms)
[25-10-26 14:25:31] [INFO] [DEBUG] Starting unload of PlayerInfoManager at 1761477931036
[25-10-26 14:25:31] [INFO] [DEBUG] PlayerInfoManager has been unloaded. (took 1ms)
[25-10-26 14:25:31] [INFO] [DEBUG] Starting unload of SettingsManager at 1761477931037
[25-10-26 14:25:31] [INFO] [DEBUG] SettingsManager has been unloaded. (took 0ms)
[25-10-26 14:25:31] [INFO] [DEBUG] Starting unload of ArenaManagerImpl at 1761477931037
[25-10-26 14:25:31] [INFO] [DEBUG] ArenaManagerImpl has been unloaded. (took 0ms)
[25-10-26 14:25:31] [INFO] [DEBUG] Starting unload of KitManagerImpl at 1761477931037
[25-10-26 14:25:31] [INFO] [DEBUG] KitManagerImpl has been unloaded. (took 0ms)
[25-10-26 14:25:31] [INFO] [DEBUG] Starting unload of GuiListener at 1761477931037
[25-10-26 14:25:31] [INFO] [DEBUG] GuiListener has been unloaded. (took 1ms)
[25-10-26 14:25:31] [INFO] [DEBUG] Starting unload of UserManagerImpl at 1761477931038
[25-10-26 14:25:31] [INFO] [DEBUG] UserManagerImpl has been unloaded. (took 94ms)
[25-10-26 14:25:31] [INFO] [DEBUG] Starting unload of Lang at 1761477931134
[25-10-26 14:25:31] [INFO] [DEBUG] Lang has been unloaded. (took 0ms)
[25-10-26 14:25:31] [INFO] [DEBUG] Starting unload of Config at 1761477931134
[25-10-26 14:25:31] [INFO] [DEBUG] Config has been unloaded. (took 0ms)
[25-10-26 14:25:31] [INFO] [DEBUG] unload done (took 109ms)
[25-10-26 14:25:31] [INFO] [DEBUG] Log#clearSources done (took 0ms)
[25-10-26 14:26:43] [INFO] [DEBUG] onEnable start -> 1761478003959

[25-10-26 14:26:44] [INFO] Using Economy Provider: com.Zrips.Economy_CMI
[25-10-26 14:26:44] [INFO] [DEBUG] Starting load of Config at 1761478004311
[25-10-26 14:26:44] [INFO] [DEBUG] Config has been loaded. (took 37ms)
[25-10-26 14:26:44] [INFO] [DEBUG] Starting load of Lang at 1761478004348
[25-10-26 14:26:44] [INFO] [DEBUG] Lang has been loaded. (took 89ms)
[25-10-26 14:26:44] [INFO] [DEBUG] Starting load of UserManagerImpl at 1761478004437
[25-10-26 14:26:44] [INFO] [DEBUG] UserManagerImpl has been loaded. (took 2ms)
[25-10-26 14:26:44] [INFO] [DEBUG] Starting load of GuiListener at 1761478004440
[25-10-26 14:26:44] [INFO] [DEBUG] GuiListener has been loaded. (took 0ms)
[25-10-26 14:26:44] [INFO] [DEBUG] Starting load of KitManagerImpl at 1761478004440
[25-10-26 14:26:44] [INFO] KitManagerImpl: Loaded 0 kit(s).
[25-10-26 14:26:44] [INFO] [DEBUG] KitManagerImpl has been loaded. (took 29ms)
[25-10-26 14:26:44] [INFO] [DEBUG] Starting load of ArenaManagerImpl at 1761478004470
[25-10-26 14:26:44] [INFO] ArenaManagerImpl: Loaded 1 arena(s).
[25-10-26 14:26:44] [INFO] [DEBUG] ArenaManagerImpl has been loaded. (took 220ms)
[25-10-26 14:26:44] [INFO] [DEBUG] Starting load of SettingsManager at 1761478004690
[25-10-26 14:26:44] [INFO] [DEBUG] SettingsManager has been loaded. (took 0ms)
[25-10-26 14:26:44] [INFO] [DEBUG] Starting load of PlayerInfoManager at 1761478004690
[25-10-26 14:26:44] [INFO] [DEBUG] PlayerInfoManager has been loaded. (took 2ms)
[25-10-26 14:26:44] [INFO] [DEBUG] Starting load of SpectateManagerImpl at 1761478004692
[25-10-26 14:26:44] [INFO] [DEBUG] SpectateManagerImpl has been loaded. (took 0ms)
[25-10-26 14:26:44] [INFO] [DEBUG] Starting load of BettingManager at 1761478004692
[25-10-26 14:26:44] [INFO] [DEBUG] BettingManager has been loaded. (took 0ms)
[25-10-26 14:26:44] [INFO] [DEBUG] Starting load of InventoryManager at 1761478004692
[25-10-26 14:26:44] [INFO] [DEBUG] InventoryManager has been loaded. (took 0ms)
[25-10-26 14:26:44] [INFO] [DEBUG] Starting load of DuelManager at 1761478004692
[25-10-26 14:26:44] [INFO] [DEBUG] DuelManager has been loaded. (took 0ms)
[25-10-26 14:26:44] [INFO] [DEBUG] Starting load of QueueManager at 1761478004692
[25-10-26 14:26:44] [INFO] QueueManager: Loaded 0 queue(s).
[25-10-26 14:26:44] [INFO] [DEBUG] QueueManager has been loaded. (took 2ms)
[25-10-26 14:26:44] [INFO] [DEBUG] Starting load of QueueSignManagerImpl at 1761478004694
[25-10-26 14:26:44] [INFO] QueueSignManagerImpl: Loaded 0 queue sign(s).
[25-10-26 14:26:44] [INFO] [DEBUG] QueueSignManagerImpl has been loaded. (took 1ms)
[25-10-26 14:26:44] [INFO] [DEBUG] Starting load of RequestManager at 1761478004696
[25-10-26 14:26:44] [INFO] [DEBUG] RequestManager has been loaded. (took 0ms)
[25-10-26 14:26:44] [INFO] [DEBUG] Starting load of Teleport at 1761478004696
[25-10-26 14:26:44] [INFO] [DEBUG] Teleport has been loaded. (took 1ms)
[25-10-26 14:26:44] [INFO] [DEBUG] Starting load of ExtensionManager at 1761478004697
[25-10-26 14:26:44] [INFO] [DEBUG] ExtensionManager has been loaded. (took 1ms)
[25-10-26 14:46:12] [INFO] [DEBUG] onDisable start -> 1761479172752

[25-10-26 14:46:12] [INFO] [DEBUG] Starting unload of ExtensionManager at 1761479172765
[25-10-26 14:46:12] [INFO] [DEBUG] ExtensionManager has been unloaded. (took 1ms)
[25-10-26 14:46:12] [INFO] [DEBUG] Starting unload of Teleport at 1761479172767
[25-10-26 14:46:12] [INFO] [DEBUG] Teleport has been unloaded. (took 0ms)
[25-10-26 14:46:12] [INFO] [DEBUG] Starting unload of RequestManager at 1761479172767
[25-10-26 14:46:12] [INFO] [DEBUG] RequestManager has been unloaded. (took 0ms)
[25-10-26 14:46:12] [INFO] [DEBUG] Starting unload of QueueSignManagerImpl at 1761479172767
[25-10-26 14:46:12] [INFO] [DEBUG] QueueSignManagerImpl has been unloaded. (took 0ms)
[25-10-26 14:46:12] [INFO] [DEBUG] Starting unload of QueueManager at 1761479172767
[25-10-26 14:46:12] [INFO] [DEBUG] QueueManager has been unloaded. (took 5ms)
[25-10-26 14:46:12] [INFO] [DEBUG] Starting unload of DuelManager at 1761479172772
[25-10-26 14:46:12] [INFO] [DEBUG] DuelManager has been unloaded. (took 2ms)
[25-10-26 14:46:12] [INFO] [DEBUG] Starting unload of InventoryManager at 1761479172774
[25-10-26 14:46:12] [INFO] [DEBUG] InventoryManager has been unloaded. (took 0ms)
[25-10-26 14:46:12] [INFO] [DEBUG] Starting unload of BettingManager at 1761479172774
[25-10-26 14:46:12] [INFO] [DEBUG] BettingManager has been unloaded. (took 0ms)
[25-10-26 14:46:12] [INFO] [DEBUG] Starting unload of SpectateManagerImpl at 1761479172775
[25-10-26 14:46:12] [INFO] [DEBUG] SpectateManagerImpl has been unloaded. (took 0ms)
[25-10-26 14:46:12] [INFO] [DEBUG] Starting unload of PlayerInfoManager at 1761479172775
[25-10-26 14:46:12] [INFO] [DEBUG] PlayerInfoManager has been unloaded. (took 3ms)
[25-10-26 14:46:12] [INFO] [DEBUG] Starting unload of SettingsManager at 1761479172778
[25-10-26 14:46:12] [INFO] [DEBUG] SettingsManager has been unloaded. (took 1ms)
[25-10-26 14:46:12] [INFO] [DEBUG] Starting unload of ArenaManagerImpl at 1761479172779
[25-10-26 14:46:12] [INFO] [DEBUG] ArenaManagerImpl has been unloaded. (took 0ms)
[25-10-26 14:46:12] [INFO] [DEBUG] Starting unload of KitManagerImpl at 1761479172780
[25-10-26 14:46:12] [INFO] [DEBUG] KitManagerImpl has been unloaded. (took 0ms)
[25-10-26 14:46:12] [INFO] [DEBUG] Starting unload of GuiListener at 1761479172780
[25-10-26 14:46:12] [INFO] [DEBUG] GuiListener has been unloaded. (took 0ms)
[25-10-26 14:46:12] [INFO] [DEBUG] Starting unload of UserManagerImpl at 1761479172780
[25-10-26 14:46:12] [INFO] [DEBUG] UserManagerImpl has been unloaded. (took 14ms)
[25-10-26 14:46:12] [INFO] [DEBUG] Starting unload of Lang at 1761479172795
[25-10-26 14:46:12] [INFO] [DEBUG] Lang has been unloaded. (took 1ms)
[25-10-26 14:46:12] [INFO] [DEBUG] Starting unload of Config at 1761479172796
[25-10-26 14:46:12] [INFO] [DEBUG] Config has been unloaded. (took 0ms)
[25-10-26 14:46:12] [INFO] [DEBUG] unload done (took 44ms)
[25-10-26 14:46:12] [INFO] [DEBUG] Log#clearSources done (took 0ms)
[25-10-26 14:47:33] [INFO] [DEBUG] onEnable start -> 1761479253714

[25-10-26 14:47:33] [INFO] Using Economy Provider: com.Zrips.Economy_CMI
[25-10-26 14:47:33] [INFO] [DEBUG] Starting load of Config at 1761479253884
[25-10-26 14:47:33] [INFO] [DEBUG] Config has been loaded. (took 18ms)
[25-10-26 14:47:33] [INFO] [DEBUG] Starting load of Lang at 1761479253903
[25-10-26 14:47:33] [INFO] [DEBUG] Lang has been loaded. (took 29ms)
[25-10-26 14:47:33] [INFO] [DEBUG] Starting load of UserManagerImpl at 1761479253932
[25-10-26 14:47:33] [INFO] [DEBUG] UserManagerImpl has been loaded. (took 1ms)
[25-10-26 14:47:33] [INFO] [DEBUG] Starting load of GuiListener at 1761479253933
[25-10-26 14:47:33] [INFO] [DEBUG] GuiListener has been loaded. (took 0ms)
[25-10-26 14:47:33] [INFO] [DEBUG] Starting load of KitManagerImpl at 1761479253933
[25-10-26 14:47:33] [INFO] KitManagerImpl: Loaded 0 kit(s).
[25-10-26 14:47:33] [INFO] [DEBUG] KitManagerImpl has been loaded. (took 17ms)
[25-10-26 14:47:33] [INFO] [DEBUG] Starting load of ArenaManagerImpl at 1761479253950
[25-10-26 14:47:34] [INFO] ArenaManagerImpl: Loaded 1 arena(s).
[25-10-26 14:47:34] [INFO] [DEBUG] ArenaManagerImpl has been loaded. (took 91ms)
[25-10-26 14:47:34] [INFO] [DEBUG] Starting load of SettingsManager at 1761479254042
[25-10-26 14:47:34] [INFO] [DEBUG] SettingsManager has been loaded. (took 0ms)
[25-10-26 14:47:34] [INFO] [DEBUG] Starting load of PlayerInfoManager at 1761479254042
[25-10-26 14:47:34] [INFO] [DEBUG] PlayerInfoManager has been loaded. (took 4ms)
[25-10-26 14:47:34] [INFO] [DEBUG] Starting load of SpectateManagerImpl at 1761479254047
[25-10-26 14:47:34] [INFO] [DEBUG] SpectateManagerImpl has been loaded. (took 0ms)
[25-10-26 14:47:34] [INFO] [DEBUG] Starting load of BettingManager at 1761479254047
[25-10-26 14:47:34] [INFO] [DEBUG] BettingManager has been loaded. (took 1ms)
[25-10-26 14:47:34] [INFO] [DEBUG] Starting load of InventoryManager at 1761479254048
[25-10-26 14:47:34] [INFO] [DEBUG] InventoryManager has been loaded. (took 2ms)
[25-10-26 14:47:34] [INFO] [DEBUG] Starting load of DuelManager at 1761479254051
[25-10-26 14:47:34] [INFO] [DEBUG] DuelManager has been loaded. (took 0ms)
[25-10-26 14:47:34] [INFO] [DEBUG] Starting load of QueueManager at 1761479254051
[25-10-26 14:47:34] [INFO] QueueManager: Loaded 0 queue(s).
[25-10-26 14:47:34] [INFO] [DEBUG] QueueManager has been loaded. (took 4ms)
[25-10-26 14:47:34] [INFO] [DEBUG] Starting load of QueueSignManagerImpl at 1761479254056
[25-10-26 14:47:34] [INFO] QueueSignManagerImpl: Loaded 0 queue sign(s).
[25-10-26 14:47:34] [INFO] [DEBUG] QueueSignManagerImpl has been loaded. (took 3ms)
[25-10-26 14:47:34] [INFO] [DEBUG] Starting load of RequestManager at 1761479254060
[25-10-26 14:47:34] [INFO] [DEBUG] RequestManager has been loaded. (took 0ms)
[25-10-26 14:47:34] [INFO] [DEBUG] Starting load of Teleport at 1761479254060
[25-10-26 14:47:34] [INFO] [DEBUG] Teleport has been loaded. (took 2ms)
[25-10-26 14:47:34] [INFO] [DEBUG] Starting load of ExtensionManager at 1761479254062
[25-10-26 14:47:34] [INFO] [DEBUG] ExtensionManager has been loaded. (took 2ms)
[25-10-26 14:56:34] [INFO] [DEBUG] onDisable start -> 1761479794671

[25-10-26 14:56:34] [INFO] [DEBUG] Starting unload of ExtensionManager at 1761479794687
[25-10-26 14:56:34] [INFO] [DEBUG] ExtensionManager has been unloaded. (took 3ms)
[25-10-26 14:56:34] [INFO] [DEBUG] Starting unload of Teleport at 1761479794690
[25-10-26 14:56:34] [INFO] [DEBUG] Teleport has been unloaded. (took 0ms)
[25-10-26 14:56:34] [INFO] [DEBUG] Starting unload of RequestManager at 1761479794690
[25-10-26 14:56:34] [INFO] [DEBUG] RequestManager has been unloaded. (took 0ms)
[25-10-26 14:56:34] [INFO] [DEBUG] Starting unload of QueueSignManagerImpl at 1761479794690
[25-10-26 14:56:34] [INFO] [DEBUG] QueueSignManagerImpl has been unloaded. (took 0ms)
[25-10-26 14:56:34] [INFO] [DEBUG] Starting unload of QueueManager at 1761479794690
[25-10-26 14:56:34] [INFO] [DEBUG] QueueManager has been unloaded. (took 2ms)
[25-10-26 14:56:34] [INFO] [DEBUG] Starting unload of DuelManager at 1761479794692
[25-10-26 14:56:34] [INFO] [DEBUG] DuelManager has been unloaded. (took 2ms)
[25-10-26 14:56:34] [INFO] [DEBUG] Starting unload of InventoryManager at 1761479794694
[25-10-26 14:56:34] [INFO] [DEBUG] InventoryManager has been unloaded. (took 0ms)
[25-10-26 14:56:34] [INFO] [DEBUG] Starting unload of BettingManager at 1761479794694
[25-10-26 14:56:34] [INFO] [DEBUG] BettingManager has been unloaded. (took 0ms)
[25-10-26 14:56:34] [INFO] [DEBUG] Starting unload of SpectateManagerImpl at 1761479794694
[25-10-26 14:56:34] [INFO] [DEBUG] SpectateManagerImpl has been unloaded. (took 1ms)
[25-10-26 14:56:34] [INFO] [DEBUG] Starting unload of PlayerInfoManager at 1761479794696
[25-10-26 14:56:34] [INFO] [DEBUG] PlayerInfoManager has been unloaded. (took 3ms)
[25-10-26 14:56:34] [INFO] [DEBUG] Starting unload of SettingsManager at 1761479794699
[25-10-26 14:56:34] [INFO] [DEBUG] SettingsManager has been unloaded. (took 0ms)
[25-10-26 14:56:34] [INFO] [DEBUG] Starting unload of ArenaManagerImpl at 1761479794699
[25-10-26 14:56:34] [INFO] [DEBUG] ArenaManagerImpl has been unloaded. (took 1ms)
[25-10-26 14:56:34] [INFO] [DEBUG] Starting unload of KitManagerImpl at 1761479794700
[25-10-26 14:56:34] [INFO] [DEBUG] KitManagerImpl has been unloaded. (took 0ms)
[25-10-26 14:56:34] [INFO] [DEBUG] Starting unload of GuiListener at 1761479794700
[25-10-26 14:56:34] [INFO] [DEBUG] GuiListener has been unloaded. (took 1ms)
[25-10-26 14:56:34] [INFO] [DEBUG] Starting unload of UserManagerImpl at 1761479794701
[25-10-26 14:56:34] [INFO] [DEBUG] UserManagerImpl has been unloaded. (took 6ms)
[25-10-26 14:56:34] [INFO] [DEBUG] Starting unload of Lang at 1761479794707
[25-10-26 14:56:34] [INFO] [DEBUG] Lang has been unloaded. (took 0ms)
[25-10-26 14:56:34] [INFO] [DEBUG] Starting unload of Config at 1761479794707
[25-10-26 14:56:34] [INFO] [DEBUG] Config has been unloaded. (took 2ms)
[25-10-26 14:56:34] [INFO] [DEBUG] unload done (took 38ms)
[25-10-26 14:56:34] [INFO] [DEBUG] Log#clearSources done (took 0ms)
[25-10-26 14:57:26] [INFO] [DEBUG] onEnable start -> 1761479846041

[25-10-26 14:57:26] [INFO] Using Economy Provider: com.Zrips.Economy_CMI
[25-10-26 14:57:26] [INFO] [DEBUG] Starting load of Config at 1761479846099
[25-10-26 14:57:26] [INFO] [DEBUG] Config has been loaded. (took 5ms)
[25-10-26 14:57:26] [INFO] [DEBUG] Starting load of Lang at 1761479846104
[25-10-26 14:57:26] [INFO] [DEBUG] Lang has been loaded. (took 9ms)
[25-10-26 14:57:26] [INFO] [DEBUG] Starting load of UserManagerImpl at 1761479846113
[25-10-26 14:57:26] [INFO] [DEBUG] UserManagerImpl has been loaded. (took 1ms)
[25-10-26 14:57:26] [INFO] [DEBUG] Starting load of GuiListener at 1761479846114
[25-10-26 14:57:26] [INFO] [DEBUG] GuiListener has been loaded. (took 0ms)
[25-10-26 14:57:26] [INFO] [DEBUG] Starting load of KitManagerImpl at 1761479846114
[25-10-26 14:57:26] [INFO] KitManagerImpl: Loaded 0 kit(s).
[25-10-26 14:57:26] [INFO] [DEBUG] KitManagerImpl has been loaded. (took 7ms)
[25-10-26 14:57:26] [INFO] [DEBUG] Starting load of ArenaManagerImpl at 1761479846121
[25-10-26 14:57:26] [INFO] ArenaManagerImpl: Loaded 1 arena(s).
[25-10-26 14:57:26] [INFO] [DEBUG] ArenaManagerImpl has been loaded. (took 67ms)
[25-10-26 14:57:26] [INFO] [DEBUG] Starting load of SettingsManager at 1761479846188
[25-10-26 14:57:26] [INFO] [DEBUG] SettingsManager has been loaded. (took 0ms)
[25-10-26 14:57:26] [INFO] [DEBUG] Starting load of PlayerInfoManager at 1761479846188
[25-10-26 14:57:26] [INFO] [DEBUG] PlayerInfoManager has been loaded. (took 1ms)
[25-10-26 14:57:26] [INFO] [DEBUG] Starting load of SpectateManagerImpl at 1761479846189
[25-10-26 14:57:26] [INFO] [DEBUG] SpectateManagerImpl has been loaded. (took 0ms)
[25-10-26 14:57:26] [INFO] [DEBUG] Starting load of BettingManager at 1761479846189
[25-10-26 14:57:26] [INFO] [DEBUG] BettingManager has been loaded. (took 0ms)
[25-10-26 14:57:26] [INFO] [DEBUG] Starting load of InventoryManager at 1761479846189
[25-10-26 14:57:26] [INFO] [DEBUG] InventoryManager has been loaded. (took 0ms)
[25-10-26 14:57:26] [INFO] [DEBUG] Starting load of DuelManager at 1761479846189
[25-10-26 14:57:26] [INFO] [DEBUG] DuelManager has been loaded. (took 1ms)
[25-10-26 14:57:26] [INFO] [DEBUG] Starting load of QueueManager at 1761479846190
[25-10-26 14:57:26] [INFO] QueueManager: Loaded 0 queue(s).
[25-10-26 14:57:26] [INFO] [DEBUG] QueueManager has been loaded. (took 0ms)
[25-10-26 14:57:26] [INFO] [DEBUG] Starting load of QueueSignManagerImpl at 1761479846190
[25-10-26 14:57:26] [INFO] QueueSignManagerImpl: Loaded 0 queue sign(s).
[25-10-26 14:57:26] [INFO] [DEBUG] QueueSignManagerImpl has been loaded. (took 1ms)
[25-10-26 14:57:26] [INFO] [DEBUG] Starting load of RequestManager at 1761479846191
[25-10-26 14:57:26] [INFO] [DEBUG] RequestManager has been loaded. (took 0ms)
[25-10-26 14:57:26] [INFO] [DEBUG] Starting load of Teleport at 1761479846191
[25-10-26 14:57:26] [INFO] [DEBUG] Teleport has been loaded. (took 0ms)
[25-10-26 14:57:26] [INFO] [DEBUG] Starting load of ExtensionManager at 1761479846191
[25-10-26 14:57:26] [INFO] [DEBUG] ExtensionManager has been loaded. (took 0ms)
[25-10-26 15:15:48] [INFO] [DEBUG] onDisable start -> 1761480948745

[25-10-26 15:15:48] [INFO] [DEBUG] Starting unload of ExtensionManager at 1761480948761
[25-10-26 15:15:48] [INFO] [DEBUG] ExtensionManager has been unloaded. (took 1ms)
[25-10-26 15:15:48] [INFO] [DEBUG] Starting unload of Teleport at 1761480948762
[25-10-26 15:15:48] [INFO] [DEBUG] Teleport has been unloaded. (took 0ms)
[25-10-26 15:15:48] [INFO] [DEBUG] Starting unload of RequestManager at 1761480948762
[25-10-26 15:15:48] [INFO] [DEBUG] RequestManager has been unloaded. (took 0ms)
[25-10-26 15:15:48] [INFO] [DEBUG] Starting unload of QueueSignManagerImpl at 1761480948762
[25-10-26 15:15:48] [INFO] [DEBUG] QueueSignManagerImpl has been unloaded. (took 1ms)
[25-10-26 15:15:48] [INFO] [DEBUG] Starting unload of QueueManager at 1761480948764
[25-10-26 15:15:48] [INFO] [DEBUG] QueueManager has been unloaded. (took 0ms)
[25-10-26 15:15:48] [INFO] [DEBUG] Starting unload of DuelManager at 1761480948764
[25-10-26 15:15:48] [INFO] [DEBUG] DuelManager has been unloaded. (took 0ms)
[25-10-26 15:15:48] [INFO] [DEBUG] Starting unload of InventoryManager at 1761480948764
[25-10-26 15:15:48] [INFO] [DEBUG] InventoryManager has been unloaded. (took 0ms)
[25-10-26 15:15:48] [INFO] [DEBUG] Starting unload of BettingManager at 1761480948764
[25-10-26 15:15:48] [INFO] [DEBUG] BettingManager has been unloaded. (took 1ms)
[25-10-26 15:15:48] [INFO] [DEBUG] Starting unload of SpectateManagerImpl at 1761480948765
[25-10-26 15:15:48] [INFO] [DEBUG] SpectateManagerImpl has been unloaded. (took 0ms)
[25-10-26 15:15:48] [INFO] [DEBUG] Starting unload of PlayerInfoManager at 1761480948765
[25-10-26 15:15:48] [INFO] [DEBUG] PlayerInfoManager has been unloaded. (took 1ms)
[25-10-26 15:15:48] [INFO] [DEBUG] Starting unload of SettingsManager at 1761480948766
[25-10-26 15:15:48] [INFO] [DEBUG] SettingsManager has been unloaded. (took 0ms)
[25-10-26 15:15:48] [INFO] [DEBUG] Starting unload of ArenaManagerImpl at 1761480948767
[25-10-26 15:15:48] [INFO] [DEBUG] ArenaManagerImpl has been unloaded. (took 0ms)
[25-10-26 15:15:48] [INFO] [DEBUG] Starting unload of KitManagerImpl at 1761480948767
[25-10-26 15:15:48] [INFO] [DEBUG] KitManagerImpl has been unloaded. (took 0ms)
[25-10-26 15:15:48] [INFO] [DEBUG] Starting unload of GuiListener at 1761480948767
[25-10-26 15:15:48] [INFO] [DEBUG] GuiListener has been unloaded. (took 1ms)
[25-10-26 15:15:48] [INFO] [DEBUG] Starting unload of UserManagerImpl at 1761480948768
[25-10-26 15:15:48] [INFO] [DEBUG] UserManagerImpl has been unloaded. (took 0ms)
[25-10-26 15:15:48] [INFO] [DEBUG] Starting unload of Lang at 1761480948768
[25-10-26 15:15:48] [INFO] [DEBUG] Lang has been unloaded. (took 1ms)
[25-10-26 15:15:48] [INFO] [DEBUG] Starting unload of Config at 1761480948769
[25-10-26 15:15:48] [INFO] [DEBUG] Config has been unloaded. (took 0ms)
[25-10-26 15:15:48] [INFO] [DEBUG] unload done (took 24ms)
[25-10-26 15:15:48] [INFO] [DEBUG] Log#clearSources done (took 0ms)
[25-10-26 15:16:44] [INFO] [DEBUG] onEnable start -> 1761481004512

[25-10-26 15:16:44] [INFO] Using Economy Provider: com.Zrips.Economy_CMI
[25-10-26 15:16:44] [INFO] [DEBUG] Starting load of Config at 1761481004564
[25-10-26 15:16:44] [INFO] [DEBUG] Config has been loaded. (took 6ms)
[25-10-26 15:16:44] [INFO] [DEBUG] Starting load of Lang at 1761481004570
[25-10-26 15:16:44] [INFO] [DEBUG] Lang has been loaded. (took 8ms)
[25-10-26 15:16:44] [INFO] [DEBUG] Starting load of UserManagerImpl at 1761481004579
[25-10-26 15:16:44] [INFO] [DEBUG] UserManagerImpl has been loaded. (took 0ms)
[25-10-26 15:16:44] [INFO] [DEBUG] Starting load of GuiListener at 1761481004579
[25-10-26 15:16:44] [INFO] [DEBUG] GuiListener has been loaded. (took 0ms)
[25-10-26 15:16:44] [INFO] [DEBUG] Starting load of KitManagerImpl at 1761481004579
[25-10-26 15:16:44] [INFO] KitManagerImpl: Loaded 0 kit(s).
[25-10-26 15:16:44] [INFO] [DEBUG] KitManagerImpl has been loaded. (took 8ms)
[25-10-26 15:16:44] [INFO] [DEBUG] Starting load of ArenaManagerImpl at 1761481004587
[25-10-26 15:16:44] [INFO] ArenaManagerImpl: Loaded 1 arena(s).
[25-10-26 15:16:44] [INFO] [DEBUG] ArenaManagerImpl has been loaded. (took 69ms)
[25-10-26 15:16:44] [INFO] [DEBUG] Starting load of SettingsManager at 1761481004656
[25-10-26 15:16:44] [INFO] [DEBUG] SettingsManager has been loaded. (took 0ms)
[25-10-26 15:16:44] [INFO] [DEBUG] Starting load of PlayerInfoManager at 1761481004656
[25-10-26 15:16:44] [INFO] [DEBUG] PlayerInfoManager has been loaded. (took 2ms)
[25-10-26 15:16:44] [INFO] [DEBUG] Starting load of SpectateManagerImpl at 1761481004658
[25-10-26 15:16:44] [INFO] [DEBUG] SpectateManagerImpl has been loaded. (took 0ms)
[25-10-26 15:16:44] [INFO] [DEBUG] Starting load of BettingManager at 1761481004658
[25-10-26 15:16:44] [INFO] [DEBUG] BettingManager has been loaded. (took 0ms)
[25-10-26 15:16:44] [INFO] [DEBUG] Starting load of InventoryManager at 1761481004658
[25-10-26 15:16:44] [INFO] [DEBUG] InventoryManager has been loaded. (took 0ms)
[25-10-26 15:16:44] [INFO] [DEBUG] Starting load of DuelManager at 1761481004659
[25-10-26 15:16:44] [INFO] [DEBUG] DuelManager has been loaded. (took 0ms)
[25-10-26 15:16:44] [INFO] [DEBUG] Starting load of QueueManager at 1761481004659
[25-10-26 15:16:44] [INFO] QueueManager: Loaded 0 queue(s).
[25-10-26 15:16:44] [INFO] [DEBUG] QueueManager has been loaded. (took 1ms)
[25-10-26 15:16:44] [INFO] [DEBUG] Starting load of QueueSignManagerImpl at 1761481004660
[25-10-26 15:16:44] [INFO] QueueSignManagerImpl: Loaded 0 queue sign(s).
[25-10-26 15:16:44] [INFO] [DEBUG] QueueSignManagerImpl has been loaded. (took 0ms)
[25-10-26 15:16:44] [INFO] [DEBUG] Starting load of RequestManager at 1761481004660
[25-10-26 15:16:44] [INFO] [DEBUG] RequestManager has been loaded. (took 0ms)
[25-10-26 15:16:44] [INFO] [DEBUG] Starting load of Teleport at 1761481004660
[25-10-26 15:16:44] [INFO] [DEBUG] Teleport has been loaded. (took 0ms)
[25-10-26 15:16:44] [INFO] [DEBUG] Starting load of ExtensionManager at 1761481004660
[25-10-26 15:16:44] [INFO] [DEBUG] ExtensionManager has been loaded. (took 1ms)
[25-10-26 15:39:37] [INFO] [DEBUG] onDisable start -> 1761482377505

[25-10-26 15:39:37] [INFO] [DEBUG] Starting unload of ExtensionManager at 1761482377511
[25-10-26 15:39:37] [INFO] [DEBUG] ExtensionManager has been unloaded. (took 1ms)
[25-10-26 15:39:37] [INFO] [DEBUG] Starting unload of Teleport at 1761482377512
[25-10-26 15:39:37] [INFO] [DEBUG] Teleport has been unloaded. (took 0ms)
[25-10-26 15:39:37] [INFO] [DEBUG] Starting unload of RequestManager at 1761482377512
[25-10-26 15:39:37] [INFO] [DEBUG] RequestManager has been unloaded. (took 0ms)
[25-10-26 15:39:37] [INFO] [DEBUG] Starting unload of QueueSignManagerImpl at 1761482377512
[25-10-26 15:39:37] [INFO] [DEBUG] QueueSignManagerImpl has been unloaded. (took 0ms)
[25-10-26 15:39:37] [INFO] [DEBUG] Starting unload of QueueManager at 1761482377512
[25-10-26 15:39:37] [INFO] [DEBUG] QueueManager has been unloaded. (took 1ms)
[25-10-26 15:39:37] [INFO] [DEBUG] Starting unload of DuelManager at 1761482377513
[25-10-26 15:39:37] [INFO] [DEBUG] DuelManager has been unloaded. (took 0ms)
[25-10-26 15:39:37] [INFO] [DEBUG] Starting unload of InventoryManager at 1761482377513
[25-10-26 15:39:37] [INFO] [DEBUG] InventoryManager has been unloaded. (took 0ms)
[25-10-26 15:39:37] [INFO] [DEBUG] Starting unload of BettingManager at 1761482377513
[25-10-26 15:39:37] [INFO] [DEBUG] BettingManager has been unloaded. (took 0ms)
[25-10-26 15:39:37] [INFO] [DEBUG] Starting unload of SpectateManagerImpl at 1761482377513
[25-10-26 15:39:37] [INFO] [DEBUG] SpectateManagerImpl has been unloaded. (took 0ms)
[25-10-26 15:39:37] [INFO] [DEBUG] Starting unload of PlayerInfoManager at 1761482377513
[25-10-26 15:39:37] [INFO] [DEBUG] PlayerInfoManager has been unloaded. (took 1ms)
[25-10-26 15:39:37] [INFO] [DEBUG] Starting unload of SettingsManager at 1761482377514
[25-10-26 15:39:37] [INFO] [DEBUG] SettingsManager has been unloaded. (took 0ms)
[25-10-26 15:39:37] [INFO] [DEBUG] Starting unload of ArenaManagerImpl at 1761482377514
[25-10-26 15:39:37] [INFO] [DEBUG] ArenaManagerImpl has been unloaded. (took 0ms)
[25-10-26 15:39:37] [INFO] [DEBUG] Starting unload of KitManagerImpl at 1761482377514
[25-10-26 15:39:37] [INFO] [DEBUG] KitManagerImpl has been unloaded. (took 0ms)
[25-10-26 15:39:37] [INFO] [DEBUG] Starting unload of GuiListener at 1761482377514
[25-10-26 15:39:37] [INFO] [DEBUG] GuiListener has been unloaded. (took 1ms)
[25-10-26 15:39:37] [INFO] [DEBUG] Starting unload of UserManagerImpl at 1761482377515
[25-10-26 15:39:37] [INFO] [DEBUG] UserManagerImpl has been unloaded. (took 0ms)
[25-10-26 15:39:37] [INFO] [DEBUG] Starting unload of Lang at 1761482377515
[25-10-26 15:39:37] [INFO] [DEBUG] Lang has been unloaded. (took 0ms)
[25-10-26 15:39:37] [INFO] [DEBUG] Starting unload of Config at 1761482377515
[25-10-26 15:39:37] [INFO] [DEBUG] Config has been unloaded. (took 0ms)
[25-10-26 15:39:37] [INFO] [DEBUG] unload done (took 10ms)
[25-10-26 15:39:37] [INFO] [DEBUG] Log#clearSources done (took 0ms)
[25-10-26 21:21:34] [INFO] [DEBUG] onEnable start -> 1761502894189

[25-10-26 21:21:34] [INFO] Using Economy Provider: com.Zrips.Economy_CMI
[25-10-26 21:21:34] [INFO] [DEBUG] Starting load of Config at 1761502894252
[25-10-26 21:21:34] [INFO] [DEBUG] Config has been loaded. (took 5ms)
[25-10-26 21:21:34] [INFO] [DEBUG] Starting load of Lang at 1761502894257
[25-10-26 21:21:34] [INFO] [DEBUG] Lang has been loaded. (took 10ms)
[25-10-26 21:21:34] [INFO] [DEBUG] Starting load of UserManagerImpl at 1761502894268
[25-10-26 21:21:34] [INFO] [DEBUG] UserManagerImpl has been loaded. (took 0ms)
[25-10-26 21:21:34] [INFO] [DEBUG] Starting load of GuiListener at 1761502894268
[25-10-26 21:21:34] [INFO] [DEBUG] GuiListener has been loaded. (took 0ms)
[25-10-26 21:21:34] [INFO] [DEBUG] Starting load of KitManagerImpl at 1761502894268
[25-10-26 21:21:34] [INFO] KitManagerImpl: Loaded 0 kit(s).
[25-10-26 21:21:34] [INFO] [DEBUG] KitManagerImpl has been loaded. (took 6ms)
[25-10-26 21:21:34] [INFO] [DEBUG] Starting load of ArenaManagerImpl at 1761502894274
[25-10-26 21:21:34] [INFO] ArenaManagerImpl: Loaded 1 arena(s).
[25-10-26 21:21:34] [INFO] [DEBUG] ArenaManagerImpl has been loaded. (took 49ms)
[25-10-26 21:21:34] [INFO] [DEBUG] Starting load of SettingsManager at 1761502894323
[25-10-26 21:21:34] [INFO] [DEBUG] SettingsManager has been loaded. (took 0ms)
[25-10-26 21:21:34] [INFO] [DEBUG] Starting load of PlayerInfoManager at 1761502894324
[25-10-26 21:21:34] [INFO] [DEBUG] PlayerInfoManager has been loaded. (took 0ms)
[25-10-26 21:21:34] [INFO] [DEBUG] Starting load of SpectateManagerImpl at 1761502894324
[25-10-26 21:21:34] [INFO] [DEBUG] SpectateManagerImpl has been loaded. (took 0ms)
[25-10-26 21:21:34] [INFO] [DEBUG] Starting load of BettingManager at 1761502894324
[25-10-26 21:21:34] [INFO] [DEBUG] BettingManager has been loaded. (took 0ms)
[25-10-26 21:21:34] [INFO] [DEBUG] Starting load of InventoryManager at 1761502894324
[25-10-26 21:21:34] [INFO] [DEBUG] InventoryManager has been loaded. (took 0ms)
[25-10-26 21:21:34] [INFO] [DEBUG] Starting load of DuelManager at 1761502894324
[25-10-26 21:21:34] [INFO] [DEBUG] DuelManager has been loaded. (took 0ms)
[25-10-26 21:21:34] [INFO] [DEBUG] Starting load of QueueManager at 1761502894324
[25-10-26 21:21:34] [INFO] QueueManager: Loaded 0 queue(s).
[25-10-26 21:21:34] [INFO] [DEBUG] QueueManager has been loaded. (took 1ms)
[25-10-26 21:21:34] [INFO] [DEBUG] Starting load of QueueSignManagerImpl at 1761502894325
[25-10-26 21:21:34] [INFO] QueueSignManagerImpl: Loaded 0 queue sign(s).
[25-10-26 21:21:34] [INFO] [DEBUG] QueueSignManagerImpl has been loaded. (took 0ms)
[25-10-26 21:21:34] [INFO] [DEBUG] Starting load of RequestManager at 1761502894325
[25-10-26 21:21:34] [INFO] [DEBUG] RequestManager has been loaded. (took 0ms)
[25-10-26 21:21:34] [INFO] [DEBUG] Starting load of Teleport at 1761502894325
[25-10-26 21:21:34] [INFO] [DEBUG] Teleport has been loaded. (took 1ms)
[25-10-26 21:21:34] [INFO] [DEBUG] Starting load of ExtensionManager at 1761502894326
[25-10-26 21:21:34] [INFO] [DEBUG] ExtensionManager has been loaded. (took 0ms)
[25-10-26 21:45:28] [INFO] [DEBUG] onDisable start -> 1761504328205

[25-10-26 21:45:28] [INFO] [DEBUG] Starting unload of ExtensionManager at 1761504328219
[25-10-26 21:45:28] [INFO] [DEBUG] ExtensionManager has been unloaded. (took 1ms)
[25-10-26 21:45:28] [INFO] [DEBUG] Starting unload of Teleport at 1761504328220
[25-10-26 21:45:28] [INFO] [DEBUG] Teleport has been unloaded. (took 0ms)
[25-10-26 21:45:28] [INFO] [DEBUG] Starting unload of RequestManager at 1761504328220
[25-10-26 21:45:28] [INFO] [DEBUG] RequestManager has been unloaded. (took 0ms)
[25-10-26 21:45:28] [INFO] [DEBUG] Starting unload of QueueSignManagerImpl at 1761504328220
[25-10-26 21:45:28] [INFO] [DEBUG] QueueSignManagerImpl has been unloaded. (took 1ms)
[25-10-26 21:45:28] [INFO] [DEBUG] Starting unload of QueueManager at 1761504328221
[25-10-26 21:45:28] [INFO] [DEBUG] QueueManager has been unloaded. (took 2ms)
[25-10-26 21:45:28] [INFO] [DEBUG] Starting unload of DuelManager at 1761504328223
[25-10-26 21:45:28] [INFO] [DEBUG] DuelManager has been unloaded. (took 1ms)
[25-10-26 21:45:28] [INFO] [DEBUG] Starting unload of InventoryManager at 1761504328224
[25-10-26 21:45:28] [INFO] [DEBUG] InventoryManager has been unloaded. (took 0ms)
[25-10-26 21:45:28] [INFO] [DEBUG] Starting unload of BettingManager at 1761504328224
[25-10-26 21:45:28] [INFO] [DEBUG] BettingManager has been unloaded. (took 0ms)
[25-10-26 21:45:28] [INFO] [DEBUG] Starting unload of SpectateManagerImpl at 1761504328224
[25-10-26 21:45:28] [INFO] [DEBUG] SpectateManagerImpl has been unloaded. (took 0ms)
[25-10-26 21:45:28] [INFO] [DEBUG] Starting unload of PlayerInfoManager at 1761504328224
[25-10-26 21:45:28] [INFO] [DEBUG] PlayerInfoManager has been unloaded. (took 3ms)
[25-10-26 21:45:28] [INFO] [DEBUG] Starting unload of SettingsManager at 1761504328228
[25-10-26 21:45:28] [INFO] [DEBUG] SettingsManager has been unloaded. (took 0ms)
[25-10-26 21:45:28] [INFO] [DEBUG] Starting unload of ArenaManagerImpl at 1761504328228
[25-10-26 21:45:28] [INFO] [DEBUG] ArenaManagerImpl has been unloaded. (took 1ms)
[25-10-26 21:45:28] [INFO] [DEBUG] Starting unload of KitManagerImpl at 1761504328229
[25-10-26 21:45:28] [INFO] [DEBUG] KitManagerImpl has been unloaded. (took 0ms)
[25-10-26 21:45:28] [INFO] [DEBUG] Starting unload of GuiListener at 1761504328229
[25-10-26 21:45:28] [INFO] [DEBUG] GuiListener has been unloaded. (took 3ms)
[25-10-26 21:45:28] [INFO] [DEBUG] Starting unload of UserManagerImpl at 1761504328232
[25-10-26 21:45:28] [INFO] [DEBUG] UserManagerImpl has been unloaded. (took 0ms)
[25-10-26 21:45:28] [INFO] [DEBUG] Starting unload of Lang at 1761504328232
[25-10-26 21:45:28] [INFO] [DEBUG] Lang has been unloaded. (took 1ms)
[25-10-26 21:45:28] [INFO] [DEBUG] Starting unload of Config at 1761504328233
[25-10-26 21:45:28] [INFO] [DEBUG] Config has been unloaded. (took 0ms)
[25-10-26 21:45:28] [INFO] [DEBUG] unload done (took 28ms)
[25-10-26 21:45:28] [INFO] [DEBUG] Log#clearSources done (took 1ms)
