[25-11-16 15:38:06] [INFO] [DEBUG] onEnable start -> 1763296686325

[25-11-16 15:38:06] [INFO] Using Economy Provider: com.Zrips.Economy_CMI
[25-11-16 15:38:06] [INFO] [DEBUG] Starting load of Config at 1763296686606
[25-11-16 15:38:06] [INFO] [DEBUG] Config has been loaded. (took 17ms)
[25-11-16 15:38:06] [INFO] [DEBUG] Starting load of Lang at 1763296686624
[25-11-16 15:38:06] [INFO] [DEBUG] Lang has been loaded. (took 45ms)
[25-11-16 15:38:06] [INFO] [DEBUG] Starting load of UserManagerImpl at 1763296686670
[25-11-16 15:38:06] [INFO] [DEBUG] UserManagerImpl has been loaded. (took 1ms)
[25-11-16 15:38:06] [INFO] [DEBUG] Starting load of GuiListener at 1763296686671
[25-11-16 15:38:06] [INFO] [DEBUG] GuiListener has been loaded. (took 1ms)
[25-11-16 15:38:06] [INFO] [DEBUG] Starting load of KitManagerImpl at 1763296686672
[25-11-16 15:38:06] [INFO] KitManagerImpl: Loaded 0 kit(s).
[25-11-16 15:38:06] [INFO] [DEBUG] KitManagerImpl has been loaded. (took 23ms)
[25-11-16 15:38:06] [INFO] [DEBUG] Starting load of ArenaManagerImpl at 1763296686695
[25-11-16 15:38:06] [INFO] ArenaManagerImpl: Loaded 1 arena(s).
[25-11-16 15:38:06] [INFO] [DEBUG] ArenaManagerImpl has been loaded. (took 105ms)
[25-11-16 15:38:06] [INFO] [DEBUG] Starting load of SettingsManager at 1763296686800
[25-11-16 15:38:06] [INFO] [DEBUG] SettingsManager has been loaded. (took 0ms)
[25-11-16 15:38:06] [INFO] [DEBUG] Starting load of PlayerInfoManager at 1763296686800
[25-11-16 15:38:06] [INFO] [DEBUG] PlayerInfoManager has been loaded. (took 4ms)
[25-11-16 15:38:06] [INFO] [DEBUG] Starting load of SpectateManagerImpl at 1763296686805
[25-11-16 15:38:06] [INFO] [DEBUG] SpectateManagerImpl has been loaded. (took 0ms)
[25-11-16 15:38:06] [INFO] [DEBUG] Starting load of BettingManager at 1763296686805
[25-11-16 15:38:06] [INFO] [DEBUG] BettingManager has been loaded. (took 0ms)
[25-11-16 15:38:06] [INFO] [DEBUG] Starting load of InventoryManager at 1763296686805
[25-11-16 15:38:06] [INFO] [DEBUG] InventoryManager has been loaded. (took 1ms)
[25-11-16 15:38:06] [INFO] [DEBUG] Starting load of DuelManager at 1763296686806
[25-11-16 15:38:06] [INFO] [DEBUG] DuelManager has been loaded. (took 0ms)
[25-11-16 15:38:06] [INFO] [DEBUG] Starting load of QueueManager at 1763296686806
[25-11-16 15:38:06] [INFO] QueueManager: Loaded 0 queue(s).
[25-11-16 15:38:06] [INFO] [DEBUG] QueueManager has been loaded. (took 4ms)
[25-11-16 15:38:06] [INFO] [DEBUG] Starting load of QueueSignManagerImpl at 1763296686811
[25-11-16 15:38:06] [INFO] QueueSignManagerImpl: Loaded 0 queue sign(s).
[25-11-16 15:38:06] [INFO] [DEBUG] QueueSignManagerImpl has been loaded. (took 2ms)
[25-11-16 15:38:06] [INFO] [DEBUG] Starting load of RequestManager at 1763296686813
[25-11-16 15:38:06] [INFO] [DEBUG] RequestManager has been loaded. (took 0ms)
[25-11-16 15:38:06] [INFO] [DEBUG] Starting load of Teleport at 1763296686813
[25-11-16 15:38:06] [INFO] [DEBUG] Teleport has been loaded. (took 2ms)
[25-11-16 15:38:06] [INFO] [DEBUG] Starting load of ExtensionManager at 1763296686815
[25-11-16 15:38:06] [INFO] [DEBUG] ExtensionManager has been loaded. (took 3ms)
[25-11-16 15:50:20] [INFO] [DEBUG] onDisable start -> 1763297420513

[25-11-16 15:50:20] [INFO] [DEBUG] Starting unload of ExtensionManager at 1763297420522
[25-11-16 15:50:20] [INFO] [DEBUG] ExtensionManager has been unloaded. (took 1ms)
[25-11-16 15:50:20] [INFO] [DEBUG] Starting unload of Teleport at 1763297420523
[25-11-16 15:50:20] [INFO] [DEBUG] Teleport has been unloaded. (took 0ms)
[25-11-16 15:50:20] [INFO] [DEBUG] Starting unload of RequestManager at 1763297420523
[25-11-16 15:50:20] [INFO] [DEBUG] RequestManager has been unloaded. (took 0ms)
[25-11-16 15:50:20] [INFO] [DEBUG] Starting unload of QueueSignManagerImpl at 1763297420523
[25-11-16 15:50:20] [INFO] [DEBUG] QueueSignManagerImpl has been unloaded. (took 0ms)
[25-11-16 15:50:20] [INFO] [DEBUG] Starting unload of QueueManager at 1763297420524
[25-11-16 15:50:20] [INFO] [DEBUG] QueueManager has been unloaded. (took 1ms)
[25-11-16 15:50:20] [INFO] [DEBUG] Starting unload of DuelManager at 1763297420525
[25-11-16 15:50:20] [INFO] [DEBUG] DuelManager has been unloaded. (took 2ms)
[25-11-16 15:50:20] [INFO] [DEBUG] Starting unload of InventoryManager at 1763297420527
[25-11-16 15:50:20] [INFO] [DEBUG] InventoryManager has been unloaded. (took 0ms)
[25-11-16 15:50:20] [INFO] [DEBUG] Starting unload of BettingManager at 1763297420527
[25-11-16 15:50:20] [INFO] [DEBUG] BettingManager has been unloaded. (took 0ms)
[25-11-16 15:50:20] [INFO] [DEBUG] Starting unload of SpectateManagerImpl at 1763297420527
[25-11-16 15:50:20] [INFO] [DEBUG] SpectateManagerImpl has been unloaded. (took 0ms)
[25-11-16 15:50:20] [INFO] [DEBUG] Starting unload of PlayerInfoManager at 1763297420528
[25-11-16 15:50:20] [INFO] [DEBUG] PlayerInfoManager has been unloaded. (took 2ms)
[25-11-16 15:50:20] [INFO] [DEBUG] Starting unload of SettingsManager at 1763297420530
[25-11-16 15:50:20] [INFO] [DEBUG] SettingsManager has been unloaded. (took 0ms)
[25-11-16 15:50:20] [INFO] [DEBUG] Starting unload of ArenaManagerImpl at 1763297420530
[25-11-16 15:50:20] [INFO] [DEBUG] ArenaManagerImpl has been unloaded. (took 0ms)
[25-11-16 15:50:20] [INFO] [DEBUG] Starting unload of KitManagerImpl at 1763297420530
[25-11-16 15:50:20] [INFO] [DEBUG] KitManagerImpl has been unloaded. (took 0ms)
[25-11-16 15:50:20] [INFO] [DEBUG] Starting unload of GuiListener at 1763297420531
[25-11-16 15:50:20] [INFO] [DEBUG] GuiListener has been unloaded. (took 1ms)
[25-11-16 15:50:20] [INFO] [DEBUG] Starting unload of UserManagerImpl at 1763297420532
[25-11-16 15:50:20] [INFO] [DEBUG] UserManagerImpl has been unloaded. (took 2ms)
[25-11-16 15:50:20] [INFO] [DEBUG] Starting unload of Lang at 1763297420534
[25-11-16 15:50:20] [INFO] [DEBUG] Lang has been unloaded. (took 0ms)
[25-11-16 15:50:20] [INFO] [DEBUG] Starting unload of Config at 1763297420534
[25-11-16 15:50:20] [INFO] [DEBUG] Config has been unloaded. (took 0ms)
[25-11-16 15:50:20] [INFO] [DEBUG] unload done (took 21ms)
[25-11-16 15:50:20] [INFO] [DEBUG] Log#clearSources done (took 1ms)
