[26-01-08 02:59:54] [INFO] [DEBUG] onEnable start -> 1767830394831

[26-01-08 02:59:54] [INFO] Using Economy Provider: com.Zrips.Economy_CMI
[26-01-08 02:59:54] [INFO] [DEBUG] Starting load of Config at 1767830394869
[26-01-08 02:59:54] [INFO] [DEBUG] Config has been loaded. (took 15ms)
[26-01-08 02:59:54] [INFO] [DEBUG] Starting load of Lang at 1767830394884
[26-01-08 02:59:54] [INFO] [DEBUG] Lang has been loaded. (took 15ms)
[26-01-08 02:59:54] [INFO] [DEBUG] Starting load of UserManagerImpl at 1767830394899
[26-01-08 02:59:54] [INFO] [DEBUG] UserManagerImpl has been loaded. (took 0ms)
[26-01-08 02:59:54] [INFO] [DEBUG] Starting load of GuiListener at 1767830394899
[26-01-08 02:59:54] [INFO] [DEBUG] GuiListener has been loaded. (took 1ms)
[26-01-08 02:59:54] [INFO] [DEBUG] Starting load of KitManagerImpl at 1767830394900
[26-01-08 02:59:54] [INFO] KitManagerImpl: Loaded 0 kit(s).
[26-01-08 02:59:54] [INFO] [DEBUG] KitManagerImpl has been loaded. (took 4ms)
[26-01-08 02:59:54] [INFO] [DEBUG] Starting load of ArenaManagerImpl at 1767830394904
[26-01-08 02:59:54] [INFO] ArenaManagerImpl: Loaded 1 arena(s).
[26-01-08 02:59:54] [INFO] [DEBUG] ArenaManagerImpl has been loaded. (took 52ms)
[26-01-08 02:59:54] [INFO] [DEBUG] Starting load of SettingsManager at 1767830394956
[26-01-08 02:59:54] [INFO] [DEBUG] SettingsManager has been loaded. (took 0ms)
[26-01-08 02:59:54] [INFO] [DEBUG] Starting load of PlayerInfoManager at 1767830394956
[26-01-08 02:59:54] [INFO] [DEBUG] PlayerInfoManager has been loaded. (took 10ms)
[26-01-08 02:59:54] [INFO] [DEBUG] Starting load of SpectateManagerImpl at 1767830394966
[26-01-08 02:59:54] [INFO] [DEBUG] SpectateManagerImpl has been loaded. (took 0ms)
[26-01-08 02:59:54] [INFO] [DEBUG] Starting load of BettingManager at 1767830394966
[26-01-08 02:59:54] [INFO] [DEBUG] BettingManager has been loaded. (took 0ms)
[26-01-08 02:59:54] [INFO] [DEBUG] Starting load of InventoryManager at 1767830394966
[26-01-08 02:59:54] [INFO] [DEBUG] InventoryManager has been loaded. (took 0ms)
[26-01-08 02:59:54] [INFO] [DEBUG] Starting load of DuelManager at 1767830394966
[26-01-08 02:59:54] [INFO] [DEBUG] DuelManager has been loaded. (took 0ms)
[26-01-08 02:59:54] [INFO] [DEBUG] Starting load of QueueManager at 1767830394966
[26-01-08 02:59:54] [INFO] QueueManager: Loaded 0 queue(s).
[26-01-08 02:59:54] [INFO] [DEBUG] QueueManager has been loaded. (took 1ms)
[26-01-08 02:59:54] [INFO] [DEBUG] Starting load of QueueSignManagerImpl at 1767830394967
[26-01-08 02:59:54] [INFO] QueueSignManagerImpl: Loaded 0 queue sign(s).
[26-01-08 02:59:54] [INFO] [DEBUG] QueueSignManagerImpl has been loaded. (took 1ms)
[26-01-08 02:59:54] [INFO] [DEBUG] Starting load of RequestManager at 1767830394968
[26-01-08 02:59:54] [INFO] [DEBUG] RequestManager has been loaded. (took 0ms)
[26-01-08 02:59:54] [INFO] [DEBUG] Starting load of Teleport at 1767830394968
[26-01-08 02:59:54] [INFO] [DEBUG] Teleport has been loaded. (took 0ms)
[26-01-08 02:59:54] [INFO] [DEBUG] Starting load of ExtensionManager at 1767830394968
[26-01-08 02:59:54] [INFO] [DEBUG] ExtensionManager has been loaded. (took 1ms)
[26-01-08 06:15:25] [INFO] [DEBUG] onDisable start -> 1767842125442

[26-01-08 06:15:25] [INFO] [DEBUG] Starting unload of ExtensionManager at 1767842125444
[26-01-08 06:15:25] [INFO] [DEBUG] ExtensionManager has been unloaded. (took 0ms)
[26-01-08 06:15:25] [INFO] [DEBUG] Starting unload of Teleport at 1767842125444
[26-01-08 06:15:25] [INFO] [DEBUG] Teleport has been unloaded. (took 0ms)
[26-01-08 06:15:25] [INFO] [DEBUG] Starting unload of RequestManager at 1767842125444
[26-01-08 06:15:25] [INFO] [DEBUG] RequestManager has been unloaded. (took 1ms)
[26-01-08 06:15:25] [INFO] [DEBUG] Starting unload of QueueSignManagerImpl at 1767842125445
[26-01-08 06:15:25] [INFO] [DEBUG] QueueSignManagerImpl has been unloaded. (took 0ms)
[26-01-08 06:15:25] [INFO] [DEBUG] Starting unload of QueueManager at 1767842125445
[26-01-08 06:15:25] [INFO] [DEBUG] QueueManager has been unloaded. (took 0ms)
[26-01-08 06:15:25] [INFO] [DEBUG] Starting unload of DuelManager at 1767842125445
[26-01-08 06:15:25] [INFO] [DEBUG] DuelManager has been unloaded. (took 0ms)
[26-01-08 06:15:25] [INFO] [DEBUG] Starting unload of InventoryManager at 1767842125445
[26-01-08 06:15:25] [INFO] [DEBUG] InventoryManager has been unloaded. (took 0ms)
[26-01-08 06:15:25] [INFO] [DEBUG] Starting unload of BettingManager at 1767842125445
[26-01-08 06:15:25] [INFO] [DEBUG] BettingManager has been unloaded. (took 0ms)
[26-01-08 06:15:25] [INFO] [DEBUG] Starting unload of SpectateManagerImpl at 1767842125445
[26-01-08 06:15:25] [INFO] [DEBUG] SpectateManagerImpl has been unloaded. (took 0ms)
[26-01-08 06:15:25] [INFO] [DEBUG] Starting unload of PlayerInfoManager at 1767842125445
[26-01-08 06:15:25] [INFO] [DEBUG] PlayerInfoManager has been unloaded. (took 0ms)
[26-01-08 06:15:25] [INFO] [DEBUG] Starting unload of SettingsManager at 1767842125445
[26-01-08 06:15:25] [INFO] [DEBUG] SettingsManager has been unloaded. (took 0ms)
[26-01-08 06:15:25] [INFO] [DEBUG] Starting unload of ArenaManagerImpl at 1767842125445
[26-01-08 06:15:25] [INFO] [DEBUG] ArenaManagerImpl has been unloaded. (took 0ms)
[26-01-08 06:15:25] [INFO] [DEBUG] Starting unload of KitManagerImpl at 1767842125445
[26-01-08 06:15:25] [INFO] [DEBUG] KitManagerImpl has been unloaded. (took 0ms)
[26-01-08 06:15:25] [INFO] [DEBUG] Starting unload of GuiListener at 1767842125445
[26-01-08 06:15:25] [INFO] [DEBUG] GuiListener has been unloaded. (took 0ms)
[26-01-08 06:15:25] [INFO] [DEBUG] Starting unload of UserManagerImpl at 1767842125445
[26-01-08 06:15:25] [INFO] [DEBUG] UserManagerImpl has been unloaded. (took 1ms)
[26-01-08 06:15:25] [INFO] [DEBUG] Starting unload of Lang at 1767842125446
[26-01-08 06:15:25] [INFO] [DEBUG] Lang has been unloaded. (took 0ms)
[26-01-08 06:15:25] [INFO] [DEBUG] Starting unload of Config at 1767842125446
[26-01-08 06:15:25] [INFO] [DEBUG] Config has been unloaded. (took 0ms)
[26-01-08 06:15:25] [INFO] [DEBUG] unload done (took 4ms)
[26-01-08 06:15:25] [INFO] [DEBUG] Log#clearSources done (took 0ms)
[26-01-08 06:16:29] [INFO] [DEBUG] onEnable start -> 1767842189420

[26-01-08 06:16:29] [INFO] Using Economy Provider: com.Zrips.Economy_CMI
[26-01-08 06:16:29] [INFO] [DEBUG] Starting load of Config at 1767842189466
[26-01-08 06:16:29] [INFO] [DEBUG] Config has been loaded. (took 5ms)
[26-01-08 06:16:29] [INFO] [DEBUG] Starting load of Lang at 1767842189471
[26-01-08 06:16:29] [INFO] [DEBUG] Lang has been loaded. (took 7ms)
[26-01-08 06:16:29] [INFO] [DEBUG] Starting load of UserManagerImpl at 1767842189479
[26-01-08 06:16:29] [INFO] [DEBUG] UserManagerImpl has been loaded. (took 0ms)
[26-01-08 06:16:29] [INFO] [DEBUG] Starting load of GuiListener at 1767842189479
[26-01-08 06:16:29] [INFO] [DEBUG] GuiListener has been loaded. (took 0ms)
[26-01-08 06:16:29] [INFO] [DEBUG] Starting load of KitManagerImpl at 1767842189479
[26-01-08 06:16:29] [INFO] KitManagerImpl: Loaded 0 kit(s).
[26-01-08 06:16:29] [INFO] [DEBUG] KitManagerImpl has been loaded. (took 7ms)
[26-01-08 06:16:29] [INFO] [DEBUG] Starting load of ArenaManagerImpl at 1767842189486
[26-01-08 06:16:29] [INFO] ArenaManagerImpl: Loaded 1 arena(s).
[26-01-08 06:16:29] [INFO] [DEBUG] ArenaManagerImpl has been loaded. (took 48ms)
[26-01-08 06:16:29] [INFO] [DEBUG] Starting load of SettingsManager at 1767842189534
[26-01-08 06:16:29] [INFO] [DEBUG] SettingsManager has been loaded. (took 0ms)
[26-01-08 06:16:29] [INFO] [DEBUG] Starting load of PlayerInfoManager at 1767842189534
[26-01-08 06:16:29] [INFO] [DEBUG] PlayerInfoManager has been loaded. (took 0ms)
[26-01-08 06:16:29] [INFO] [DEBUG] Starting load of SpectateManagerImpl at 1767842189534
[26-01-08 06:16:29] [INFO] [DEBUG] SpectateManagerImpl has been loaded. (took 1ms)
[26-01-08 06:16:29] [INFO] [DEBUG] Starting load of BettingManager at 1767842189535
[26-01-08 06:16:29] [INFO] [DEBUG] BettingManager has been loaded. (took 0ms)
[26-01-08 06:16:29] [INFO] [DEBUG] Starting load of InventoryManager at 1767842189535
[26-01-08 06:16:29] [INFO] [DEBUG] InventoryManager has been loaded. (took 0ms)
[26-01-08 06:16:29] [INFO] [DEBUG] Starting load of DuelManager at 1767842189535
[26-01-08 06:16:29] [INFO] [DEBUG] DuelManager has been loaded. (took 0ms)
[26-01-08 06:16:29] [INFO] [DEBUG] Starting load of QueueManager at 1767842189535
[26-01-08 06:16:29] [INFO] QueueManager: Loaded 0 queue(s).
[26-01-08 06:16:29] [INFO] [DEBUG] QueueManager has been loaded. (took 1ms)
[26-01-08 06:16:29] [INFO] [DEBUG] Starting load of QueueSignManagerImpl at 1767842189536
[26-01-08 06:16:29] [INFO] QueueSignManagerImpl: Loaded 0 queue sign(s).
[26-01-08 06:16:29] [INFO] [DEBUG] QueueSignManagerImpl has been loaded. (took 0ms)
[26-01-08 06:16:29] [INFO] [DEBUG] Starting load of RequestManager at 1767842189536
[26-01-08 06:16:29] [INFO] [DEBUG] RequestManager has been loaded. (took 0ms)
[26-01-08 06:16:29] [INFO] [DEBUG] Starting load of Teleport at 1767842189536
[26-01-08 06:16:29] [INFO] [DEBUG] Teleport has been loaded. (took 0ms)
[26-01-08 06:16:29] [INFO] [DEBUG] Starting load of ExtensionManager at 1767842189536
[26-01-08 06:16:29] [INFO] [DEBUG] ExtensionManager has been loaded. (took 1ms)
[26-01-08 07:08:34] [INFO] [DEBUG] onEnable start -> 1767845314475

[26-01-08 07:08:34] [INFO] Using Economy Provider: com.Zrips.Economy_CMI
[26-01-08 07:08:34] [INFO] [DEBUG] Starting load of Config at 1767845314524
[26-01-08 07:08:34] [INFO] [DEBUG] Config has been loaded. (took 5ms)
[26-01-08 07:08:34] [INFO] [DEBUG] Starting load of Lang at 1767845314529
[26-01-08 07:08:34] [INFO] [DEBUG] Lang has been loaded. (took 9ms)
[26-01-08 07:08:34] [INFO] [DEBUG] Starting load of UserManagerImpl at 1767845314538
[26-01-08 07:08:34] [INFO] [DEBUG] UserManagerImpl has been loaded. (took 1ms)
[26-01-08 07:08:34] [INFO] [DEBUG] Starting load of GuiListener at 1767845314539
[26-01-08 07:08:34] [INFO] [DEBUG] GuiListener has been loaded. (took 0ms)
[26-01-08 07:08:34] [INFO] [DEBUG] Starting load of KitManagerImpl at 1767845314539
[26-01-08 07:08:34] [INFO] KitManagerImpl: Loaded 0 kit(s).
[26-01-08 07:08:34] [INFO] [DEBUG] KitManagerImpl has been loaded. (took 6ms)
[26-01-08 07:08:34] [INFO] [DEBUG] Starting load of ArenaManagerImpl at 1767845314545
[26-01-08 07:08:34] [INFO] ArenaManagerImpl: Loaded 1 arena(s).
[26-01-08 07:08:34] [INFO] [DEBUG] ArenaManagerImpl has been loaded. (took 45ms)
[26-01-08 07:08:34] [INFO] [DEBUG] Starting load of SettingsManager at 1767845314590
[26-01-08 07:08:34] [INFO] [DEBUG] SettingsManager has been loaded. (took 0ms)
[26-01-08 07:08:34] [INFO] [DEBUG] Starting load of PlayerInfoManager at 1767845314590
[26-01-08 07:08:34] [INFO] [DEBUG] PlayerInfoManager has been loaded. (took 0ms)
[26-01-08 07:08:34] [INFO] [DEBUG] Starting load of SpectateManagerImpl at 1767845314590
[26-01-08 07:08:34] [INFO] [DEBUG] SpectateManagerImpl has been loaded. (took 0ms)
[26-01-08 07:08:34] [INFO] [DEBUG] Starting load of BettingManager at 1767845314590
[26-01-08 07:08:34] [INFO] [DEBUG] BettingManager has been loaded. (took 1ms)
[26-01-08 07:08:34] [INFO] [DEBUG] Starting load of InventoryManager at 1767845314591
[26-01-08 07:08:34] [INFO] [DEBUG] InventoryManager has been loaded. (took 0ms)
[26-01-08 07:08:34] [INFO] [DEBUG] Starting load of DuelManager at 1767845314591
[26-01-08 07:08:34] [INFO] [DEBUG] DuelManager has been loaded. (took 0ms)
[26-01-08 07:08:34] [INFO] [DEBUG] Starting load of QueueManager at 1767845314591
[26-01-08 07:08:34] [INFO] QueueManager: Loaded 0 queue(s).
[26-01-08 07:08:34] [INFO] [DEBUG] QueueManager has been loaded. (took 1ms)
[26-01-08 07:08:34] [INFO] [DEBUG] Starting load of QueueSignManagerImpl at 1767845314592
[26-01-08 07:08:34] [INFO] QueueSignManagerImpl: Loaded 0 queue sign(s).
[26-01-08 07:08:34] [INFO] [DEBUG] QueueSignManagerImpl has been loaded. (took 0ms)
[26-01-08 07:08:34] [INFO] [DEBUG] Starting load of RequestManager at 1767845314593
[26-01-08 07:08:34] [INFO] [DEBUG] RequestManager has been loaded. (took 0ms)
[26-01-08 07:08:34] [INFO] [DEBUG] Starting load of Teleport at 1767845314593
[26-01-08 07:08:34] [INFO] [DEBUG] Teleport has been loaded. (took 0ms)
[26-01-08 07:08:34] [INFO] [DEBUG] Starting load of ExtensionManager at 1767845314593
[26-01-08 07:08:34] [INFO] [DEBUG] ExtensionManager has been loaded. (took 0ms)
[26-01-08 08:16:33] [INFO] [DEBUG] onDisable start -> 1767849393864

[26-01-08 08:16:33] [INFO] [DEBUG] Starting unload of ExtensionManager at 1767849393865
[26-01-08 08:16:33] [INFO] [DEBUG] ExtensionManager has been unloaded. (took 0ms)
[26-01-08 08:16:33] [INFO] [DEBUG] Starting unload of Teleport at 1767849393865
[26-01-08 08:16:33] [INFO] [DEBUG] Teleport has been unloaded. (took 0ms)
[26-01-08 08:16:33] [INFO] [DEBUG] Starting unload of RequestManager at 1767849393865
[26-01-08 08:16:33] [INFO] [DEBUG] RequestManager has been unloaded. (took 0ms)
[26-01-08 08:16:33] [INFO] [DEBUG] Starting unload of QueueSignManagerImpl at 1767849393865
[26-01-08 08:16:33] [INFO] [DEBUG] QueueSignManagerImpl has been unloaded. (took 0ms)
[26-01-08 08:16:33] [INFO] [DEBUG] Starting unload of QueueManager at 1767849393865
[26-01-08 08:16:33] [INFO] [DEBUG] QueueManager has been unloaded. (took 1ms)
[26-01-08 08:16:33] [INFO] [DEBUG] Starting unload of DuelManager at 1767849393866
[26-01-08 08:16:33] [INFO] [DEBUG] DuelManager has been unloaded. (took 0ms)
[26-01-08 08:16:33] [INFO] [DEBUG] Starting unload of InventoryManager at 1767849393866
[26-01-08 08:16:33] [INFO] [DEBUG] InventoryManager has been unloaded. (took 0ms)
[26-01-08 08:16:33] [INFO] [DEBUG] Starting unload of BettingManager at 1767849393866
[26-01-08 08:16:33] [INFO] [DEBUG] BettingManager has been unloaded. (took 0ms)
[26-01-08 08:16:33] [INFO] [DEBUG] Starting unload of SpectateManagerImpl at 1767849393866
[26-01-08 08:16:33] [INFO] [DEBUG] SpectateManagerImpl has been unloaded. (took 0ms)
[26-01-08 08:16:33] [INFO] [DEBUG] Starting unload of PlayerInfoManager at 1767849393866
[26-01-08 08:16:33] [INFO] [DEBUG] PlayerInfoManager has been unloaded. (took 0ms)
[26-01-08 08:16:33] [INFO] [DEBUG] Starting unload of SettingsManager at 1767849393866
[26-01-08 08:16:33] [INFO] [DEBUG] SettingsManager has been unloaded. (took 0ms)
[26-01-08 08:16:33] [INFO] [DEBUG] Starting unload of ArenaManagerImpl at 1767849393866
[26-01-08 08:16:33] [INFO] [DEBUG] ArenaManagerImpl has been unloaded. (took 0ms)
[26-01-08 08:16:33] [INFO] [DEBUG] Starting unload of KitManagerImpl at 1767849393866
[26-01-08 08:16:33] [INFO] [DEBUG] KitManagerImpl has been unloaded. (took 0ms)
[26-01-08 08:16:33] [INFO] [DEBUG] Starting unload of GuiListener at 1767849393866
[26-01-08 08:16:33] [INFO] [DEBUG] GuiListener has been unloaded. (took 0ms)
[26-01-08 08:16:33] [INFO] [DEBUG] Starting unload of UserManagerImpl at 1767849393866
[26-01-08 08:16:33] [INFO] [DEBUG] UserManagerImpl has been unloaded. (took 16ms)
[26-01-08 08:16:33] [INFO] [DEBUG] Starting unload of Lang at 1767849393882
[26-01-08 08:16:33] [INFO] [DEBUG] Lang has been unloaded. (took 1ms)
[26-01-08 08:16:33] [INFO] [DEBUG] Starting unload of Config at 1767849393883
[26-01-08 08:16:33] [INFO] [DEBUG] Config has been unloaded. (took 0ms)
[26-01-08 08:16:33] [INFO] [DEBUG] unload done (took 19ms)
[26-01-08 08:16:33] [INFO] [DEBUG] Log#clearSources done (took 0ms)
[26-01-08 08:17:35] [INFO] [DEBUG] onEnable start -> 1767849455257

[26-01-08 08:17:35] [INFO] Using Economy Provider: com.Zrips.Economy_CMI
[26-01-08 08:17:35] [INFO] [DEBUG] Starting load of Config at 1767849455304
[26-01-08 08:17:35] [INFO] [DEBUG] Config has been loaded. (took 4ms)
[26-01-08 08:17:35] [INFO] [DEBUG] Starting load of Lang at 1767849455308
[26-01-08 08:17:35] [INFO] [DEBUG] Lang has been loaded. (took 18ms)
[26-01-08 08:17:35] [INFO] [DEBUG] Starting load of UserManagerImpl at 1767849455326
[26-01-08 08:17:35] [INFO] [DEBUG] UserManagerImpl has been loaded. (took 1ms)
[26-01-08 08:17:35] [INFO] [DEBUG] Starting load of GuiListener at 1767849455327
[26-01-08 08:17:35] [INFO] [DEBUG] GuiListener has been loaded. (took 0ms)
[26-01-08 08:17:35] [INFO] [DEBUG] Starting load of KitManagerImpl at 1767849455327
[26-01-08 08:17:35] [INFO] KitManagerImpl: Loaded 0 kit(s).
[26-01-08 08:17:35] [INFO] [DEBUG] KitManagerImpl has been loaded. (took 6ms)
[26-01-08 08:17:35] [INFO] [DEBUG] Starting load of ArenaManagerImpl at 1767849455333
[26-01-08 08:17:35] [INFO] ArenaManagerImpl: Loaded 1 arena(s).
[26-01-08 08:17:35] [INFO] [DEBUG] ArenaManagerImpl has been loaded. (took 55ms)
[26-01-08 08:17:35] [INFO] [DEBUG] Starting load of SettingsManager at 1767849455388
[26-01-08 08:17:35] [INFO] [DEBUG] SettingsManager has been loaded. (took 0ms)
[26-01-08 08:17:35] [INFO] [DEBUG] Starting load of PlayerInfoManager at 1767849455388
[26-01-08 08:17:35] [INFO] [DEBUG] PlayerInfoManager has been loaded. (took 1ms)
[26-01-08 08:17:35] [INFO] [DEBUG] Starting load of SpectateManagerImpl at 1767849455389
[26-01-08 08:17:35] [INFO] [DEBUG] SpectateManagerImpl has been loaded. (took 0ms)
[26-01-08 08:17:35] [INFO] [DEBUG] Starting load of BettingManager at 1767849455389
[26-01-08 08:17:35] [INFO] [DEBUG] BettingManager has been loaded. (took 0ms)
[26-01-08 08:17:35] [INFO] [DEBUG] Starting load of InventoryManager at 1767849455389
[26-01-08 08:17:35] [INFO] [DEBUG] InventoryManager has been loaded. (took 0ms)
[26-01-08 08:17:35] [INFO] [DEBUG] Starting load of DuelManager at 1767849455389
[26-01-08 08:17:35] [INFO] [DEBUG] DuelManager has been loaded. (took 1ms)
[26-01-08 08:17:35] [INFO] [DEBUG] Starting load of QueueManager at 1767849455390
[26-01-08 08:17:35] [INFO] QueueManager: Loaded 0 queue(s).
[26-01-08 08:17:35] [INFO] [DEBUG] QueueManager has been loaded. (took 0ms)
[26-01-08 08:17:35] [INFO] [DEBUG] Starting load of QueueSignManagerImpl at 1767849455390
[26-01-08 08:17:35] [INFO] QueueSignManagerImpl: Loaded 0 queue sign(s).
[26-01-08 08:17:35] [INFO] [DEBUG] QueueSignManagerImpl has been loaded. (took 1ms)
[26-01-08 08:17:35] [INFO] [DEBUG] Starting load of RequestManager at 1767849455391
[26-01-08 08:17:35] [INFO] [DEBUG] RequestManager has been loaded. (took 0ms)
[26-01-08 08:17:35] [INFO] [DEBUG] Starting load of Teleport at 1767849455391
[26-01-08 08:17:35] [INFO] [DEBUG] Teleport has been loaded. (took 0ms)
[26-01-08 08:17:35] [INFO] [DEBUG] Starting load of ExtensionManager at 1767849455391
[26-01-08 08:17:35] [INFO] [DEBUG] ExtensionManager has been loaded. (took 1ms)
[26-01-08 08:32:24] [INFO] [DEBUG] onDisable start -> 1767850344211

[26-01-08 08:32:24] [INFO] [DEBUG] Starting unload of ExtensionManager at 1767850344213
[26-01-08 08:32:24] [INFO] [DEBUG] ExtensionManager has been unloaded. (took 0ms)
[26-01-08 08:32:24] [INFO] [DEBUG] Starting unload of Teleport at 1767850344213
[26-01-08 08:32:24] [INFO] [DEBUG] Teleport has been unloaded. (took 0ms)
[26-01-08 08:32:24] [INFO] [DEBUG] Starting unload of RequestManager at 1767850344213
[26-01-08 08:32:24] [INFO] [DEBUG] RequestManager has been unloaded. (took 0ms)
[26-01-08 08:32:24] [INFO] [DEBUG] Starting unload of QueueSignManagerImpl at 1767850344213
[26-01-08 08:32:24] [INFO] [DEBUG] QueueSignManagerImpl has been unloaded. (took 0ms)
[26-01-08 08:32:24] [INFO] [DEBUG] Starting unload of QueueManager at 1767850344213
[26-01-08 08:32:24] [INFO] [DEBUG] QueueManager has been unloaded. (took 1ms)
[26-01-08 08:32:24] [INFO] [DEBUG] Starting unload of DuelManager at 1767850344214
[26-01-08 08:32:24] [INFO] [DEBUG] DuelManager has been unloaded. (took 0ms)
[26-01-08 08:32:24] [INFO] [DEBUG] Starting unload of InventoryManager at 1767850344214
[26-01-08 08:32:24] [INFO] [DEBUG] InventoryManager has been unloaded. (took 0ms)
[26-01-08 08:32:24] [INFO] [DEBUG] Starting unload of BettingManager at 1767850344214
[26-01-08 08:32:24] [INFO] [DEBUG] BettingManager has been unloaded. (took 0ms)
[26-01-08 08:32:24] [INFO] [DEBUG] Starting unload of SpectateManagerImpl at 1767850344214
[26-01-08 08:32:24] [INFO] [DEBUG] SpectateManagerImpl has been unloaded. (took 0ms)
[26-01-08 08:32:24] [INFO] [DEBUG] Starting unload of PlayerInfoManager at 1767850344214
[26-01-08 08:32:24] [INFO] [DEBUG] PlayerInfoManager has been unloaded. (took 0ms)
[26-01-08 08:32:24] [INFO] [DEBUG] Starting unload of SettingsManager at 1767850344214
[26-01-08 08:32:24] [INFO] [DEBUG] SettingsManager has been unloaded. (took 0ms)
[26-01-08 08:32:24] [INFO] [DEBUG] Starting unload of ArenaManagerImpl at 1767850344214
[26-01-08 08:32:24] [INFO] [DEBUG] ArenaManagerImpl has been unloaded. (took 0ms)
[26-01-08 08:32:24] [INFO] [DEBUG] Starting unload of KitManagerImpl at 1767850344214
[26-01-08 08:32:24] [INFO] [DEBUG] KitManagerImpl has been unloaded. (took 0ms)
[26-01-08 08:32:24] [INFO] [DEBUG] Starting unload of GuiListener at 1767850344214
[26-01-08 08:32:24] [INFO] [DEBUG] GuiListener has been unloaded. (took 0ms)
[26-01-08 08:32:24] [INFO] [DEBUG] Starting unload of UserManagerImpl at 1767850344214
[26-01-08 08:32:24] [INFO] [DEBUG] UserManagerImpl has been unloaded. (took 0ms)
[26-01-08 08:32:24] [INFO] [DEBUG] Starting unload of Lang at 1767850344214
[26-01-08 08:32:24] [INFO] [DEBUG] Lang has been unloaded. (took 0ms)
[26-01-08 08:32:24] [INFO] [DEBUG] Starting unload of Config at 1767850344214
[26-01-08 08:32:24] [INFO] [DEBUG] Config has been unloaded. (took 0ms)
[26-01-08 08:32:24] [INFO] [DEBUG] unload done (took 3ms)
[26-01-08 08:32:24] [INFO] [DEBUG] Log#clearSources done (took 0ms)
