[26-01-09 04:42:40] [INFO] [DEBUG] onEnable start -> 1767922960364

[26-01-09 04:42:40] [INFO] Using Economy Provider: com.Zrips.Economy_CMI
[26-01-09 04:42:40] [INFO] [DEBUG] Starting load of Config at 1767922960420
[26-01-09 04:42:40] [INFO] [DEBUG] Config has been loaded. (took 17ms)
[26-01-09 04:42:40] [INFO] [DEBUG] Starting load of Lang at 1767922960437
[26-01-09 04:42:40] [INFO] [DEBUG] Lang has been loaded. (took 21ms)
[26-01-09 04:42:40] [INFO] [DEBUG] Starting load of UserManagerImpl at 1767922960458
[26-01-09 04:42:40] [INFO] [DEBUG] UserManagerImpl has been loaded. (took 0ms)
[26-01-09 04:42:40] [INFO] [DEBUG] Starting load of GuiListener at 1767922960458
[26-01-09 04:42:40] [INFO] [DEBUG] GuiListener has been loaded. (took 0ms)
[26-01-09 04:42:40] [INFO] [DEBUG] Starting load of KitManagerImpl at 1767922960458
[26-01-09 04:42:40] [INFO] KitManagerImpl: Loaded 0 kit(s).
[26-01-09 04:42:40] [INFO] [DEBUG] KitManagerImpl has been loaded. (took 6ms)
[26-01-09 04:42:40] [INFO] [DEBUG] Starting load of ArenaManagerImpl at 1767922960465
[26-01-09 04:42:40] [INFO] ArenaManagerImpl: Loaded 1 arena(s).
[26-01-09 04:42:40] [INFO] [DEBUG] ArenaManagerImpl has been loaded. (took 61ms)
[26-01-09 04:42:40] [INFO] [DEBUG] Starting load of SettingsManager at 1767922960526
[26-01-09 04:42:40] [INFO] [DEBUG] SettingsManager has been loaded. (took 0ms)
[26-01-09 04:42:40] [INFO] [DEBUG] Starting load of PlayerInfoManager at 1767922960526
[26-01-09 04:42:40] [INFO] [DEBUG] PlayerInfoManager has been loaded. (took 10ms)
[26-01-09 04:42:40] [INFO] [DEBUG] Starting load of SpectateManagerImpl at 1767922960536
[26-01-09 04:42:40] [INFO] [DEBUG] SpectateManagerImpl has been loaded. (took 1ms)
[26-01-09 04:42:40] [INFO] [DEBUG] Starting load of BettingManager at 1767922960537
[26-01-09 04:42:40] [INFO] [DEBUG] BettingManager has been loaded. (took 0ms)
[26-01-09 04:42:40] [INFO] [DEBUG] Starting load of InventoryManager at 1767922960537
[26-01-09 04:42:40] [INFO] [DEBUG] InventoryManager has been loaded. (took 0ms)
[26-01-09 04:42:40] [INFO] [DEBUG] Starting load of DuelManager at 1767922960537
[26-01-09 04:42:40] [INFO] [DEBUG] DuelManager has been loaded. (took 0ms)
[26-01-09 04:42:40] [INFO] [DEBUG] Starting load of QueueManager at 1767922960537
[26-01-09 04:42:40] [INFO] QueueManager: Loaded 0 queue(s).
[26-01-09 04:42:40] [INFO] [DEBUG] QueueManager has been loaded. (took 1ms)
[26-01-09 04:42:40] [INFO] [DEBUG] Starting load of QueueSignManagerImpl at 1767922960538
[26-01-09 04:42:40] [INFO] QueueSignManagerImpl: Loaded 0 queue sign(s).
[26-01-09 04:42:40] [INFO] [DEBUG] QueueSignManagerImpl has been loaded. (took 1ms)
[26-01-09 04:42:40] [INFO] [DEBUG] Starting load of RequestManager at 1767922960539
[26-01-09 04:42:40] [INFO] [DEBUG] RequestManager has been loaded. (took 0ms)
[26-01-09 04:42:40] [INFO] [DEBUG] Starting load of Teleport at 1767922960539
[26-01-09 04:42:40] [INFO] [DEBUG] Teleport has been loaded. (took 0ms)
[26-01-09 04:42:40] [INFO] [DEBUG] Starting load of ExtensionManager at 1767922960539
[26-01-09 04:42:40] [INFO] [DEBUG] ExtensionManager has been loaded. (took 0ms)
[26-01-09 07:42:59] [INFO] [DEBUG] onDisable start -> 1767933779190

[26-01-09 07:42:59] [INFO] [DEBUG] Starting unload of ExtensionManager at 1767933779192
[26-01-09 07:42:59] [INFO] [DEBUG] ExtensionManager has been unloaded. (took 0ms)
[26-01-09 07:42:59] [INFO] [DEBUG] Starting unload of Teleport at 1767933779192
[26-01-09 07:42:59] [INFO] [DEBUG] Teleport has been unloaded. (took 0ms)
[26-01-09 07:42:59] [INFO] [DEBUG] Starting unload of RequestManager at 1767933779192
[26-01-09 07:42:59] [INFO] [DEBUG] RequestManager has been unloaded. (took 0ms)
[26-01-09 07:42:59] [INFO] [DEBUG] Starting unload of QueueSignManagerImpl at 1767933779193
[26-01-09 07:42:59] [INFO] [DEBUG] QueueSignManagerImpl has been unloaded. (took 0ms)
[26-01-09 07:42:59] [INFO] [DEBUG] Starting unload of QueueManager at 1767933779193
[26-01-09 07:42:59] [INFO] [DEBUG] QueueManager has been unloaded. (took 0ms)
[26-01-09 07:42:59] [INFO] [DEBUG] Starting unload of DuelManager at 1767933779193
[26-01-09 07:42:59] [INFO] [DEBUG] DuelManager has been unloaded. (took 0ms)
[26-01-09 07:42:59] [INFO] [DEBUG] Starting unload of InventoryManager at 1767933779193
[26-01-09 07:42:59] [INFO] [DEBUG] InventoryManager has been unloaded. (took 0ms)
[26-01-09 07:42:59] [INFO] [DEBUG] Starting unload of BettingManager at 1767933779193
[26-01-09 07:42:59] [INFO] [DEBUG] BettingManager has been unloaded. (took 0ms)
[26-01-09 07:42:59] [INFO] [DEBUG] Starting unload of SpectateManagerImpl at 1767933779193
[26-01-09 07:42:59] [INFO] [DEBUG] SpectateManagerImpl has been unloaded. (took 0ms)
[26-01-09 07:42:59] [INFO] [DEBUG] Starting unload of PlayerInfoManager at 1767933779193
[26-01-09 07:42:59] [INFO] [DEBUG] PlayerInfoManager has been unloaded. (took 0ms)
[26-01-09 07:42:59] [INFO] [DEBUG] Starting unload of SettingsManager at 1767933779193
[26-01-09 07:42:59] [INFO] [DEBUG] SettingsManager has been unloaded. (took 0ms)
[26-01-09 07:42:59] [INFO] [DEBUG] Starting unload of ArenaManagerImpl at 1767933779193
[26-01-09 07:42:59] [INFO] [DEBUG] ArenaManagerImpl has been unloaded. (took 0ms)
[26-01-09 07:42:59] [INFO] [DEBUG] Starting unload of KitManagerImpl at 1767933779193
[26-01-09 07:42:59] [INFO] [DEBUG] KitManagerImpl has been unloaded. (took 0ms)
[26-01-09 07:42:59] [INFO] [DEBUG] Starting unload of GuiListener at 1767933779193
[26-01-09 07:42:59] [INFO] [DEBUG] GuiListener has been unloaded. (took 1ms)
[26-01-09 07:42:59] [INFO] [DEBUG] Starting unload of UserManagerImpl at 1767933779194
[26-01-09 07:42:59] [INFO] [DEBUG] UserManagerImpl has been unloaded. (took 0ms)
[26-01-09 07:42:59] [INFO] [DEBUG] Starting unload of Lang at 1767933779194
[26-01-09 07:42:59] [INFO] [DEBUG] Lang has been unloaded. (took 1ms)
[26-01-09 07:42:59] [INFO] [DEBUG] Starting unload of Config at 1767933779195
[26-01-09 07:42:59] [INFO] [DEBUG] Config has been unloaded. (took 0ms)
[26-01-09 07:42:59] [INFO] [DEBUG] unload done (took 5ms)
[26-01-09 07:42:59] [INFO] [DEBUG] Log#clearSources done (took 0ms)
[26-01-09 07:44:07] [INFO] [DEBUG] onEnable start -> 1767933847107

[26-01-09 07:44:07] [INFO] Using Economy Provider: com.Zrips.Economy_CMI
[26-01-09 07:44:07] [INFO] [DEBUG] Starting load of Config at 1767933847153
[26-01-09 07:44:07] [INFO] [DEBUG] Config has been loaded. (took 14ms)
[26-01-09 07:44:07] [INFO] [DEBUG] Starting load of Lang at 1767933847167
[26-01-09 07:44:07] [INFO] [DEBUG] Lang has been loaded. (took 15ms)
[26-01-09 07:44:07] [INFO] [DEBUG] Starting load of UserManagerImpl at 1767933847184
[26-01-09 07:44:07] [INFO] [DEBUG] UserManagerImpl has been loaded. (took 0ms)
[26-01-09 07:44:07] [INFO] [DEBUG] Starting load of GuiListener at 1767933847184
[26-01-09 07:44:07] [INFO] [DEBUG] GuiListener has been loaded. (took 0ms)
[26-01-09 07:44:07] [INFO] [DEBUG] Starting load of KitManagerImpl at 1767933847184
[26-01-09 07:44:07] [INFO] KitManagerImpl: Loaded 0 kit(s).
[26-01-09 07:44:07] [INFO] [DEBUG] KitManagerImpl has been loaded. (took 5ms)
[26-01-09 07:44:07] [INFO] [DEBUG] Starting load of ArenaManagerImpl at 1767933847189
[26-01-09 07:44:07] [INFO] ArenaManagerImpl: Loaded 1 arena(s).
[26-01-09 07:44:07] [INFO] [DEBUG] ArenaManagerImpl has been loaded. (took 58ms)
[26-01-09 07:44:07] [INFO] [DEBUG] Starting load of SettingsManager at 1767933847247
[26-01-09 07:44:07] [INFO] [DEBUG] SettingsManager has been loaded. (took 0ms)
[26-01-09 07:44:07] [INFO] [DEBUG] Starting load of PlayerInfoManager at 1767933847247
[26-01-09 07:44:07] [INFO] [DEBUG] PlayerInfoManager has been loaded. (took 9ms)
[26-01-09 07:44:07] [INFO] [DEBUG] Starting load of SpectateManagerImpl at 1767933847257
[26-01-09 07:44:07] [INFO] [DEBUG] SpectateManagerImpl has been loaded. (took 0ms)
[26-01-09 07:44:07] [INFO] [DEBUG] Starting load of BettingManager at 1767933847257
[26-01-09 07:44:07] [INFO] [DEBUG] BettingManager has been loaded. (took 0ms)
[26-01-09 07:44:07] [INFO] [DEBUG] Starting load of InventoryManager at 1767933847257
[26-01-09 07:44:07] [INFO] [DEBUG] InventoryManager has been loaded. (took 0ms)
[26-01-09 07:44:07] [INFO] [DEBUG] Starting load of DuelManager at 1767933847257
[26-01-09 07:44:07] [INFO] [DEBUG] DuelManager has been loaded. (took 0ms)
[26-01-09 07:44:07] [INFO] [DEBUG] Starting load of QueueManager at 1767933847257
[26-01-09 07:44:07] [INFO] QueueManager: Loaded 0 queue(s).
[26-01-09 07:44:07] [INFO] [DEBUG] QueueManager has been loaded. (took 1ms)
[26-01-09 07:44:07] [INFO] [DEBUG] Starting load of QueueSignManagerImpl at 1767933847258
[26-01-09 07:44:07] [INFO] QueueSignManagerImpl: Loaded 0 queue sign(s).
[26-01-09 07:44:07] [INFO] [DEBUG] QueueSignManagerImpl has been loaded. (took 1ms)
[26-01-09 07:44:07] [INFO] [DEBUG] Starting load of RequestManager at 1767933847259
[26-01-09 07:44:07] [INFO] [DEBUG] RequestManager has been loaded. (took 0ms)
[26-01-09 07:44:07] [INFO] [DEBUG] Starting load of Teleport at 1767933847259
[26-01-09 07:44:07] [INFO] [DEBUG] Teleport has been loaded. (took 0ms)
[26-01-09 07:44:07] [INFO] [DEBUG] Starting load of ExtensionManager at 1767933847259
[26-01-09 07:44:07] [INFO] [DEBUG] ExtensionManager has been loaded. (took 1ms)
[26-01-09 07:47:44] [INFO] [DEBUG] onDisable start -> 1767934064537

[26-01-09 07:47:44] [INFO] [DEBUG] Starting unload of ExtensionManager at 1767934064538
[26-01-09 07:47:44] [INFO] [DEBUG] ExtensionManager has been unloaded. (took 0ms)
[26-01-09 07:47:44] [INFO] [DEBUG] Starting unload of Teleport at 1767934064539
[26-01-09 07:47:44] [INFO] [DEBUG] Teleport has been unloaded. (took 0ms)
[26-01-09 07:47:44] [INFO] [DEBUG] Starting unload of RequestManager at 1767934064539
[26-01-09 07:47:44] [INFO] [DEBUG] RequestManager has been unloaded. (took 0ms)
[26-01-09 07:47:44] [INFO] [DEBUG] Starting unload of QueueSignManagerImpl at 1767934064539
[26-01-09 07:47:44] [INFO] [DEBUG] QueueSignManagerImpl has been unloaded. (took 0ms)
[26-01-09 07:47:44] [INFO] [DEBUG] Starting unload of QueueManager at 1767934064539
[26-01-09 07:47:44] [INFO] [DEBUG] QueueManager has been unloaded. (took 0ms)
[26-01-09 07:47:44] [INFO] [DEBUG] Starting unload of DuelManager at 1767934064539
[26-01-09 07:47:44] [INFO] [DEBUG] DuelManager has been unloaded. (took 0ms)
[26-01-09 07:47:44] [INFO] [DEBUG] Starting unload of InventoryManager at 1767934064539
[26-01-09 07:47:44] [INFO] [DEBUG] InventoryManager has been unloaded. (took 0ms)
[26-01-09 07:47:44] [INFO] [DEBUG] Starting unload of BettingManager at 1767934064539
[26-01-09 07:47:44] [INFO] [DEBUG] BettingManager has been unloaded. (took 0ms)
[26-01-09 07:47:44] [INFO] [DEBUG] Starting unload of SpectateManagerImpl at 1767934064539
[26-01-09 07:47:44] [INFO] [DEBUG] SpectateManagerImpl has been unloaded. (took 0ms)
[26-01-09 07:47:44] [INFO] [DEBUG] Starting unload of PlayerInfoManager at 1767934064539
[26-01-09 07:47:44] [INFO] [DEBUG] PlayerInfoManager has been unloaded. (took 0ms)
[26-01-09 07:47:44] [INFO] [DEBUG] Starting unload of SettingsManager at 1767934064539
[26-01-09 07:47:44] [INFO] [DEBUG] SettingsManager has been unloaded. (took 0ms)
[26-01-09 07:47:44] [INFO] [DEBUG] Starting unload of ArenaManagerImpl at 1767934064539
[26-01-09 07:47:44] [INFO] [DEBUG] ArenaManagerImpl has been unloaded. (took 0ms)
[26-01-09 07:47:44] [INFO] [DEBUG] Starting unload of KitManagerImpl at 1767934064539
[26-01-09 07:47:44] [INFO] [DEBUG] KitManagerImpl has been unloaded. (took 0ms)
[26-01-09 07:47:44] [INFO] [DEBUG] Starting unload of GuiListener at 1767934064539
[26-01-09 07:47:44] [INFO] [DEBUG] GuiListener has been unloaded. (took 1ms)
[26-01-09 07:47:44] [INFO] [DEBUG] Starting unload of UserManagerImpl at 1767934064540
[26-01-09 07:47:44] [INFO] [DEBUG] UserManagerImpl has been unloaded. (took 12ms)
[26-01-09 07:47:44] [INFO] [DEBUG] Starting unload of Lang at 1767934064552
[26-01-09 07:47:44] [INFO] [DEBUG] Lang has been unloaded. (took 0ms)
[26-01-09 07:47:44] [INFO] [DEBUG] Starting unload of Config at 1767934064552
[26-01-09 07:47:44] [INFO] [DEBUG] Config has been unloaded. (took 0ms)
[26-01-09 07:47:44] [INFO] [DEBUG] unload done (took 15ms)
[26-01-09 07:47:44] [INFO] [DEBUG] Log#clearSources done (took 0ms)
[26-01-09 07:48:38] [INFO] [DEBUG] onEnable start -> 1767934118969

[26-01-09 07:48:38] [INFO] Using Economy Provider: com.Zrips.Economy_CMI
[26-01-09 07:48:39] [INFO] [DEBUG] Starting load of Config at 1767934119007
[26-01-09 07:48:39] [INFO] [DEBUG] Config has been loaded. (took 4ms)
[26-01-09 07:48:39] [INFO] [DEBUG] Starting load of Lang at 1767934119011
[26-01-09 07:48:39] [INFO] [DEBUG] Lang has been loaded. (took 7ms)
[26-01-09 07:48:39] [INFO] [DEBUG] Starting load of UserManagerImpl at 1767934119018
[26-01-09 07:48:39] [INFO] [DEBUG] UserManagerImpl has been loaded. (took 0ms)
[26-01-09 07:48:39] [INFO] [DEBUG] Starting load of GuiListener at 1767934119018
[26-01-09 07:48:39] [INFO] [DEBUG] GuiListener has been loaded. (took 0ms)
[26-01-09 07:48:39] [INFO] [DEBUG] Starting load of KitManagerImpl at 1767934119018
[26-01-09 07:48:39] [INFO] KitManagerImpl: Loaded 0 kit(s).
[26-01-09 07:48:39] [INFO] [DEBUG] KitManagerImpl has been loaded. (took 5ms)
[26-01-09 07:48:39] [INFO] [DEBUG] Starting load of ArenaManagerImpl at 1767934119024
[26-01-09 07:48:39] [INFO] ArenaManagerImpl: Loaded 1 arena(s).
[26-01-09 07:48:39] [INFO] [DEBUG] ArenaManagerImpl has been loaded. (took 44ms)
[26-01-09 07:48:39] [INFO] [DEBUG] Starting load of SettingsManager at 1767934119069
[26-01-09 07:48:39] [INFO] [DEBUG] SettingsManager has been loaded. (took 0ms)
[26-01-09 07:48:39] [INFO] [DEBUG] Starting load of PlayerInfoManager at 1767934119069
[26-01-09 07:48:39] [INFO] [DEBUG] PlayerInfoManager has been loaded. (took 0ms)
[26-01-09 07:48:39] [INFO] [DEBUG] Starting load of SpectateManagerImpl at 1767934119069
[26-01-09 07:48:39] [INFO] [DEBUG] SpectateManagerImpl has been loaded. (took 0ms)
[26-01-09 07:48:39] [INFO] [DEBUG] Starting load of BettingManager at 1767934119069
[26-01-09 07:48:39] [INFO] [DEBUG] BettingManager has been loaded. (took 0ms)
[26-01-09 07:48:39] [INFO] [DEBUG] Starting load of InventoryManager at 1767934119069
[26-01-09 07:48:39] [INFO] [DEBUG] InventoryManager has been loaded. (took 1ms)
[26-01-09 07:48:39] [INFO] [DEBUG] Starting load of DuelManager at 1767934119070
[26-01-09 07:48:39] [INFO] [DEBUG] DuelManager has been loaded. (took 0ms)
[26-01-09 07:48:39] [INFO] [DEBUG] Starting load of QueueManager at 1767934119070
[26-01-09 07:48:39] [INFO] QueueManager: Loaded 0 queue(s).
[26-01-09 07:48:39] [INFO] [DEBUG] QueueManager has been loaded. (took 0ms)
[26-01-09 07:48:39] [INFO] [DEBUG] Starting load of QueueSignManagerImpl at 1767934119070
[26-01-09 07:48:39] [INFO] QueueSignManagerImpl: Loaded 0 queue sign(s).
[26-01-09 07:48:39] [INFO] [DEBUG] QueueSignManagerImpl has been loaded. (took 1ms)
[26-01-09 07:48:39] [INFO] [DEBUG] Starting load of RequestManager at 1767934119071
[26-01-09 07:48:39] [INFO] [DEBUG] RequestManager has been loaded. (took 0ms)
[26-01-09 07:48:39] [INFO] [DEBUG] Starting load of Teleport at 1767934119071
[26-01-09 07:48:39] [INFO] [DEBUG] Teleport has been loaded. (took 0ms)
[26-01-09 07:48:39] [INFO] [DEBUG] Starting load of ExtensionManager at 1767934119071
[26-01-09 07:48:39] [INFO] [DEBUG] ExtensionManager has been loaded. (took 0ms)
[26-01-09 08:45:17] [INFO] [DEBUG] onEnable start -> 1767937517271

[26-01-09 08:45:17] [INFO] Using Economy Provider: com.Zrips.Economy_CMI
[26-01-09 08:45:17] [INFO] [DEBUG] Starting load of Config at 1767937517311
[26-01-09 08:45:17] [INFO] [DEBUG] Config has been loaded. (took 4ms)
[26-01-09 08:45:17] [INFO] [DEBUG] Starting load of Lang at 1767937517315
[26-01-09 08:45:17] [INFO] [DEBUG] Lang has been loaded. (took 9ms)
[26-01-09 08:45:17] [INFO] [DEBUG] Starting load of UserManagerImpl at 1767937517325
[26-01-09 08:45:17] [INFO] [DEBUG] UserManagerImpl has been loaded. (took 0ms)
[26-01-09 08:45:17] [INFO] [DEBUG] Starting load of GuiListener at 1767937517325
[26-01-09 08:45:17] [INFO] [DEBUG] GuiListener has been loaded. (took 0ms)
[26-01-09 08:45:17] [INFO] [DEBUG] Starting load of KitManagerImpl at 1767937517325
[26-01-09 08:45:17] [INFO] KitManagerImpl: Loaded 0 kit(s).
[26-01-09 08:45:17] [INFO] [DEBUG] KitManagerImpl has been loaded. (took 6ms)
[26-01-09 08:45:17] [INFO] [DEBUG] Starting load of ArenaManagerImpl at 1767937517331
[26-01-09 08:45:17] [INFO] ArenaManagerImpl: Loaded 1 arena(s).
[26-01-09 08:45:17] [INFO] [DEBUG] ArenaManagerImpl has been loaded. (took 54ms)
[26-01-09 08:45:17] [INFO] [DEBUG] Starting load of SettingsManager at 1767937517385
[26-01-09 08:45:17] [INFO] [DEBUG] SettingsManager has been loaded. (took 0ms)
[26-01-09 08:45:17] [INFO] [DEBUG] Starting load of PlayerInfoManager at 1767937517385
[26-01-09 08:45:17] [INFO] [DEBUG] PlayerInfoManager has been loaded. (took 0ms)
[26-01-09 08:45:17] [INFO] [DEBUG] Starting load of SpectateManagerImpl at 1767937517385
[26-01-09 08:45:17] [INFO] [DEBUG] SpectateManagerImpl has been loaded. (took 1ms)
[26-01-09 08:45:17] [INFO] [DEBUG] Starting load of BettingManager at 1767937517386
[26-01-09 08:45:17] [INFO] [DEBUG] BettingManager has been loaded. (took 0ms)
[26-01-09 08:45:17] [INFO] [DEBUG] Starting load of InventoryManager at 1767937517386
[26-01-09 08:45:17] [INFO] [DEBUG] InventoryManager has been loaded. (took 0ms)
[26-01-09 08:45:17] [INFO] [DEBUG] Starting load of DuelManager at 1767937517386
[26-01-09 08:45:17] [INFO] [DEBUG] DuelManager has been loaded. (took 0ms)
[26-01-09 08:45:17] [INFO] [DEBUG] Starting load of QueueManager at 1767937517386
[26-01-09 08:45:17] [INFO] QueueManager: Loaded 0 queue(s).
[26-01-09 08:45:17] [INFO] [DEBUG] QueueManager has been loaded. (took 1ms)
[26-01-09 08:45:17] [INFO] [DEBUG] Starting load of QueueSignManagerImpl at 1767937517387
[26-01-09 08:45:17] [INFO] QueueSignManagerImpl: Loaded 0 queue sign(s).
[26-01-09 08:45:17] [INFO] [DEBUG] QueueSignManagerImpl has been loaded. (took 0ms)
[26-01-09 08:45:17] [INFO] [DEBUG] Starting load of RequestManager at 1767937517387
[26-01-09 08:45:17] [INFO] [DEBUG] RequestManager has been loaded. (took 0ms)
[26-01-09 08:45:17] [INFO] [DEBUG] Starting load of Teleport at 1767937517387
[26-01-09 08:45:17] [INFO] [DEBUG] Teleport has been loaded. (took 0ms)
[26-01-09 08:45:17] [INFO] [DEBUG] Starting load of ExtensionManager at 1767937517388
[26-01-09 08:45:17] [INFO] [DEBUG] ExtensionManager has been loaded. (took 0ms)
[26-01-09 08:59:00] [INFO] [DEBUG] onEnable start -> 1767938340191

[26-01-09 08:59:00] [INFO] Using Economy Provider: com.Zrips.Economy_CMI
[26-01-09 08:59:00] [INFO] [DEBUG] Starting load of Config at 1767938340232
[26-01-09 08:59:00] [INFO] [DEBUG] Config has been loaded. (took 4ms)
[26-01-09 08:59:00] [INFO] [DEBUG] Starting load of Lang at 1767938340236
[26-01-09 08:59:00] [INFO] [DEBUG] Lang has been loaded. (took 7ms)
[26-01-09 08:59:00] [INFO] [DEBUG] Starting load of UserManagerImpl at 1767938340243
[26-01-09 08:59:00] [INFO] [DEBUG] UserManagerImpl has been loaded. (took 1ms)
[26-01-09 08:59:00] [INFO] [DEBUG] Starting load of GuiListener at 1767938340244
[26-01-09 08:59:00] [INFO] [DEBUG] GuiListener has been loaded. (took 0ms)
[26-01-09 08:59:00] [INFO] [DEBUG] Starting load of KitManagerImpl at 1767938340244
[26-01-09 08:59:00] [INFO] KitManagerImpl: Loaded 0 kit(s).
[26-01-09 08:59:00] [INFO] [DEBUG] KitManagerImpl has been loaded. (took 4ms)
[26-01-09 08:59:00] [INFO] [DEBUG] Starting load of ArenaManagerImpl at 1767938340248
[26-01-09 08:59:00] [INFO] ArenaManagerImpl: Loaded 1 arena(s).
[26-01-09 08:59:00] [INFO] [DEBUG] ArenaManagerImpl has been loaded. (took 54ms)
[26-01-09 08:59:00] [INFO] [DEBUG] Starting load of SettingsManager at 1767938340302
[26-01-09 08:59:00] [INFO] [DEBUG] SettingsManager has been loaded. (took 0ms)
[26-01-09 08:59:00] [INFO] [DEBUG] Starting load of PlayerInfoManager at 1767938340302
[26-01-09 08:59:00] [INFO] [DEBUG] PlayerInfoManager has been loaded. (took 0ms)
[26-01-09 08:59:00] [INFO] [DEBUG] Starting load of SpectateManagerImpl at 1767938340302
[26-01-09 08:59:00] [INFO] [DEBUG] SpectateManagerImpl has been loaded. (took 0ms)
[26-01-09 08:59:00] [INFO] [DEBUG] Starting load of BettingManager at 1767938340302
[26-01-09 08:59:00] [INFO] [DEBUG] BettingManager has been loaded. (took 0ms)
[26-01-09 08:59:00] [INFO] [DEBUG] Starting load of InventoryManager at 1767938340302
[26-01-09 08:59:00] [INFO] [DEBUG] InventoryManager has been loaded. (took 1ms)
[26-01-09 08:59:00] [INFO] [DEBUG] Starting load of DuelManager at 1767938340303
[26-01-09 08:59:00] [INFO] [DEBUG] DuelManager has been loaded. (took 0ms)
[26-01-09 08:59:00] [INFO] [DEBUG] Starting load of QueueManager at 1767938340303
[26-01-09 08:59:00] [INFO] QueueManager: Loaded 0 queue(s).
[26-01-09 08:59:00] [INFO] [DEBUG] QueueManager has been loaded. (took 0ms)
[26-01-09 08:59:00] [INFO] [DEBUG] Starting load of QueueSignManagerImpl at 1767938340303
[26-01-09 08:59:00] [INFO] QueueSignManagerImpl: Loaded 0 queue sign(s).
[26-01-09 08:59:00] [INFO] [DEBUG] QueueSignManagerImpl has been loaded. (took 1ms)
[26-01-09 08:59:00] [INFO] [DEBUG] Starting load of RequestManager at 1767938340304
[26-01-09 08:59:00] [INFO] [DEBUG] RequestManager has been loaded. (took 0ms)
[26-01-09 08:59:00] [INFO] [DEBUG] Starting load of Teleport at 1767938340304
[26-01-09 08:59:00] [INFO] [DEBUG] Teleport has been loaded. (took 0ms)
[26-01-09 08:59:00] [INFO] [DEBUG] Starting load of ExtensionManager at 1767938340304
[26-01-09 08:59:00] [INFO] [DEBUG] ExtensionManager has been loaded. (took 0ms)
