29.07.2024 - 13:55:00 - [TAB v4.1.5] Blocked attempt to add player Fenix4545 into team CMINP1 (expected team: CFenix4545A)
29.07.2024 - 15:22:30 - [TAB v4.1.5] Blocked attempt to add player Fenix4545 into team CMINP1 (expected team: CFenix4545A)
29.07.2024 - 15:28:10 - [TAB v4.1.5] Blocked attempt to add player Fenix4545 into team CMINP1 (expected team: BFenix4545A)
29.07.2024 - 16:01:23 - [TAB v4.1.5] Blocked attempt to add player Fenix4545 into team CMINP1 (expected team: CFenix4545A)
29.07.2024 - 16:07:25 - [TAB v4.1.5] Blocked attempt to add player Fenix4545 into team CMINP1 (expected team: CFenix4545A)
29.07.2024 - 16:29:28 - [TAB v4.1.5] Blocked attempt to add player Fenix4545 into team CMINP1 (expected team: AFenix4545A)
04.08.2024 - 13:26:08 - [TAB v4.1.5] Blocked attempt to add player Fenix4545 into team CMINP0 (expected team: AFenix4545A)
04.08.2024 - 13:38:27 - [TAB v4.1.5] Blocked attempt to add player Fenix4545 into team CMINP1 (expected team: CFenix4545A)
04.08.2024 - 13:43:41 - [TAB v4.1.5] Blocked attempt to add player Fenix4545 into team CMINP1 (expected team: CFenix4545A)
08.08.2024 - 15:10:54 - [TAB v4.1.5] Blocked attempt to add player Fenix4545 into team CMINP0 (expected team: CFenix4545A)
08.08.2024 - 15:20:31 - [TAB v4.1.5] Blocked attempt to add player Fenix4545 into team CMINP1 (expected team: CFenix4545A)
08.08.2024 - 15:23:28 - [TAB v4.1.5] Blocked attempt to add player Fenix4545 into team CMINP1 (expected team: CFenix4545A)
08.08.2024 - 16:16:44 - [TAB v4.1.5] Blocked attempt to add player Fenix4545 into team CMINP1 (expected team: CFenix4545A)
08.08.2024 - 16:23:14 - [TAB v4.1.5] Blocked attempt to add player Fenix4545 into team CMINP1 (expected team: CFenix4545A)
08.08.2024 - 16:32:36 - [TAB v4.1.5] Blocked attempt to add player Fenix4545 into team CMINP1 (expected team: CFenix4545A)
08.08.2024 - 16:41:12 - [TAB v4.1.5] Blocked attempt to add player Fenix4545 into team CMINP1 (expected team: CFenix4545A)
08.08.2024 - 16:51:59 - [TAB v4.1.5] Blocked attempt to add player Fenix4545 into team CMINP1 (expected team: CFenix4545A)
08.08.2024 - 16:56:19 - [TAB v4.1.5] Blocked attempt to add player Fenix4545 into team CMINP1 (expected team: CFenix4545A)
08.08.2024 - 17:00:26 - [TAB v4.1.5] Blocked attempt to add player Fenix4545 into team CMINP1 (expected team: CFenix4545A)
08.08.2024 - 17:16:57 - [TAB v4.1.5] Blocked attempt to add player Fenix4545 into team CMINP1 (expected team: CFenix4545A)
08.08.2024 - 17:19:00 - [TAB v4.1.5] Blocked attempt to add player Fenix4545 into team CMINP1 (expected team: CFenix4545A)
08.08.2024 - 17:21:41 - [TAB v4.1.5] Blocked attempt to add player Fenix4545 into team CMINP1 (expected team: CFenix4545A)
09.08.2024 - 15:31:44 - [TAB v4.1.5] Blocked attempt to add player Fenix4545 into team CMINP0 (expected team: CFenix4545A)
09.08.2024 - 15:47:14 - [TAB v4.1.5] Blocked attempt to add player Fenix4545 into team CMINP1 (expected team: CFenix4545A)
09.08.2024 - 15:52:12 - [TAB v4.1.5] Blocked attempt to add player Fenix4545 into team CMINP1 (expected team: CFenix4545A)
09.08.2024 - 15:55:53 - [TAB v4.1.5] Blocked attempt to add player Fenix4545 into team CMINP1 (expected team: CFenix4545A)
12.08.2024 - 16:37:07 - [TAB v4.1.5] Blocked attempt to add player Fenix4545 into team CMINP0 (expected team: CFenix4545A)
12.08.2024 - 17:06:03 - [TAB v4.1.5] Blocked attempt to add player Fenix4545 into team CMINP1 (expected team: CFenix4545A)
21.09.2024 - 14:12:17 - [TAB v4.1.5] Blocked attempt to add player Fenix4545 into team CMINP0 (expected team: CFenix4545A)
21.09.2024 - 14:57:59 - [TAB v4.1.5] Blocked attempt to add player Fenix4545 into team CMINP1 (expected team: 0Fenix4545A)
21.09.2024 - 15:04:24 - [TAB v4.1.5] Blocked attempt to add player Fenix4545 into team CMINP1 (expected team: 0Fenix4545A)
21.09.2024 - 15:07:25 - [TAB v4.1.5] Blocked attempt to add player Fenix4545 into team CMINP1 (expected team: 0Fenix4545A)
21.09.2024 - 15:16:18 - [TAB v4.1.5] Blocked attempt to add player Fenix4545 into team CMINP1 (expected team: 0Fenix4545A)
21.09.2024 - 15:33:33 - [TAB v4.1.5] Blocked attempt to add player Fenix4545 into team CMINP1 (expected team: 0Fenix4545A)
21.09.2024 - 15:35:31 - [TAB v4.1.5] Blocked attempt to add player Fenix4545 into team CMINP1 (expected team: 0Fenix4545A)
22.09.2024 - 15:06:23 - [TAB v4.1.5] Blocked attempt to add player Fenix4545 into team CMINP1 (expected team: 0Fenix4545A)
22.09.2024 - 15:25:31 - [TAB v4.1.5] Blocked attempt to add player Fenix4545 into team CMINP1 (expected team: 0Fenix4545A)
22.09.2024 - 16:10:37 - [TAB v4.1.5] Blocked attempt to add player Fenix4545 into team CMINP1 (expected team: 0Fenix4545A)
22.09.2024 - 16:49:49 - [TAB v4.1.5] Blocked attempt to add player Fenix4545 into team CMINP1 (expected team: 0Fenix4545A)
22.09.2024 - 16:56:31 - [TAB v4.1.5] Blocked attempt to add player Fenix4545 into team CMINP1 (expected team: CFenix4545A)
22.09.2024 - 17:05:37 - [TAB v4.1.5] Blocked attempt to add player Fenix4545 into team CMINP1 (expected team: CFenix4545A)
22.09.2024 - 17:07:00 - [TAB v4.1.5] Blocked attempt to add player Fenix4545 into team CMINP1 (expected team: 0Fenix4545A)
22.09.2024 - 17:10:35 - [TAB v4.1.5] Blocked attempt to add player Fenix4545 into team CMINP1 (expected team: 0Fenix4545A)
22.09.2024 - 17:15:26 - [TAB v4.1.5] Blocked attempt to add player Fenix4545 into team CMINP1 (expected team: 0Fenix4545A)
28.09.2024 - 14:10:40 - [TAB v4.1.5] Blocked attempt to add player Fenix4545 into team CMINP1 (expected team: 0Fenix4545A)
28.09.2024 - 14:17:17 - [TAB v4.1.5] Blocked attempt to add player Fenix4545 into team CMINP1 (expected team: 0Fenix4545A)
28.09.2024 - 14:36:00 - [TAB v4.1.5] Blocked attempt to add player Fenix4545 into team CMINP1 (expected team: 0Fenix4545A)
14.10.2024 - 16:34:15 - [TAB v4.1.5] Blocked attempt to add player Fenix4545 into team CMINP0 (expected team: CFenix4545A)
14.10.2024 - 17:12:19 - [TAB v4.1.5] Blocked attempt to add player Fenix4545 into team CMINP1 (expected team: CFenix4545A)
07.12.2024 - 17:14:46 - [TAB v4.1.5] Blocked attempt to add player Fenix4545 into team CMINP0 (expected team: CFenix4545A)
07.12.2024 - 17:22:11 - [TAB v4.1.5] Blocked attempt to add player Fenix4545 into team CMINP1 (expected team: CFenix4545A)
07.12.2024 - 17:30:46 - [TAB v4.1.5] Blocked attempt to add player Fenix4545 into team CMINP1 (expected team: CFenix4545A)
07.12.2024 - 17:48:10 - [TAB v4.1.5] Blocked attempt to add player Fenix4545 into team CMINP1 (expected team: 0Fenix4545A)
07.12.2024 - 17:51:36 - [TAB v4.1.5] Blocked attempt to add player Fenix4545 into team CMINP1 (expected team: 0Fenix4545A)
07.12.2024 - 18:47:42 - [TAB v4.1.5] Blocked attempt to add player Fenix4545 into team CMINP1 (expected team: 0Fenix4545A)
08.12.2024 - 15:48:31 - [TAB v4.1.5] Blocked attempt to add player Fenix4545 into team CMINP0 (expected team: CFenix4545A)
10.12.2024 - 16:03:15 - [TAB v4.1.5] Blocked attempt to add player Fenix4545 into team CMINP0 (expected team: CFenix4545A)
10.12.2024 - 16:07:28 - [TAB v4.1.5] Blocked attempt to add player Fenix4545 into team CMINP1 (expected team: CFenix4545A)
10.12.2024 - 16:10:18 - [TAB v4.1.5] Blocked attempt to add player Fenix4545 into team CMINP1 (expected team: CFenix4545A)
10.12.2024 - 16:22:04 - [TAB v4.1.5] Blocked attempt to add player Fenix4545 into team CMINP1 (expected team: CFenix4545A)
10.12.2024 - 16:33:45 - [TAB v4.1.5] Blocked attempt to add player Fenix4545 into team CMINP1 (expected team: CFenix4545A)
10.12.2024 - 16:38:08 - [TAB v4.1.5] Blocked attempt to add player Fenix4545 into team CMINP1 (expected team: CFenix4545A)
07.01.2025 - 15:44:29 - [TAB v4.1.5] Blocked attempt to add player Fenix4545 into team CMINP0 (expected team: CFenix4545A)
07.01.2025 - 15:48:00 - [TAB v4.1.5] Blocked attempt to add player Fenix4 into team CMINP0 (expected team: CFenix4A)
07.01.2025 - 15:48:44 - [TAB v4.1.5] Blocked attempt to add player Fenix4545 into team CMINP0 (expected team: CFenix4545A)
01.02.2025 - 17:01:31 - [TAB v4.1.5] Blocked attempt to add player Fenix4545 into team CMINP0 (expected team: CFenix4545A)
01.02.2025 - 17:04:46 - [TAB v4.1.5] Blocked attempt to add player Fenix4 into team CMINP0 (expected team: CFenix4A)
01.02.2025 - 17:05:06 - [TAB v4.1.5] Blocked attempt to add player Fenix4545 into team CMINP0 (expected team: CFenix4545A)
01.02.2025 - 17:52:31 - [TAB v4.1.5] Blocked attempt to add player Fenix4545 into team CMINP1 (expected team: CFenix4545A)
16.02.2025 - 13:28:37 - [TAB v4.1.5] Blocked attempt to add player Fenix4545 into team CMINP0 (expected team: CFenix4545A)
16.02.2025 - 14:07:30 - [TAB v4.1.5] Blocked attempt to add player Fenix4545 into team CMINP1 (expected team: CFenix4545A)
16.02.2025 - 14:16:31 - [TAB v4.1.5] Blocked attempt to add player Fenix4545 into team CMINP1 (expected team: CFenix4545A)
16.02.2025 - 14:20:00 - [TAB v4.1.5] Blocked attempt to add player Fenix4545 into team CMINP1 (expected team: CFenix4545A)
16.02.2025 - 14:25:13 - [TAB v4.1.5] Blocked attempt to add player Fenix4545 into team CMINP1 (expected team: CFenix4545A)
16.02.2025 - 14:31:08 - [TAB v4.1.5] Blocked attempt to add player Fenix4545 into team CMINP1 (expected team: CFenix4545A)
16.02.2025 - 14:34:15 - [TAB v4.1.5] Blocked attempt to add player Fenix4545 into team CMINP1 (expected team: CFenix4545A)
16.02.2025 - 14:37:46 - [TAB v4.1.5] Blocked attempt to add player Fenix4545 into team CMINP1 (expected team: CFenix4545A)
16.02.2025 - 14:41:03 - [TAB v4.1.5] Blocked attempt to add player Fenix4545 into team CMINP1 (expected team: CFenix4545A)
16.02.2025 - 14:50:14 - [TAB v4.1.5] Blocked attempt to add player Fenix4545 into team CMINP1 (expected team: CFenix4545A)
16.02.2025 - 15:15:33 - [TAB v4.1.5] Blocked attempt to add player Fenix4545 into team CMINP0 (expected team: CFenix4545A)
17.02.2025 - 17:35:56 - [TAB v4.1.5] Blocked attempt to add player Fenix4545 into team CMINP0 (expected team: CFenix4545A)
15.03.2025 - 13:06:30 - [TAB v4.1.5] Blocked attempt to add player Fenix4545 into team CMINP0 (expected team: CFenix4545A)
15.03.2025 - 13:30:22 - [TAB v4.1.5] Blocked attempt to add player Fenix4545 into team CMINP1 (expected team: CFenix4545A)
15.03.2025 - 13:37:31 - [TAB v4.1.5] Blocked attempt to add player Fenix4545 into team CMINP1 (expected team: CFenix4545A)
15.03.2025 - 13:40:23 - [TAB v4.1.5] Blocked attempt to add player Fenix4545 into team CMINP1 (expected team: CFenix4545A)
22.03.2025 - 16:01:35 - [TAB v4.1.5] Blocked attempt to add player Fenix4545 into team CMINP0 (expected team: CFenix4545A)
05.04.2025 - 15:57:50 - [TAB v4.1.5] Blocked attempt to add player Fenix4545 into team CMINP0 (expected team: CFenix4545A)
05.04.2025 - 16:17:47 - [TAB v4.1.5] Blocked attempt to add player Fenix4545 into team CMINP0 (expected team: 0Fenix4545A)
05.04.2025 - 16:25:01 - [TAB v4.1.5] Blocked attempt to add player Fenix4545 into team CMINP1 (expected team: 0Fenix4545A)
05.04.2025 - 16:27:42 - [TAB v4.1.5] Blocked attempt to add player Fenix4545 into team CMINP1 (expected team: 0Fenix4545A)
06.04.2025 - 15:32:22 - [TAB v4.1.5] Blocked attempt to add player Fenix4545 into team CMINP1 (expected team: 0Fenix4545A)
06.04.2025 - 16:01:34 - [TAB v4.1.5] Blocked attempt to add player Fenix4545 into team CMINP1 (expected team: 0Fenix4545A)
06.04.2025 - 16:24:35 - [TAB v4.1.5] Blocked attempt to add player Fenix4545 into team CMINP1 (expected team: 0Fenix4545A)
06.04.2025 - 17:01:00 - [TAB v4.1.5] Blocked attempt to add player Fenix4545 into team CMINP1 (expected team: 0Fenix4545A)
13.04.2025 - 15:46:30 - [TAB v4.1.5] Blocked attempt to add player Fenix4545 into team CMINP0 (expected team: CFenix4545A)
13.04.2025 - 15:55:31 - [TAB v4.1.5] Blocked attempt to add player Fenix4545 into team CMINP0 (expected team: 0Fenix4545A)
13.04.2025 - 16:13:21 - [TAB v4.1.5] Blocked attempt to add player Fenix4545 into team CMINP1 (expected team: CFenix4545A)
26.04.2025 - 14:17:22 - [TAB v4.1.5] Blocked attempt to add player Fenix4545 into team CMINP0 (expected team: CFenix4545A)
26.04.2025 - 14:21:09 - [TAB v4.1.5] Blocked attempt to add player Fenix4545 into team CMINP0 (expected team: 0Fenix4545A)
26.04.2025 - 14:29:00 - [TAB v4.1.5] Blocked attempt to add player Fenix4545 into team CMINP1 (expected team: 0Fenix4545A)
26.04.2025 - 14:49:22 - [TAB v4.1.5] Blocked attempt to add player Fenix4545 into team CMINP1 (expected team: 0Fenix4545A)
11.05.2025 - 15:27:27 - [TAB v4.1.5] Blocked attempt to add player Fenix4545 into team CMINP0 (expected team: CFenix4545A)
17.05.2025 - 12:15:33 - [TAB v4.1.5] Blocked attempt to add player Fenix4545 into team CMINP0 (expected team: CFenix4545A)
31.05.2025 - 12:29:40 - [TAB v4.1.5] Blocked attempt to add player Fenix4545 into team CMINP0 (expected team: CFenix4545A)
31.05.2025 - 12:31:32 - [TAB v4.1.5] Blocked attempt to add player Fenix4545 into team CMINP1 (expected team: CFenix4545A)
31.05.2025 - 12:33:09 - [TAB v4.1.5] Blocked attempt to add player Fenix4545 into team CMINP1 (expected team: CFenix4545A)
08.06.2025 - 15:29:17 - [TAB v4.1.5] Blocked attempt to add player Fenix4545 into team CMINP0 (expected team: CFenix4545A)
08.06.2025 - 15:36:18 - [TAB v4.1.5] Blocked attempt to add player Fenix4545 into team CMINP0 (expected team: CFenix4545A)
15.07.2025 - 13:47:28 - [TAB v4.1.5] Blocked attempt to add player Fenix4545 into team CMINP0 (expected team: CFenix4545A)
15.07.2025 - 13:51:21 - [TAB v4.1.5] Blocked attempt to add player Fenix4545 into team CMINP0 (expected team: 0Fenix4545A)
15.07.2025 - 14:14:01 - [TAB v4.1.5] Blocked attempt to add player Fenix4545 into team CMINP1 (expected team: 0Fenix4545A)
18.10.2025 - 17:38:05 - [TAB v4.1.5] Blocked attempt to add player Fenix4545 into team CMINP0 (expected team: CFenix4545A)
22.10.2025 - 21:59:15 - [TAB v4.1.5] Blocked attempt to add player Fenix4545 into team CMINP1 (expected team: CFenix4545A)
23.10.2025 - 19:20:09 - [TAB v4.1.5] Blocked attempt to add player Fenix4545 into team CMINP1 (expected team: >Fenix4545A)
23.10.2025 - 19:33:08 - [TAB v4.1.5] Blocked attempt to add player Fenix4545 into team CMINP1 (expected team: >Fenix4545A)
23.10.2025 - 19:56:19 - [TAB v4.1.5] Blocked attempt to add player Fenix4545 into team CMINP1 (expected team: >Fenix4545A)
23.10.2025 - 20:03:20 - [TAB v4.1.5] Blocked attempt to add player Fenix4545 into team CMINP1 (expected team: >Fenix4545A)
23.10.2025 - 20:19:44 - [TAB v4.1.5] Blocked attempt to add player Fenix4545 into team CMINP1 (expected team: >Fenix4545A)
23.10.2025 - 20:42:47 - [TAB v4.1.5] Blocked attempt to add player Fenix4545 into team CMINP1 (expected team: >Fenix4545A)
23.10.2025 - 21:19:27 - [TAB v4.1.5] Blocked attempt to add player Fenix4545 into team CMINP1 (expected team: BFenix4545A)
23.10.2025 - 21:24:17 - [TAB v4.1.5] Blocked attempt to add player Funtik into team CMINP0 (expected team: CFuntikA)
23.10.2025 - 21:25:55 - [TAB v4.1.5] Blocked attempt to add player Fenix4545 into team CMINP1 (expected team: BFenix4545A)
23.10.2025 - 21:51:35 - [TAB v4.1.5] Blocked attempt to add player Fenix4545 into team CMINP1 (expected team: BFenix4545A)
23.10.2025 - 22:09:14 - [TAB v4.1.5] Blocked attempt to add player Fenix4545 into team CMINP1 (expected team: BFenix4545A)
25.10.2025 - 12:40:08 - [TAB v4.1.5] Blocked attempt to add player Fenix4545 into team CMINP1 (expected team: BFenix4545A)
25.10.2025 - 13:28:31 - [TAB v4.1.5] Blocked attempt to add player Fenix4545 into team CMINP1 (expected team: BFenix4545A)
25.10.2025 - 13:34:56 - [TAB v4.1.5] Blocked attempt to add player Fenix4545 into team CMINP1 (expected team: BFenix4545A)
25.10.2025 - 14:17:36 - [TAB v4.1.5] Blocked attempt to add player Fenix4545 into team CMINP1 (expected team: BFenix4545A)
25.10.2025 - 14:28:24 - [TAB v4.1.5] Blocked attempt to add player Fenix4545 into team CMINP1 (expected team: BFenix4545A)
25.10.2025 - 15:01:48 - [TAB v4.1.5] Blocked attempt to add player Fenix4545 into team CMINP1 (expected team: BFenix4545A)
25.10.2025 - 15:06:11 - [TAB v4.1.5] Blocked attempt to add player Fenix4545 into team CMINP1 (expected team: BFenix4545A)
25.10.2025 - 15:10:58 - [TAB v4.1.5] Blocked attempt to add player Fenix4545 into team CMINP1 (expected team: BFenix4545A)
25.10.2025 - 15:47:16 - [TAB v4.1.5] Blocked attempt to add player Fenix4545 into team CMINP1 (expected team: BFenix4545A)
25.10.2025 - 15:56:14 - [TAB v4.1.5] Blocked attempt to add player Fenix4545 into team CMINP1 (expected team: BFenix4545A)
25.10.2025 - 15:59:54 - [TAB v4.1.5] Blocked attempt to add player Fenix4545 into team CMINP1 (expected team: BFenix4545A)
25.10.2025 - 16:33:29 - [TAB v4.1.5] Blocked attempt to add player Fenix4545 into team CMINP1 (expected team: BFenix4545A)
26.10.2025 - 13:22:44 - [TAB v4.1.5] Blocked attempt to add player Fenix4545 into team CMINP0 (expected team: CFenix4545A)
26.10.2025 - 13:28:01 - [TAB v4.1.5] Blocked attempt to add player Fenix4545 into team CMINP1 (expected team: CFenix4545A)
26.10.2025 - 14:01:05 - [TAB v4.1.5] Blocked attempt to add player Fenix4545 into team CMINP1 (expected team: CFenix4545A)
26.10.2025 - 14:07:19 - [TAB v4.1.5] Blocked attempt to add player Fenix4545 into team CMINP1 (expected team: CFenix4545A)
26.10.2025 - 14:10:59 - [TAB v4.1.5] Blocked attempt to add player Fenix4545 into team CMINP1 (expected team: CFenix4545A)
26.10.2025 - 14:13:55 - [TAB v4.1.5] Blocked attempt to add player Fenix4545 into team CMINP1 (expected team: CFenix4545A)
26.10.2025 - 14:16:57 - [TAB v4.1.5] Blocked attempt to add player Fenix4545 into team CMINP1 (expected team: CFenix4545A)
26.10.2025 - 14:19:42 - [TAB v4.1.5] Blocked attempt to add player Fenix4545 into team CMINP1 (expected team: CFenix4545A)
26.10.2025 - 14:23:08 - [TAB v4.1.5] Blocked attempt to add player Fenix4545 into team CMINP1 (expected team: CFenix4545A)
26.10.2025 - 14:27:04 - [TAB v4.1.5] Blocked attempt to add player Fenix4545 into team CMINP1 (expected team: CFenix4545A)
26.10.2025 - 14:28:23 - [TAB v4.1.5] Blocked attempt to add player Fenix4545 into team CMINP1 (expected team: 0Fenix4545A)
26.10.2025 - 14:47:48 - [TAB v4.1.5] Blocked attempt to add player Fenix4545 into team CMINP1 (expected team: 0Fenix4545A)
26.10.2025 - 14:57:39 - [TAB v4.1.5] Blocked attempt to add player Fenix4545 into team CMINP1 (expected team: 0Fenix4545A)
26.10.2025 - 15:16:57 - [TAB v4.1.5] Blocked attempt to add player Fenix4545 into team CMINP1 (expected team: 0Fenix4545A)
26.10.2025 - 21:22:01 - [TAB v4.1.5] Blocked attempt to add player Fenix4545 into team CMINP1 (expected team: 0Fenix4545A)
16.11.2025 - 15:38:31 - [TAB v4.1.5] Blocked attempt to add player Fenix4545 into team CMINP1 (expected team: CFenix4545A)
17.11.2025 - 17:38:28 - [TAB v4.1.5] Blocked attempt to add player Fenix4545 into team CMINP1 (expected team: CFenix4545A)
17.11.2025 - 17:43:49 - [TAB v4.1.5] Blocked attempt to add player Fenix4545 into team CMINP1 (expected team: CFenix4545A)
17.11.2025 - 18:30:49 - [TAB v4.1.5] Blocked attempt to add player Fenix4545 into team CMINP1 (expected team: CFenix4545A)
18.11.2025 - 13:18:56 - [TAB v4.1.5] Blocked attempt to add player Fenix4545 into team CMINP1 (expected team: CFenix4545A)
08.01.2026 - 03:13:29 - [TAB v5.3.2] Blocked attempt to add player for_users into team CMINP1 (expected team: 8for_usersA). Source of the team: CMI. To fix this, set "DisableTeamManagement: true" in "plugins/CMI/config.yml".
08.01.2026 - 06:48:11 - [TAB v5.3.2] Blocked attempt to add player for_users into team CMINP1 (expected team: 8for_usersA). Source of the team: CMI. To fix this, set "DisableTeamManagement: true" in "plugins/CMI/config.yml".
08.01.2026 - 08:17:43 - [TAB v5.3.2] Blocked attempt to add player for_users into team CMINP1 (expected team: 0for_usersA). Source of the team: CMI. To fix this, set "DisableTeamManagement: true" in "plugins/CMI/config.yml".
08.01.2026 - 08:30:11 - [TAB v5.3.2] Blocked attempt to add player for_userstest into team CMINP0 (expected team: Cfor_userstestA). Source of the team: CMI. To fix this, set "DisableTeamManagement: true" in "plugins/CMI/config.yml".
09.01.2026 - 04:43:05 - [TAB v5.3.2] Blocked attempt to add player for_users into team CMINP1 (expected team: Cfor_usersA). Source of the team: CMI. To fix this, set "DisableTeamManagement: true" in "plugins/CMI/config.yml".
09.01.2026 - 07:14:36 - [TAB v5.3.2] Blocked attempt to add player for_users into team CMINP1 (expected team: 8for_usersA). Source of the team: CMI. To fix this, set "DisableTeamManagement: true" in "plugins/CMI/config.yml".
09.01.2026 - 07:44:20 - [TAB v5.3.2] Blocked attempt to add player for_users into team CMINP1 (expected team: 8for_usersA). Source of the team: CMI. To fix this, set "DisableTeamManagement: true" in "plugins/CMI/config.yml".
09.01.2026 - 07:48:57 - [TAB v5.3.2] Blocked attempt to add player for_users into team CMINP1 (expected team: 8for_usersA). Source of the team: CMI. To fix this, set "DisableTeamManagement: true" in "plugins/CMI/config.yml".
09.01.2026 - 08:52:46 - [TAB v5.3.2] Blocked attempt to add player for_users into team CMINP1 (expected team: 8for_usersA). Source of the team: CMI. To fix this, set "DisableTeamManagement: true" in "plugins/CMI/config.yml".
09.01.2026 - 08:59:11 - [TAB v5.3.2] Blocked attempt to add player for_users into team CMINP1 (expected team: 8for_usersA). Source of the team: CMI. To fix this, set "DisableTeamManagement: true" in "plugins/CMI/config.yml".
